Component: ARM Compiler 5.06 update 7 (build 960) Tool: armlink [4d3601]

==============================================================================

Section Cross References

    led.o(i.LED1_Off) refers to stm32f10x_gpio.o(i.GPIO_SetBits) for GPIO_SetBits
    led.o(i.LED1_On) refers to stm32f10x_gpio.o(i.GPIO_ResetBits) for GPIO_ResetBits
    led.o(i.LED1_Turn) refers to stm32f10x_gpio.o(i.GPIO_ReadOutputDataBit) for GPIO_ReadOutputDataBit
    led.o(i.LED1_Turn) refers to stm32f10x_gpio.o(i.GPIO_SetBits) for GPIO_SetBits
    led.o(i.LED1_Turn) refers to stm32f10x_gpio.o(i.GPIO_ResetBits) for GPIO_ResetBits
    led.o(i.LED2_Off) refers to stm32f10x_gpio.o(i.GPIO_SetBits) for GPIO_SetBits
    led.o(i.LED2_On) refers to stm32f10x_gpio.o(i.GPIO_ResetBits) for GPIO_ResetBits
    led.o(i.LED2_Turn) refers to stm32f10x_gpio.o(i.GPIO_ReadOutputDataBit) for GPIO_ReadOutputDataBit
    led.o(i.LED2_Turn) refers to stm32f10x_gpio.o(i.GPIO_SetBits) for GPIO_SetBits
    led.o(i.LED2_Turn) refers to stm32f10x_gpio.o(i.GPIO_ResetBits) for GPIO_ResetBits
    led.o(i.LED_Init) refers to stm32f10x_rcc.o(i.RCC_APB2PeriphClockCmd) for RCC_APB2PeriphClockCmd
    led.o(i.LED_Init) refers to stm32f10x_gpio.o(i.GPIO_Init) for GPIO_Init
    led.o(i.LED_Init) refers to stm32f10x_gpio.o(i.GPIO_SetBits) for GPIO_SetBits
    key.o(i.Key_GetNum) refers to stm32f10x_gpio.o(i.GPIO_ReadInputDataBit) for GPIO_ReadInputDataBit
    key.o(i.Key_GetNum) refers to delay.o(i.Delay_ms) for Delay_ms
    key.o(i.Key_Init) refers to stm32f10x_rcc.o(i.RCC_APB2PeriphClockCmd) for RCC_APB2PeriphClockCmd
    key.o(i.Key_Init) refers to stm32f10x_gpio.o(i.GPIO_Init) for GPIO_Init
    oled.o(i.OLED_Clear) refers to oled.o(i.OLED_SetCursor) for OLED_SetCursor
    oled.o(i.OLED_Clear) refers to oled.o(i.OLED_WriteData) for OLED_WriteData
    oled.o(i.OLED_I2C_Init) refers to stm32f10x_rcc.o(i.RCC_APB2PeriphClockCmd) for RCC_APB2PeriphClockCmd
    oled.o(i.OLED_I2C_Init) refers to stm32f10x_gpio.o(i.GPIO_Init) for GPIO_Init
    oled.o(i.OLED_I2C_Init) refers to stm32f10x_gpio.o(i.GPIO_WriteBit) for GPIO_WriteBit
    oled.o(i.OLED_I2C_SendByte) refers to stm32f10x_gpio.o(i.GPIO_WriteBit) for GPIO_WriteBit
    oled.o(i.OLED_I2C_Start) refers to stm32f10x_gpio.o(i.GPIO_WriteBit) for GPIO_WriteBit
    oled.o(i.OLED_I2C_Stop) refers to stm32f10x_gpio.o(i.GPIO_WriteBit) for GPIO_WriteBit
    oled.o(i.OLED_Init) refers to oled.o(i.OLED_I2C_Init) for OLED_I2C_Init
    oled.o(i.OLED_Init) refers to oled.o(i.OLED_WriteCommand) for OLED_WriteCommand
    oled.o(i.OLED_Init) refers to oled.o(i.OLED_Clear) for OLED_Clear
    oled.o(i.OLED_SetCursor) refers to oled.o(i.OLED_WriteCommand) for OLED_WriteCommand
    oled.o(i.OLED_ShowBinNum) refers to oled.o(i.OLED_Pow) for OLED_Pow
    oled.o(i.OLED_ShowBinNum) refers to oled.o(i.OLED_ShowChar) for OLED_ShowChar
    oled.o(i.OLED_ShowChar) refers to oled.o(i.OLED_SetCursor) for OLED_SetCursor
    oled.o(i.OLED_ShowChar) refers to oled.o(i.OLED_WriteData) for OLED_WriteData
    oled.o(i.OLED_ShowChar) refers to oled.o(.constdata) for OLED_F8x16
    oled.o(i.OLED_ShowHexNum) refers to oled.o(i.OLED_Pow) for OLED_Pow
    oled.o(i.OLED_ShowHexNum) refers to oled.o(i.OLED_ShowChar) for OLED_ShowChar
    oled.o(i.OLED_ShowNum) refers to oled.o(i.OLED_Pow) for OLED_Pow
    oled.o(i.OLED_ShowNum) refers to oled.o(i.OLED_ShowChar) for OLED_ShowChar
    oled.o(i.OLED_ShowSignedNum) refers to oled.o(i.OLED_ShowChar) for OLED_ShowChar
    oled.o(i.OLED_ShowSignedNum) refers to oled.o(i.OLED_Pow) for OLED_Pow
    oled.o(i.OLED_ShowString) refers to oled.o(i.OLED_ShowChar) for OLED_ShowChar
    oled.o(i.OLED_WriteCommand) refers to oled.o(i.OLED_I2C_Start) for OLED_I2C_Start
    oled.o(i.OLED_WriteCommand) refers to oled.o(i.OLED_I2C_SendByte) for OLED_I2C_SendByte
    oled.o(i.OLED_WriteCommand) refers to oled.o(i.OLED_I2C_Stop) for OLED_I2C_Stop
    oled.o(i.OLED_WriteData) refers to oled.o(i.OLED_I2C_Start) for OLED_I2C_Start
    oled.o(i.OLED_WriteData) refers to oled.o(i.OLED_I2C_SendByte) for OLED_I2C_SendByte
    oled.o(i.OLED_WriteData) refers to oled.o(i.OLED_I2C_Stop) for OLED_I2C_Stop
    key_exti.o(i.Get_EXTI_Count) refers to key_exti.o(.data) for EXTI_Count
    key_exti.o(i.KeyExti_Init) refers to stm32f10x_rcc.o(i.RCC_APB2PeriphClockCmd) for RCC_APB2PeriphClockCmd
    key_exti.o(i.KeyExti_Init) refers to stm32f10x_gpio.o(i.GPIO_Init) for GPIO_Init
    key_exti.o(i.KeyExti_Init) refers to stm32f10x_gpio.o(i.GPIO_EXTILineConfig) for GPIO_EXTILineConfig
    key_exti.o(i.KeyExti_Init) refers to stm32f10x_exti.o(i.EXTI_Init) for EXTI_Init
    key_exti.o(i.KeyExti_Init) refers to misc.o(i.NVIC_PriorityGroupConfig) for NVIC_PriorityGroupConfig
    key_exti.o(i.KeyExti_Init) refers to misc.o(i.NVIC_Init) for NVIC_Init
    beep.o(i.Beep_Init) refers to stm32f10x_rcc.o(i.RCC_APB2PeriphClockCmd) for RCC_APB2PeriphClockCmd
    beep.o(i.Beep_Init) refers to stm32f10x_gpio.o(i.GPIO_Init) for GPIO_Init
[...]
    Library\stm32f10x_adc.c                  0x00000000   Number         0  stm32f10x_adc.o ABSOLUTE
    Library\stm32f10x_bkp.c                  0x00000000   Number         0  stm32f10x_bkp.o ABSOLUTE
    Library\stm32f10x_can.c                  0x00000000   Number         0  stm32f10x_can.o ABSOLUTE
    Library\stm32f10x_cec.c                  0x00000000   Number         0  stm32f10x_cec.o ABSOLUTE
    Library\stm32f10x_crc.c                  0x00000000   Number         0  stm32f10x_crc.o ABSOLUTE
    Library\stm32f10x_dac.c                  0x00000000   Number         0  stm32f10x_dac.o ABSOLUTE
    Library\stm32f10x_dbgmcu.c               0x00000000   Number         0  stm32f10x_dbgmcu.o ABSOLUTE
    Library\stm32f10x_dma.c                  0x00000000   Number         0  stm32f10x_dma.o ABSOLUTE
    Library\stm32f10x_exti.c                 0x00000000   Number         0  stm32f10x_exti.o ABSOLUTE
    Library\stm32f10x_flash.c                0x00000000   Number         0  stm32f10x_flash.o ABSOLUTE
    Library\stm32f10x_fsmc.c                 0x00000000   Number         0  stm32f10x_fsmc.o ABSOLUTE
    Library\stm32f10x_gpio.c                 0x00000000   Number         0  stm32f10x_gpio.o ABSOLUTE
    Library\stm32f10x_i2c.c                  0x00000000   Number         0  stm32f10x_i2c.o ABSOLUTE
    Library\stm32f10x_iwdg.c                 0x00000000   Number         0  stm32f10x_iwdg.o ABSOLUTE
    Library\stm32f10x_pwr.c                  0x00000000   Number         0  stm32f10x_pwr.o ABSOLUTE
    Library\stm32f10x_rcc.c                  0x00000000   Number         0  stm32f10x_rcc.o ABSOLUTE
    Library\stm32f10x_rtc.c                  0x00000000   Number         0  stm32f10x_rtc.o ABSOLUTE
    Library\stm32f10x_sdio.c                 0x00000000   Number         0  stm32f10x_sdio.o ABSOLUTE
    Library\stm32f10x_spi.c                  0x00000000   Number         0  stm32f10x_spi.o ABSOLUTE
    Library\stm32f10x_tim.c                  0x00000000   Number         0  stm32f10x_tim.o ABSOLUTE
    Library\stm32f10x_usart.c                0x00000000   Number         0  stm32f10x_usart.o ABSOLUTE
    Library\stm32f10x_wwdg.c                 0x00000000   Number         0  stm32f10x_wwdg.o ABSOLUTE
    Start\\core_cm3.c                        0x00000000   Number         0  core_cm3.o ABSOLUTE
    Start\\system_stm32f10x.c                0x00000000   Number         0  system_stm32f10x.o ABSOLUTE
    Start\core_cm3.c                         0x00000000   Number         0  core_cm3.o ABSOLUTE
    Start\startup_stm32f10x_hd.s             0x00000000   Number         0  startup_stm32f10x_hd.o ABSOLUTE
    Start\system_stm32f10x.c                 0x00000000   Number         0  system_stm32f10x.o ABSOLUTE
    System\Delay.c                           0x00000000   Number         0  delay.o ABSOLUTE
    System\\Delay.c                          0x00000000   Number         0  delay.o ABSOLUTE
    System\\sys.c                            0x00000000   Number         0  sys.o ABSOLUTE
    System\cr4_fft_1024_stm32.s              0x00000000   Number         0  cr4_fft_1024_stm32.o ABSOLUTE
    System\cr4_fft_256_stm32.s               0x00000000   Number         0  cr4_fft_256_stm32.o ABSOLUTE
    System\sys.c                             0x00000000   Number         0  sys.o ABSOLUTE
    User\RLCtest.c                           0x00000000   Number         0  rlctest.o ABSOLUTE
    User\\RLCtest.c                          0x00000000   Number         0  rlctest.o ABSOLUTE
    User\\check_err.c                        0x00000000   Number         0  check_err.o ABSOLUTE
    User\\main.c                             0x00000000   Number         0  main.o ABSOLUTE
    User\\stm32f10x_it.c                     0x00000000   Number         0  stm32f10x_it.o ABSOLUTE
    User\check_err.c                         0x00000000   Number         0  check_err.o ABSOLUTE
    User\main.c                              0x00000000   Number         0  main.o ABSOLUTE
    User\stm32f10x_it.c                      0x00000000   Number         0  stm32f10x_it.o ABSOLUTE
    cdcmple.s                                0x00000000   Number         0  cdcmple.o ABSOLUTE
    cdrcmple.s                               0x00000000   Number         0  cdrcmple.o ABSOLUTE
    cfcmple.s                                0x00000000   Number         0  cfcmple.o ABSOLUTE
    cfrcmple.s                               0x00000000   Number         0  cfrcmple.o ABSOLUTE
    dc.s                                     0x00000000   Number         0  dc.o ABSOLUTE
    handlers.s                               0x00000000   Number         0  handlers.o ABSOLUTE
    init.s                                   0x00000000   Number         0  init.o ABSOLUTE
    RESET                                    0x08000000   Section      304  startup_stm32f10x_hd.o(RESET)
    .ARM.Collect$$$$00000000                 0x08000130   Section        0  entry.o(.ARM.Collect$$$$00000000)
    .ARM.Collect$$$$00000001                 0x08000130   Section        4  entry2.o(.ARM.Collect$$$$00000001)
    .ARM.Collect$$$$00000004                 0x08000134   Section        4  entry5.o(.ARM.Collect$$$$00000004)
    .ARM.Collect$$$$00000008                 0x08000138   Section        0  entry7b.o(.ARM.Collect$$$$00000008)
    .ARM.Collect$$$$0000000A                 0x08000138   Section        0  entry8b.o(.ARM.Collect$$$$0000000A)
    .ARM.Collect$$$$0000000B                 0x08000138   Section        8  entry9a.o(.ARM.Collect$$$$0000000B)
    .ARM.Collect$$$$0000000E                 0x08000140   Section        4  entry12b.o(.ARM.Collect$$$$0000000E)
    .ARM.Collect$$$$0000000F                 0x08000144   Section        0  entry10a.o(.ARM.Collect$$$$0000000F)
    .ARM.Collect$$$$00000011                 0x08000144   Section        0  entry11a.o(.ARM.Collect$$$$00000011)
    .ARM.Collect$$$$00002712                 0x08000144   Section        4  entry2.o(.ARM.Collect$$$$00002712)
    __lit__00000000                          0x08000144   Data           4  entry2.o(.ARM.Collect$$$$00002712)
    .text                                    0x08000148   Section       36  startup_stm32f10x_hd.o(.text)
    .text                                    0x0800016c   Section        0  fadd.o(.text)
    .text                                    0x0800021c   Section        0  fmul.o(.text)
    .text                                    0x08000280   Section        0  fdiv.o(.text)
    .text                                    0x080002fc   Section        0  dadd.o(.text)
    .text                                    0x0800044a   Section        0  dmul.o(.text)
    .text                                    0x0800052e   Section        0  ddiv.o(.text)
    .text                                    0x0800060c   Section        0  ffltui.o(.text)
    .text                                    0x08000616   Section        0  dflti.o(.text)
    .text                                    0x08000638   Section        0  dfltui.o(.text)
    .text                                    0x08000652   Section        0  ffixi.o(.text)
    .text                                    0x08000684   Section        0  ffixui.o(.text)
    .text                                    0x080006ac   Section        0  dfixi.o(.text)
    .text                                    0x080006ea   Section        0  dfixui.o(.text)
    .text                                    0x0800071c   Section        0  f2d.o(.text)
    .text                                    0x08000744   Section       48  cdcmple.o(.text)
    .text                                    0x08000774   Section       48  cdrcmple.o(.text)
    .text                                    0x080007a4   Section        0  d2f.o(.text)
    .text                                    0x080007dc   Section       20  cfcmple.o(.text)
    .text                                    0x080007f0   Section       20  cfrcmple.o(.text)
    .text                                    0x08000804   Section        0  uidiv.o(.text)
    .text                                    0x08000830   Section        0  uldiv.o(.text)
    .text                                    0x08000892   Section        0  llshl.o(.text)
    .text                                    0x080008b0   Section        0  llushr.o(.text)
    .text                                    0x080008d0   Section        0  llsshr.o(.text)
    .text                                    0x080008f4   Section        0  iusefp.o(.text)
    .text                                    0x080008f4   Section        0  fepilogue.o(.text)
    .text                                    0x08000962   Section        0  depilogue.o(.text)
    .text                                    0x08000a1c   Section        0  dscalb.o(.text)
    .text                                    0x08000a4a   Section        0  dfixul.o(.text)
    .text                                    0x08000a7c   Section       36  init.o(.text)
    i.AD9833_ClearReset                      0x08000aa0   Section        0  ad9833.o(i.AD9833_ClearReset)
    i.AD9833_Init                            0x08000aae   Section        0  ad9833.o(i.AD9833_Init)
    i.AD9833_SPI_Write                       0x08000ad0   Section        0  ad9833.o(i.AD9833_SPI_Write)
    i.AD9833_SetFrequency                    0x08000bcc   Section        0  ad9833.o(i.AD9833_SetFrequency)
    i.AD9833_SetFrequencyQuick               0x08000c2c   Section        0  ad9833.o(i.AD9833_SetFrequencyQuick)
    i.AD9833_SetRegisterValue                0x08000c44   Section        0  ad9833.o(i.AD9833_SetRegisterValue)
    i.AD983_GPIO_Init                        0x08000c70   Section        0  ad9833.o(i.AD983_GPIO_Init)
    i.ADC3_Sampling                          0x08000cd4   Section        0  timing sampling.o(i.ADC3_Sampling)
    i.ADC_Calibration                        0x08000db4   Section        0  timing sampling.o(i.ADC_Calibration)
    i.ADC_ClearFlag                          0x08000dde   Section        0  stm32f10x_adc.o(i.ADC_ClearFlag)
    i.ADC_Cmd                                0x08000de4   Section        0  stm32f10x_adc.o(i.ADC_Cmd)
    i.ADC_DMA1_Init                          0x08000dfc   Section        0  timing sampling.o(i.ADC_DMA1_Init)
    i.ADC_DMACmd                             0x08000e8c   Section        0  stm32f10x_adc.o(i.ADC_DMACmd)
    i.ADC_ExternalTrigConvCmd                0x08000ea2   Section        0  stm32f10x_adc.o(i.ADC_ExternalTrigConvCmd)
    i.ADC_GPIO_Init                          0x08000eb8   Section        0  timing sampling.o(i.ADC_GPIO_Init)
    i.ADC_GetCalibrationStatus               0x08000f08   Section        0  stm32f10x_adc.o(i.ADC_GetCalibrationStatus)
    i.ADC_GetConversionValue                 0x08000f1c   Section        0  stm32f10x_adc.o(i.ADC_GetConversionValue)
    i.ADC_GetFlagStatus                      0x08000f24   Section        0  stm32f10x_adc.o(i.ADC_GetFlagStatus)
    i.ADC_GetResetCalibrationStatus          0x08000f36   Section        0  stm32f10x_adc.o(i.ADC_GetResetCalibrationStatus)
    i.ADC_Init                               0x08000f4c   Section        0  stm32f10x_adc.o(i.ADC_Init)
    i.ADC_Init_Init                          0x08000f9c   Section        0  timing sampling.o(i.ADC_Init_Init)
    i.ADC_Initialization                     0x08001024   Section        0  timing sampling.o(i.ADC_Initialization)
    i.ADC_MATH                               0x08001054   Section        0  timing sampling.o(i.ADC_MATH)
    i.ADC_RegularChannelConfig               0x0800110c   Section        0  stm32f10x_adc.o(i.ADC_RegularChannelConfig)
    i.ADC_RegularChannel_Configuration       0x080011c4   Section        0  timing sampling.o(i.ADC_RegularChannel_Configuration)
    i.ADC_ResetCalibration                   0x08001224   Section        0  stm32f10x_adc.o(i.ADC_ResetCalibration)
    i.ADC_Samp_Sweep                         0x08001230   Section        0  timing sampling.o(i.ADC_Samp_Sweep)
    i.ADC_Sampling                           0x080012e0   Section        0  timing sampling.o(i.ADC_Sampling)
    i.ADC_SoftwareStartConvCmd               0x08001394   Section        0  stm32f10x_adc.o(i.ADC_SoftwareStartConvCmd)
    i.ADC_StartCalibration                   0x080013aa   Section        0  stm32f10x_adc.o(i.ADC_StartCalibration)
    i.ADC_TIM3_Init                          0x080013b4   Section        0  timing sampling.o(i.ADC_TIM3_Init)
    i.BusFault_Handler                       0x0800140c   Section        0  stm32f10x_it.o(i.BusFault_Handler)
    i.DMA1_Channel1_IRQHandler               0x08001410   Section        0  timing sampling.o(i.DMA1_Channel1_IRQHandler)
    i.DMA_ClearITPendingBit                  0x08001444   Section        0  stm32f10x_dma.o(i.DMA_ClearITPendingBit)
    i.DMA_Cmd                                0x08001460   Section        0  stm32f10x_dma.o(i.DMA_Cmd)
    i.DMA_GetITStatus                        0x08001478   Section        0  stm32f10x_dma.o(i.DMA_GetITStatus)
    i.DMA_ITConfig                           0x080014a4   Section        0  stm32f10x_dma.o(i.DMA_ITConfig)
    i.DMA_Init                               0x080014b6   Section        0  stm32f10x_dma.o(i.DMA_Init)
    i.DebugMon_Handler                       0x080014f2   Section        0  stm32f10x_it.o(i.DebugMon_Handler)
    i.Delay_ms                               0x080014f4   Section        0  delay.o(i.Delay_ms)
    i.Delay_us                               0x0800150c   Section        0  delay.o(i.Delay_us)
    i.ERR_c                                  0x0800153c   Section        0  check_err.o(i.ERR_c)
    i.ERR_r2r3                               0x08001710   Section        0  check_err.o(i.ERR_r2r3)
    i.EXTI0_IRQHandler                       0x080018d8   Section        0  matrix_keypad.o(i.EXTI0_IRQHandler)
    i.EXTI9_5_IRQHandler                     0x080018fc   Section        0  matrix_keypad.o(i.EXTI9_5_IRQHandler)
    i.EXTI_ClearITPendingBit                 0x08001958   Section        0  stm32f10x_exti.o(i.EXTI_ClearITPendingBit)
    i.EXTI_GetITStatus                       0x08001964   Section        0  stm32f10x_exti.o(i.EXTI_GetITStatus)
    i.GPIO_Gate                              0x0800198c   Section        0  rlctest.o(i.GPIO_Gate)
    i.GPIO_Init                              0x080019b8   Section        0  stm32f10x_gpio.o(i.GPIO_Init)
    i.GPIO_ReadInputDataBit                  0x08001ace   Section        0  stm32f10x_gpio.o(i.GPIO_ReadInputDataBit)
    i.GPIO_ReadOutputDataBit                 0x08001ae0   Section        0  stm32f10x_gpio.o(i.GPIO_ReadOutputDataBit)
    i.GPIO_ResetBits                         0x08001af2   Section        0  stm32f10x_gpio.o(i.GPIO_ResetBits)
    i.GPIO_SetBits                           0x08001af6   Section        0  stm32f10x_gpio.o(i.GPIO_SetBits)
    i.GPIO_StructInit                        0x08001afa   Section        0  stm32f10x_gpio.o(i.GPIO_StructInit)
    i.GPIO_Turn                              0x08001b0c   Section        0  matrix_keypad.o(i.GPIO_Turn)
    i.HardFault_Handler                      0x08001ba4   Section        0  stm32f10x_it.o(i.HardFault_Handler)
    i.Key_Control                            0x08001ba8   Section        0  matrix_keypad.o(i.Key_Control)
    i.Keypad_Scan                            0x08001bd4   Section        0  matrix_keypad.o(i.Keypad_Scan)
    i.MemManage_Handler                      0x08001c68   Section        0  stm32f10x_it.o(i.MemManage_Handler)
    i.NMI_Handler                            0x08001c6c   Section        0  stm32f10x_it.o(i.NMI_Handler)
    i.NVIC_Init                              0x08001c70   Section        0  misc.o(i.NVIC_Init)
    i.NVIC_PriorityGroupConfig               0x08001ce0   Section        0  misc.o(i.NVIC_PriorityGroupConfig)
    i.PendSV_Handler                         0x08001cf4   Section        0  stm32f10x_it.o(i.PendSV_Handler)
    i.PoinTFreTest                           0x08001cf8   Section        0  rlctest.o(i.PoinTFreTest)
    i.RCC_ADCCLKConfig                       0x08001eb4   Section        0  stm32f10x_rcc.o(i.RCC_ADCCLKConfig)
    i.RCC_AHBPeriphClockCmd                  0x08001ecc   Section        0  stm32f10x_rcc.o(i.RCC_AHBPeriphClockCmd)
    i.RCC_APB1PeriphClockCmd                 0x08001eec   Section        0  stm32f10x_rcc.o(i.RCC_APB1PeriphClockCmd)
    i.RCC_APB1PeriphResetCmd                 0x08001f0c   Section        0  stm32f10x_rcc.o(i.RCC_APB1PeriphResetCmd)
    i.RCC_APB2PeriphClockCmd                 0x08001f2c   Section        0  stm32f10x_rcc.o(i.RCC_APB2PeriphClockCmd)
    i.RCC_APB2PeriphResetCmd                 0x08001f4c   Section        0  stm32f10x_rcc.o(i.RCC_APB2PeriphResetCmd)
    i.RCC_GetClocksFreq                      0x08001f6c   Section        0  stm32f10x_rcc.o(i.RCC_GetClocksFreq)
    i.RLC_test                               0x08002040   Section        0  rlctest.o(i.RLC_test)
    i.ResetADC                               0x08002394   Section        0  timing sampling.o(i.ResetADC)
    i.SVC_Handler                            0x0800239c   Section        0  stm32f10x_it.o(i.SVC_Handler)
    i.SetSysClock                            0x0800239e   Section        0  system_stm32f10x.o(i.SetSysClock)
    SetSysClock                              0x0800239f   Thumb Code     8  system_stm32f10x.o(i.SetSysClock)
    i.SetSysClockTo72                        0x080023a8   Section        0  system_stm32f10x.o(i.SetSysClockTo72)
    SetSysClockTo72                          0x080023a9   Thumb Code   214  system_stm32f10x.o(i.SetSysClockTo72)
    i.Sweep_out                              0x08002488   Section        0  rlctest.o(i.Sweep_out)
    i.SysTick_Handler                        0x08002a3c   Section        0  stm32f10x_it.o(i.SysTick_Handler)
    i.SystemInit                             0x08002a40   Section        0  system_stm32f10x.o(i.SystemInit)
    i.TIM_Cmd                                0x08002aa0   Section        0  stm32f10x_tim.o(i.TIM_Cmd)
    i.TIM_InternalClockConfig                0x08002ab8   Section        0  stm32f10x_tim.o(i.TIM_InternalClockConfig)
    i.TIM_SelectOutputTrigger                0x08002ac4   Section        0  stm32f10x_tim.o(i.TIM_SelectOutputTrigger)
    i.TIM_TimeBaseInit                       0x08002ad8   Section        0  stm32f10x_tim.o(i.TIM_TimeBaseInit)
    i.TIM_TimeBaseStructInit                 0x08002b7c   Section        0  stm32f10x_tim.o(i.TIM_TimeBaseStructInit)
    i.TJCPrintf                              0x08002b90   Section        0  tjc_usart_hmi.o(i.TJCPrintf)
    i.TJC_PageControl                        0x08002c30   Section        0  tjc_usart_hmi.o(i.TJC_PageControl)
    i.USART1_IRQHandler                      0x08002ccc   Section        0  serial.o(i.USART1_IRQHandler)
    i.USART2_IRQHandler                      0x08002d04   Section        0  tjc_usart_hmi.o(i.USART2_IRQHandler)
    i.USART_ClearFlag                        0x08002d34   Section        0  stm32f10x_usart.o(i.USART_ClearFlag)
    i.USART_ClearITPendingBit                0x08002d46   Section        0  stm32f10x_usart.o(i.USART_ClearITPendingBit)
    i.USART_Cmd                              0x08002d64   Section        0  stm32f10x_usart.o(i.USART_Cmd)
    i.USART_DeInit                           0x08002d7c   Section        0  stm32f10x_usart.o(i.USART_DeInit)
    i.USART_GetFlagStatus                    0x08002e18   Section        0  stm32f10x_usart.o(i.USART_GetFlagStatus)
    i.USART_GetITStatus                      0x08002e32   Section        0  stm32f10x_usart.o(i.USART_GetITStatus)
    i.USART_ITConfig                         0x08002e86   Section        0  stm32f10x_usart.o(i.USART_ITConfig)
    i.USART_Init                             0x08002ed0   Section        0  stm32f10x_usart.o(i.USART_Init)
    i.USART_ReceiveData                      0x08002fa8   Section        0  stm32f10x_usart.o(i.USART_ReceiveData)
    i.USART_SendData                         0x08002fb2   Section        0  stm32f10x_usart.o(i.USART_SendData)
    i.USART_StructInit                       0x08002fba   Section        0  stm32f10x_usart.o(i.USART_StructInit)
    i.UsageFault_Handler                     0x08002fd2   Section        0  stm32f10x_it.o(i.UsageFault_Handler)
    i.__0printf                              0x08002fd8   Section        0  printfa.o(i.__0printf)
    i.__0vsnprintf                           0x08002ff8   Section        0  printfa.o(i.__0vsnprintf)
    i.__kernel_poly                          0x0800302c   Section        0  poly.o(i.__kernel_poly)
    i.__mathlib_dbl_divzero                  0x080030d8   Section        0  dunder.o(i.__mathlib_dbl_divzero)
    i.__mathlib_dbl_infnan                   0x080030e8   Section        0  dunder.o(i.__mathlib_dbl_infnan)
    i.__mathlib_dbl_invalid                  0x080030ee   Section        0  dunder.o(i.__mathlib_dbl_invalid)
    i.__scatterload_copy                     0x080030fa   Section       14  handlers.o(i.__scatterload_copy)
    i.__scatterload_null                     0x08003108   Section        2  handlers.o(i.__scatterload_null)
    i.__scatterload_zeroinit                 0x0800310a   Section       14  handlers.o(i.__scatterload_zeroinit)
    i.__set_errno                            0x08003118   Section        0  errno.o(i.__set_errno)
    i._fp_digits                             0x08003124   Section        0  printfa.o(i._fp_digits)
    _fp_digits                               0x08003125   Thumb Code   366  printfa.o(i._fp_digits)
    i._printf_core                           0x080032a8   Section        0  printfa.o(i._printf_core)
    _printf_core                             0x080032a9   Thumb Code  1704  printfa.o(i._printf_core)
    i._printf_post_padding                   0x0800395c   Section        0  printfa.o(i._printf_post_padding)
    _printf_post_padding                     0x0800395d   Thumb Code    36  printfa.o(i._printf_post_padding)
    i._printf_pre_padding                    0x08003980   Section        0  printfa.o(i._printf_pre_padding)
    _printf_pre_padding                      0x08003981   Thumb Code    46  printfa.o(i._printf_pre_padding)
    i._snputc                                0x080039ae   Section        0  printfa.o(i._snputc)
    _snputc                                  0x080039af   Thumb Code    22  printfa.o(i._snputc)
    i.change_GRs                             0x080039c4   Section        0  rlctest.o(i.change_GRs)
    i.change_adc                             0x08003af8   Section        0  rlctest.o(i.change_adc)
    i.check_err                              0x08003c24   Section        0  check_err.o(i.check_err)
    i.check_err1                             0x08003c38   Section        0  check_err.o(i.check_err1)
    i.deleteRingBuff                         0x08003f20   Section        0  tjc_usart_hmi.o(i.deleteRingBuff)
    i.display_err_info                       0x08003f70   Section        0  check_err.o(i.display_err_info)
    i.fputc                                  0x0800418c   Section        0  tjc_usart_hmi.o(i.fputc)
    i.getRingBuffLenght                      0x080041b0   Section        0  tjc_usart_hmi.o(i.getRingBuffLenght)
    i.getcaculation                          0x080041bc   Section        0  rlctest.o(i.getcaculation)
    i.initRingBuff                           0x08004440   Section        0  tjc_usart_hmi.o(i.initRingBuff)
    i.log                                    0x08004450   Section        0  log.o(i.log)
    i.log10                                  0x080047ac   Section        0  log10.o(i.log10)
    i.main                                   0x08004890   Section        0  main.o(i.main)
    i.myADC1_Init                            0x08004914   Section        0  timing sampling.o(i.myADC1_Init)
    i.read1BFromRingBuff                     0x08004930   Section        0  tjc_usart_hmi.o(i.read1BFromRingBuff)
    i.standard                               0x08004954   Section        0  rlctest.o(i.standard)
    i.test                                   0x0800496c   Section        0  rlctest.o(i.test)
    i.uart1_init                             0x08004b08   Section        0  tjc_usart_hmi.o(i.uart1_init)
    i.uart2_init                             0x08004bd8   Section        0  tjc_usart_hmi.o(i.uart2_init)
    i.writeRingBuff                          0x08004ca4   Section        0  tjc_usart_hmi.o(i.writeRingBuff)
    .constdata                               0x08004ce0   Section       16  matrix_keypad.o(.constdata)
    .constdata                               0x08004cf0   Section        5  ad9833.o(.constdata)
    .constdata                               0x08004cf8   Section       56  log.o(.constdata)
    Lg2                                      0x08004cf8   Data          24  log.o(.constdata)
    Lg                                       0x08004d10   Data          32  log.o(.constdata)
    .constdata                               0x08004d30   Section        8  qnan.o(.constdata)
    .data                                    0x20000000   Section       20  serial.o(.data)
    .data                                    0x20000014   Section        9  timing sampling.o(.data)
    .data                                    0x2000001d   Section        2  matrix_keypad.o(.data)
    .data                                    0x2000001f   Section       20  stm32f10x_rcc.o(.data)
    APBAHBPrescTable                         0x2000001f   Data          16  stm32f10x_rcc.o(.data)
    ADCPrescTable                            0x2000002f   Data           4  stm32f10x_rcc.o(.data)
    .data                                    0x20000038   Section      192  rlctest.o(.data)
    .data                                    0x200000f8   Section       32  check_err.o(.data)
    .data                                    0x20000118   Section        1  tjc_usart_hmi.o(.data)
    .data                                    0x2000011c   Section        4  stdout.o(.data)
    .data                                    0x20000120   Section        4  errno.o(.data)
    _errno                                   0x20000120   Data           4  errno.o(.data)
    .bss                                     0x20000124   Section    18632  timing sampling.o(.bss)
    ADC2_ConvertedValueTab                   0x20004124   Data        2048  timing sampling.o(.bss)
    ADC3_ConvertedValueTab                   0x20004924   Data         200  timing sampling.o(.bss)
    .bss                                     0x200049ec   Section     5174  rlctest.o(.bss)
    .bss                                     0x20005e22   Section      506  tjc_usart_hmi.o(.bss)
    STACK                                    0x20006020   Section     1024  startup_stm32f10x_hd.o(STACK)

    Global Symbols

    Symbol Name                              Value     Ov Type        Size  Object(Section)

    BuildAttributes$$THM_ISAv4$P$D$K$B$S$PE$A:L22UL41UL21$X:L11$S22US41US21$IEEE1$IW$USESV6$~STKCKD$USESV7$~SHL$OTIME$ROPI$IEEEX$EBA8$MICROLIB$REQ8$PRES8$EABIv2 0x00000000   Number         0  anon$$obj.o ABSOLUTE
    __ARM_use_no_argv                        0x00000000   Number         0  main.o ABSOLUTE
    _printf_a                                0x00000000   Number         0  stubs.o ABSOLUTE
    _printf_c                                0x00000000   Number         0  stubs.o ABSOLUTE
    _printf_charcount                        0x00000000   Number         0  stubs.o ABSOLUTE
    _printf_d                                0x00000000   Number         0  stubs.o ABSOLUTE
    _printf_e                                0x00000000   Number         0  stubs.o ABSOLUTE
    _printf_f                                0x00000000   Number         0  stubs.o ABSOLUTE
    _printf_flags                            0x00000000   Number         0  stubs.o ABSOLUTE
    _printf_fp_dec                           0x00000000   Number         0  stubs.o ABSOLUTE
    _printf_fp_hex                           0x00000000   Number         0  stubs.o ABSOLUTE
    _printf_g                                0x00000000   Number         0  stubs.o ABSOLUTE
    _printf_i                                0x00000000   Number         0  stubs.o ABSOLUTE
    _printf_int_dec                          0x00000000   Number         0  stubs.o ABSOLUTE
    _printf_l                                0x00000000   Number         0  stubs.o ABSOLUTE
    _printf_lc                               0x00000000   Number         0  stubs.o ABSOLUTE
    _printf_ll                               0x00000000   Number         0  stubs.o ABSOLUTE
    _printf_lld                              0x00000000   Number         0  stubs.o ABSOLUTE
    _printf_lli                              0x00000000   Number         0  stubs.o ABSOLUTE
    _printf_llo                              0x00000000   Number         0  stubs.o ABSOLUTE
    _printf_llu                              0x00000000   Number         0  stubs.o ABSOLUTE
    _printf_llx                              0x00000000   Number         0  stubs.o ABSOLUTE
    _printf_longlong_dec                     0x00000000   Number         0  stubs.o ABSOLUTE
    _printf_longlong_hex                     0x00000000   Number         0  stubs.o ABSOLUTE
    _printf_longlong_oct                     0x00000000   Number         0  stubs.o ABSOLUTE
    _printf_ls                               0x00000000   Number         0  stubs.o ABSOLUTE
    _printf_mbtowc                           0x00000000   Number         0  stubs.o ABSOLUTE
    _printf_n                                0x00000000   Number         0  stubs.o ABSOLUTE
    _printf_o                                0x00000000   Number         0  stubs.o ABSOLUTE
    _printf_p                                0x00000000   Number         0  stubs.o ABSOLUTE
    _printf_percent                          0x00000000   Number         0  stubs.o ABSOLUTE
    _printf_pre_padding                      0x00000000   Number         0  stubs.o ABSOLUTE
    _printf_return_value                     0x00000000   Number         0  stubs.o ABSOLUTE
    _printf_s                                0x00000000   Number         0  stubs.o ABSOLUTE
    _printf_sizespec                         0x00000000   Number         0  stubs.o ABSOLUTE
    _printf_str                              0x00000000   Number         0  stubs.o ABSOLUTE
    _printf_truncate_signed                  0x00000000   Number         0  stubs.o ABSOLUTE
    _printf_truncate_unsigned                0x00000000   Number         0  stubs.o ABSOLUTE
    _printf_u                                0x00000000   Number         0  stubs.o ABSOLUTE
    _printf_wc                               0x00000000   Number         0  stubs.o ABSOLUTE
    _printf_wctomb                           0x00000000   Number         0  stubs.o ABSOLUTE
    _printf_widthprec                        0x00000000   Number         0  stubs.o ABSOLUTE
    _printf_x                                0x00000000   Number         0  stubs.o ABSOLUTE
    __arm_fini_                               - Undefined Weak Reference
    __cpp_initialize__aeabi_                  - Undefined Weak Reference
    __cxa_finalize                            - Undefined Weak Reference
    __decompress                              - Undefined Weak Reference
    _clock_init                               - Undefined Weak Reference
    _microlib_exit                            - Undefined Weak Reference
    __Vectors_Size                           0x00000130   Number         0  startup_stm32f10x_hd.o ABSOLUTE
    __Vectors                                0x08000000   Data           4  startup_stm32f10x_hd.o(RESET)
    __Vectors_End                            0x08000130   Data           0  startup_stm32f10x_hd.o(RESET)
    __main                                   0x08000131   Thumb Code     0  entry.o(.ARM.Collect$$$$00000000)
    _main_stk                                0x08000131   Thumb Code     0  entry2.o(.ARM.Collect$$$$00000001)
    _main_scatterload                        0x08000135   Thumb Code     0  entry5.o(.ARM.Collect$$$$00000004)
    __main_after_scatterload                 0x08000139   Thumb Code     0  entry5.o(.ARM.Collect$$$$00000004)
    _main_clock                              0x08000139   Thumb Code     0  entry7b.o(.ARM.Collect$$$$00000008)
    _main_cpp_init                           0x08000139   Thumb Code     0  entry8b.o(.ARM.Collect$$$$0000000A)
    _main_init                               0x08000139   Thumb Code     0  entry9a.o(.ARM.Collect$$$$0000000B)
    __rt_lib_shutdown_fini                   0x08000141   Thumb Code     0  entry12b.o(.ARM.Collect$$$$0000000E)
    __rt_final_cpp                           0x08000145   Thumb Code     0  entry10a.o(.ARM.Collect$$$$0000000F)
    __rt_final_exit                          0x08000145   Thumb Code     0  entry11a.o(.ARM.Collect$$$$00000011)
    Reset_Handler                            0x08000149   Thumb Code     8  startup_stm32f10x_hd.o(.text)
    ADC1_2_IRQHandler                        0x08000163   Thumb Code     0  startup_stm32f10x_hd.o(.text)
    ADC3_IRQHandler                          0x08000163   Thumb Code     0  startup_stm32f10x_hd.o(.text)
    CAN1_RX1_IRQHandler                      0x08000163   Thumb Code     0  startup_stm32f10x_hd.o(.text)
    CAN1_SCE_IRQHandler                      0x08000163   Thumb Code     0  startup_stm32f10x_hd.o(.text)
    DMA1_Channel2_IRQHandler                 0x08000163   Thumb Code     0  startup_stm32f10x_hd.o(.text)
    DMA1_Channel3_IRQHandler                 0x08000163   Thumb Code     0  startup_stm32f10x_hd.o(.text)
    DMA1_Channel4_IRQHandler                 0x08000163   Thumb Code     0  startup_stm32f10x_hd.o(.text)
    DMA1_Channel5_IRQHandler                 0x08000163   Thumb Code     0  startup_stm32f10x_hd.o(.text)
    DMA1_Channel6_IRQHandler                 0x08000163   Thumb Code     0  startup_stm32f10x_hd.o(.text)
    DMA1_Channel7_IRQHandler                 0x08000163   Thumb Code     0  startup_stm32f10x_hd.o(.text)
    DMA2_Channel1_IRQHandler                 0x08000163   Thumb Code     0  startup_stm32f10x_hd.o(.text)
    DMA2_Channel2_IRQHandler                 0x08000163   Thumb Code     0  startup_stm32f10x_hd.o(.text)
    DMA2_Channel3_IRQHandler                 0x08000163   Thumb Code     0  startup_stm32f10x_hd.o(.text)
    DMA2_Channel4_5_IRQHandler               0x08000163   Thumb Code     0  startup_stm32f10x_hd.o(.text)
    EXTI15_10_IRQHandler                     0x08000163   Thumb Code     0  startup_stm32f10x_hd.o(.text)
    EXTI1_IRQHandler                         0x08000163   Thumb Code     0  startup_stm32f10x_hd.o(.text)
    EXTI2_IRQHandler                         0x08000163   Thumb Code     0  startup_stm32f10x_hd.o(.text)
    EXTI3_IRQHandler                         0x08000163   Thumb Code     0  startup_stm32f10x_hd.o(.text)
    EXTI4_IRQHandler                         0x08000163   Thumb Code     0  startup_stm32f10x_hd.o(.text)
    FLASH_IRQHandler                         0x08000163   Thumb Code     0  startup_stm32f10x_hd.o(.text)
    FSMC_IRQHandler                          0x08000163   Thumb Code     0  startup_stm32f10x_hd.o(.text)
    I2C1_ER_IRQHandler                       0x08000163   Thumb Code     0  startup_stm32f10x_hd.o(.text)
    I2C1_EV_IRQHandler                       0x08000163   Thumb Code     0  startup_stm32f10x_hd.o(.text)
    I2C2_ER_IRQHandler                       0x08000163   Thumb Code     0  startup_stm32f10x_hd.o(.text)
    I2C2_EV_IRQHandler                       0x08000163   Thumb Code     0  startup_stm32f10x_hd.o(.text)
    PVD_IRQHandler                           0x08000163   Thumb Code     0  startup_stm32f10x_hd.o(.text)
    RCC_IRQHandler                           0x08000163   Thumb Code     0  startup_stm32f10x_hd.o(.text)
    RTCAlarm_IRQHandler                      0x08000163   Thumb Code     0  startup_stm32f10x_hd.o(.text)
    RTC_IRQHandler                           0x08000163   Thumb Code     0  startup_stm32f10x_hd.o(.text)
    SDIO_IRQHandler                          0x08000163   Thumb Code     0  startup_stm32f10x_hd.o(.text)
    SPI1_IRQHandler                          0x08000163   Thumb Code     0  startup_stm32f10x_hd.o(.text)
    SPI2_IRQHandler                          0x08000163   Thumb Code     0  startup_stm32f10x_hd.o(.text)
    SPI3_IRQHandler                          0x08000163   Thumb Code     0  startup_stm32f10x_hd.o(.text)
    TAMPER_IRQHandler                        0x08000163   Thumb Code     0  startup_stm32f10x_hd.o(.text)
    TIM1_BRK_IRQHandler                      0x08000163   Thumb Code     0  startup_stm32f10x_hd.o(.text)
    TIM1_CC_IRQHandler                       0x08000163   Thumb Code     0  startup_stm32f10x_hd.o(.text)
    TIM1_TRG_COM_IRQHandler                  0x08000163   Thumb Code     0  startup_stm32f10x_hd.o(.text)
    TIM1_UP_IRQHandler                       0x08000163   Thumb Code     0  startup_stm32f10x_hd.o(.text)
    TIM2_IRQHandler                          0x08000163   Thumb Code     0  startup_stm32f10x_hd.o(.text)
    TIM3_IRQHandler                          0x08000163   Thumb Code     0  startup_stm32f10x_hd.o(.text)
    TIM4_IRQHandler                          0x08000163   Thumb Code     0  startup_stm32f10x_hd.o(.text)
    TIM5_IRQHandler                          0x08000163   Thumb Code     0  startup_stm32f10x_hd.o(.text)
    TIM6_IRQHandler                          0x08000163   Thumb Code     0  startup_stm32f10x_hd.o(.text)
    TIM7_IRQHandler                          0x08000163   Thumb Code     0  startup_stm32f10x_hd.o(.text)
    TIM8_BRK_IRQHandler                      0x08000163   Thumb Code     0  startup_stm32f10x_hd.o(.text)
    TIM8_CC_IRQHandler                       0x08000163   Thumb Code     0  startup_stm32f10x_hd.o(.text)
    TIM8_TRG_COM_IRQHandler                  0x08000163   Thumb Code     0  startup_stm32f10x_hd.o(.text)
    TIM8_UP_IRQHandler                       0x08000163   Thumb Code     0  startup_stm32f10x_hd.o(.text)
    UART4_IRQHandler                         0x08000163   Thumb Code     0  startup_stm32f10x_hd.o(.text)
    UART5_IRQHandler                         0x08000163   Thumb Code     0  startup_stm32f10x_hd.o(.text)
    USART3_IRQHandler                        0x08000163   Thumb Code     0  startup_stm32f10x_hd.o(.text)
    USBWakeUp_IRQHandler                     0x08000163   Thumb Code     0  startup_stm32f10x_hd.o(.text)
    USB_HP_CAN1_TX_IRQHandler                0x08000163   Thumb Code     0  startup_stm32f10x_hd.o(.text)
    USB_LP_CAN1_RX0_IRQHandler               0x08000163   Thumb Code     0  startup_stm32f10x_hd.o(.text)
    WWDG_IRQHandler                          0x08000163   Thumb Code     0  startup_stm32f10x_hd.o(.text)
    __aeabi_fadd                             0x0800016d   Thumb Code   164  fadd.o(.text)
    __aeabi_fsub                             0x08000211   Thumb Code     6  fadd.o(.text)
    __aeabi_frsub                            0x08000217   Thumb Code     6  fadd.o(.text)
    __aeabi_fmul                             0x0800021d   Thumb Code   100  fmul.o(.text)
    __aeabi_fdiv                             0x08000281   Thumb Code   124  fdiv.o(.text)
    __aeabi_dadd                             0x080002fd   Thumb Code   322  dadd.o(.text)
    __aeabi_dsub                             0x0800043f   Thumb Code     6  dadd.o(.text)
    __aeabi_drsub                            0x08000445   Thumb Code     6  dadd.o(.text)
    __aeabi_dmul                             0x0800044b   Thumb Code   228  dmul.o(.text)
    __aeabi_ddiv                             0x0800052f   Thumb Code   222  ddiv.o(.text)
    __aeabi_ui2f                             0x0800060d   Thumb Code    10  ffltui.o(.text)
    __aeabi_i2d                              0x08000617   Thumb Code    34  dflti.o(.text)
    __aeabi_ui2d                             0x08000639   Thumb Code    26  dfltui.o(.text)
    __aeabi_f2iz                             0x08000653   Thumb Code    50  ffixi.o(.text)
    __aeabi_f2uiz                            0x08000685   Thumb Code    40  ffixui.o(.text)
    __aeabi_d2iz                             0x080006ad   Thumb Code    62  dfixi.o(.text)
    __aeabi_d2uiz                            0x080006eb   Thumb Code    50  dfixui.o(.text)
    __aeabi_f2d                              0x0800071d   Thumb Code    38  f2d.o(.text)
    __aeabi_cdcmpeq                          0x08000745   Thumb Code     0  cdcmple.o(.text)
    __aeabi_cdcmple                          0x08000745   Thumb Code    48  cdcmple.o(.text)
    __aeabi_cdrcmple                         0x08000775   Thumb Code    48  cdrcmple.o(.text)
    __aeabi_d2f                              0x080007a5   Thumb Code    56  d2f.o(.text)
    __aeabi_cfcmpeq                          0x080007dd   Thumb Code     0  cfcmple.o(.text)
    __aeabi_cfcmple                          0x080007dd   Thumb Code    20  cfcmple.o(.text)
    __aeabi_cfrcmple                         0x080007f1   Thumb Code    20  cfrcmple.o(.text)
    __aeabi_uidiv                            0x08000805   Thumb Code     0  uidiv.o(.text)
    __aeabi_uidivmod                         0x08000805   Thumb Code    44  uidiv.o(.text)
    __aeabi_uldivmod                         0x08000831   Thumb Code    98  uldiv.o(.text)
    __aeabi_llsl                             0x08000893   Thumb Code    30  llshl.o(.text)
    _ll_shift_l                              0x08000893   Thumb Code     0  llshl.o(.text)
    __aeabi_llsr                             0x080008b1   Thumb Code    32  llushr.o(.text)
    _ll_ushift_r                             0x080008b1   Thumb Code     0  llushr.o(.text)
    __aeabi_lasr                             0x080008d1   Thumb Code    36  llsshr.o(.text)
    _ll_sshift_r                             0x080008d1   Thumb Code     0  llsshr.o(.text)
    __I$use$fp                               0x080008f5   Thumb Code     0  iusefp.o(.text)
    _float_round                             0x080008f5   Thumb Code    18  fepilogue.o(.text)
    _float_epilogue                          0x08000907   Thumb Code    92  fepilogue.o(.text)
    _double_round                            0x08000963   Thumb Code    30  depilogue.o(.text)
    _double_epilogue                         0x08000981   Thumb Code   156  depilogue.o(.text)
    __ARM_scalbn                             0x08000a1d   Thumb Code    46  dscalb.o(.text)
    scalbn                                   0x08000a1d   Thumb Code     0  dscalb.o(.text)
    __aeabi_d2ulz                            0x08000a4b   Thumb Code    48  dfixul.o(.text)
    __scatterload                            0x08000a7d   Thumb Code    28  init.o(.text)
    __scatterload_rt2                        0x08000a7d   Thumb Code     0  init.o(.text)
    AD9833_ClearReset                        0x08000aa1   Thumb Code    14  ad9833.o(i.AD9833_ClearReset)
    AD9833_Init                              0x08000aaf   Thumb Code    34  ad9833.o(i.AD9833_Init)
    AD9833_SPI_Write                         0x08000ad1   Thumb Code   234  ad9833.o(i.AD9833_SPI_Write)
    AD9833_SetFrequency                      0x08000bcd   Thumb Code    86  ad9833.o(i.AD9833_SetFrequency)
    AD9833_SetFrequencyQuick                 0x08000c2d   Thumb Code    24  ad9833.o(i.AD9833_SetFrequencyQuick)
    AD9833_SetRegisterValue                  0x08000c45   Thumb Code    38  ad9833.o(i.AD9833_SetRegisterValue)
    AD983_GPIO_Init                          0x08000c71   Thumb Code    92  ad9833.o(i.AD983_GPIO_Init)
    ADC3_Sampling                            0x08000cd5   Thumb Code   202  timing sampling.o(i.ADC3_Sampling)
    ADC_Calibration                          0x08000db5   Thumb Code    42  timing sampling.o(i.ADC_Calibration)
    ADC_ClearFlag                            0x08000ddf   Thumb Code     6  stm32f10x_adc.o(i.ADC_ClearFlag)
    ADC_Cmd                                  0x08000de5   Thumb Code    22  stm32f10x_adc.o(i.ADC_Cmd)
    ADC_DMA1_Init                            0x08000dfd   Thumb Code   132  timing sampling.o(i.ADC_DMA1_Init)
    ADC_DMACmd                               0x08000e8d   Thumb Code    22  stm32f10x_adc.o(i.ADC_DMACmd)
    ADC_ExternalTrigConvCmd                  0x08000ea3   Thumb Code    22  stm32f10x_adc.o(i.ADC_ExternalTrigConvCmd)
    ADC_GPIO_Init                            0x08000eb9   Thumb Code    72  timing sampling.o(i.ADC_GPIO_Init)
    ADC_GetCalibrationStatus                 0x08000f09   Thumb Code    20  stm32f10x_adc.o(i.ADC_GetCalibrationStatus)
    ADC_GetConversionValue                   0x08000f1d   Thumb Code     8  stm32f10x_adc.o(i.ADC_GetConversionValue)
    ADC_GetFlagStatus                        0x08000f25   Thumb Code    18  stm32f10x_adc.o(i.ADC_GetFlagStatus)
    ADC_GetResetCalibrationStatus            0x08000f37   Thumb Code    20  stm32f10x_adc.o(i.ADC_GetResetCalibrationStatus)
    ADC_Init                                 0x08000f4d   Thumb Code    70  stm32f10x_adc.o(i.ADC_Init)
    ADC_Init_Init                            0x08000f9d   Thumb Code   132  timing sampling.o(i.ADC_Init_Init)
    ADC_Initialization                       0x08001025   Thumb Code    46  timing sampling.o(i.ADC_Initialization)
    ADC_MATH                                 0x08001055   Thumb Code   168  timing sampling.o(i.ADC_MATH)
    ADC_RegularChannelConfig                 0x0800110d   Thumb Code   184  stm32f10x_adc.o(i.ADC_RegularChannelConfig)
    ADC_RegularChannel_Configuration         0x080011c5   Thumb Code    86  timing sampling.o(i.ADC_RegularChannel_Configuration)
    ADC_ResetCalibration                     0x08001225   Thumb Code    10  stm32f10x_adc.o(i.ADC_ResetCalibration)
    ADC_Samp_Sweep                           0x08001231   Thumb Code   156  timing sampling.o(i.ADC_Samp_Sweep)
    ADC_Sampling                             0x080012e1   Thumb Code   158  timing sampling.o(i.ADC_Sampling)
    ADC_SoftwareStartConvCmd                 0x08001395   Thumb Code    22  stm32f10x_adc.o(i.ADC_SoftwareStartConvCmd)
    ADC_StartCalibration                     0x080013ab   Thumb Code    10  stm32f10x_adc.o(i.ADC_StartCalibration)
    ADC_TIM3_Init                            0x080013b5   Thumb Code    82  timing sampling.o(i.ADC_TIM3_Init)
    BusFault_Handler                         0x0800140d   Thumb Code     4  stm32f10x_it.o(i.BusFault_Handler)
    DMA1_Channel1_IRQHandler                 0x08001411   Thumb Code    40  timing sampling.o(i.DMA1_Channel1_IRQHandler)
    DMA_ClearITPendingBit                    0x08001445   Thumb Code    18  stm32f10x_dma.o(i.DMA_ClearITPendingBit)
    DMA_Cmd                                  0x08001461   Thumb Code    24  stm32f10x_dma.o(i.DMA_Cmd)
    DMA_GetITStatus                          0x08001479   Thumb Code    36  stm32f10x_dma.o(i.DMA_GetITStatus)
    DMA_ITConfig                             0x080014a5   Thumb Code    18  stm32f10x_dma.o(i.DMA_ITConfig)
    DMA_Init                                 0x080014b7   Thumb Code    60  stm32f10x_dma.o(i.DMA_Init)
    DebugMon_Handler                         0x080014f3   Thumb Code     2  stm32f10x_it.o(i.DebugMon_Handler)
    Delay_ms                                 0x080014f5   Thumb Code    24  delay.o(i.Delay_ms)
    Delay_us                                 0x0800150d   Thumb Code    46  delay.o(i.Delay_us)
    ERR_c                                    0x0800153d   Thumb Code   330  check_err.o(i.ERR_c)
    ERR_r2r3                                 0x08001711   Thumb Code   370  check_err.o(i.ERR_r2r3)
    EXTI0_IRQHandler                         0x080018d9   Thumb Code    32  matrix_keypad.o(i.EXTI0_IRQHandler)
    EXTI9_5_IRQHandler                       0x080018fd   Thumb Code    88  matrix_keypad.o(i.EXTI9_5_IRQHandler)
    EXTI_ClearITPendingBit                   0x08001959   Thumb Code     6  stm32f10x_exti.o(i.EXTI_ClearITPendingBit)
    EXTI_GetITStatus                         0x08001965   Thumb Code    34  stm32f10x_exti.o(i.EXTI_GetITStatus)
    GPIO_Gate                                0x0800198d   Thumb Code    38  rlctest.o(i.GPIO_Gate)
    GPIO_Init                                0x080019b9   Thumb Code   278  stm32f10x_gpio.o(i.GPIO_Init)
    GPIO_ReadInputDataBit                    0x08001acf   Thumb Code    18  stm32f10x_gpio.o(i.GPIO_ReadInputDataBit)
    GPIO_ReadOutputDataBit                   0x08001ae1   Thumb Code    18  stm32f10x_gpio.o(i.GPIO_ReadOutputDataBit)
    GPIO_ResetBits                           0x08001af3   Thumb Code     4  stm32f10x_gpio.o(i.GPIO_ResetBits)
    GPIO_SetBits                             0x08001af7   Thumb Code     4  stm32f10x_gpio.o(i.GPIO_SetBits)
    GPIO_StructInit                          0x08001afb   Thumb Code    16  stm32f10x_gpio.o(i.GPIO_StructInit)
    GPIO_Turn                                0x08001b0d   Thumb Code   148  matrix_keypad.o(i.GPIO_Turn)
    HardFault_Handler                        0x08001ba5   Thumb Code     4  stm32f10x_it.o(i.HardFault_Handler)
    Key_Control                              0x08001ba9   Thumb Code    36  matrix_keypad.o(i.Key_Control)
    Keypad_Scan                              0x08001bd5   Thumb Code   132  matrix_keypad.o(i.Keypad_Scan)
    MemManage_Handler                        0x08001c69   Thumb Code     4  stm32f10x_it.o(i.MemManage_Handler)
    NMI_Handler                              0x08001c6d   Thumb Code     2  stm32f10x_it.o(i.NMI_Handler)
    NVIC_Init                                0x08001c71   Thumb Code   100  misc.o(i.NVIC_Init)
    NVIC_PriorityGroupConfig                 0x08001ce1   Thumb Code    10  misc.o(i.NVIC_PriorityGroupConfig)
    PendSV_Handler                           0x08001cf5   Thumb Code     2  stm32f10x_it.o(i.PendSV_Handler)
    PoinTFreTest                             0x08001cf9   Thumb Code   380  rlctest.o(i.PoinTFreTest)
    RCC_ADCCLKConfig                         0x08001eb5   Thumb Code    18  stm32f10x_rcc.o(i.RCC_ADCCLKConfig)
    RCC_AHBPeriphClockCmd                    0x08001ecd   Thumb Code    26  stm32f10x_rcc.o(i.RCC_AHBPeriphClockCmd)
    RCC_APB1PeriphClockCmd                   0x08001eed   Thumb Code    26  stm32f10x_rcc.o(i.RCC_APB1PeriphClockCmd)
    RCC_APB1PeriphResetCmd                   0x08001f0d   Thumb Code    26  stm32f10x_rcc.o(i.RCC_APB1PeriphResetCmd)
    RCC_APB2PeriphClockCmd                   0x08001f2d   Thumb Code    26  stm32f10x_rcc.o(i.RCC_APB2PeriphClockCmd)
    RCC_APB2PeriphResetCmd                   0x08001f4d   Thumb Code    26  stm32f10x_rcc.o(i.RCC_APB2PeriphResetCmd)
    RCC_GetClocksFreq                        0x08001f6d   Thumb Code   192  stm32f10x_rcc.o(i.RCC_GetClocksFreq)
    RLC_test                                 0x08002041   Thumb Code   684  rlctest.o(i.RLC_test)
    ResetADC                                 0x08002395   Thumb Code     8  timing sampling.o(i.ResetADC)
    SVC_Handler                              0x0800239d   Thumb Code     2  stm32f10x_it.o(i.SVC_Handler)
    Sweep_out                                0x08002489   Thumb Code  1416  rlctest.o(i.Sweep_out)
    SysTick_Handler                          0x08002a3d   Thumb Code     2  stm32f10x_it.o(i.SysTick_Handler)
    SystemInit                               0x08002a41   Thumb Code    78  system_stm32f10x.o(i.SystemInit)
    TIM_Cmd                                  0x08002aa1   Thumb Code    24  stm32f10x_tim.o(i.TIM_Cmd)
    TIM_InternalClockConfig                  0x08002ab9   Thumb Code    12  stm32f10x_tim.o(i.TIM_InternalClockConfig)
    TIM_SelectOutputTrigger                  0x08002ac5   Thumb Code    18  stm32f10x_tim.o(i.TIM_SelectOutputTrigger)
    TIM_TimeBaseInit                         0x08002ad9   Thumb Code   122  stm32f10x_tim.o(i.TIM_TimeBaseInit)
    TIM_TimeBaseStructInit                   0x08002b7d   Thumb Code    18  stm32f10x_tim.o(i.TIM_TimeBaseStructInit)
    TJCPrintf                                0x08002b91   Thumb Code   156  tjc_usart_hmi.o(i.TJCPrintf)
    TJC_PageControl                          0x08002c31   Thumb Code   152  tjc_usart_hmi.o(i.TJC_PageControl)
    USART1_IRQHandler                        0x08002ccd   Thumb Code    44  serial.o(i.USART1_IRQHandler)
    USART2_IRQHandler                        0x08002d05   Thumb Code    42  tjc_usart_hmi.o(i.USART2_IRQHandler)
    USART_ClearFlag                          0x08002d35   Thumb Code    18  stm32f10x_usart.o(i.USART_ClearFlag)
    USART_ClearITPendingBit                  0x08002d47   Thumb Code    30  stm32f10x_usart.o(i.USART_ClearITPendingBit)
    USART_Cmd                                0x08002d65   Thumb Code    24  stm32f10x_usart.o(i.USART_Cmd)
    USART_DeInit                             0x08002d7d   Thumb Code   134  stm32f10x_usart.o(i.USART_DeInit)
    USART_GetFlagStatus                      0x08002e19   Thumb Code    26  stm32f10x_usart.o(i.USART_GetFlagStatus)
    USART_GetITStatus                        0x08002e33   Thumb Code    84  stm32f10x_usart.o(i.USART_GetITStatus)
    USART_ITConfig                           0x08002e87   Thumb Code    74  stm32f10x_usart.o(i.USART_ITConfig)
    USART_Init                               0x08002ed1   Thumb Code   210  stm32f10x_usart.o(i.USART_Init)
    USART_ReceiveData                        0x08002fa9   Thumb Code    10  stm32f10x_usart.o(i.USART_ReceiveData)
    USART_SendData                           0x08002fb3   Thumb Code     8  stm32f10x_usart.o(i.USART_SendData)
    USART_StructInit                         0x08002fbb   Thumb Code    24  stm32f10x_usart.o(i.USART_StructInit)
    UsageFault_Handler                       0x08002fd3   Thumb Code     4  stm32f10x_it.o(i.UsageFault_Handler)
    __0printf                                0x08002fd9   Thumb Code    22  printfa.o(i.__0printf)
    __1printf                                0x08002fd9   Thumb Code     0  printfa.o(i.__0printf)
    __2printf                                0x08002fd9   Thumb Code     0  printfa.o(i.__0printf)
    __c89printf                              0x08002fd9   Thumb Code     0  printfa.o(i.__0printf)
    printf                                   0x08002fd9   Thumb Code     0  printfa.o(i.__0printf)
    __0vsnprintf                             0x08002ff9   Thumb Code    46  printfa.o(i.__0vsnprintf)
    __1vsnprintf                             0x08002ff9   Thumb Code     0  printfa.o(i.__0vsnprintf)
    __2vsnprintf                             0x08002ff9   Thumb Code     0  printfa.o(i.__0vsnprintf)
    __c89vsnprintf                           0x08002ff9   Thumb Code     0  printfa.o(i.__0vsnprintf)
    vsnprintf                                0x08002ff9   Thumb Code     0  printfa.o(i.__0vsnprintf)
    __kernel_poly                            0x0800302d   Thumb Code   170  poly.o(i.__kernel_poly)
    __mathlib_dbl_divzero                    0x080030d9   Thumb Code    12  dunder.o(i.__mathlib_dbl_divzero)
    __mathlib_dbl_infnan                     0x080030e9   Thumb Code     6  dunder.o(i.__mathlib_dbl_infnan)
    __mathlib_dbl_invalid                    0x080030ef   Thumb Code    12  dunder.o(i.__mathlib_dbl_invalid)
    __scatterload_copy                       0x080030fb   Thumb Code    14  handlers.o(i.__scatterload_copy)
    __scatterload_null                       0x08003109   Thumb Code     2  handlers.o(i.__scatterload_null)
    __scatterload_zeroinit                   0x0800310b   Thumb Code    14  handlers.o(i.__scatterload_zeroinit)
    __set_errno                              0x08003119   Thumb Code     6  errno.o(i.__set_errno)
    change_GRs                               0x080039c5   Thumb Code   238  rlctest.o(i.change_GRs)
    change_adc                               0x08003af9   Thumb Code   260  rlctest.o(i.change_adc)
    check_err                                0x08003c25   Thumb Code    18  check_err.o(i.check_err)
    check_err1                               0x08003c39   Thumb Code   592  check_err.o(i.check_err1)
    deleteRingBuff                           0x08003f21   Thumb Code    74  tjc_usart_hmi.o(i.deleteRingBuff)
    display_err_info                         0x08003f71   Thumb Code   182  check_err.o(i.display_err_info)
    fputc                                    0x0800418d   Thumb Code    32  tjc_usart_hmi.o(i.fputc)
    getRingBuffLenght                        0x080041b1   Thumb Code     6  tjc_usart_hmi.o(i.getRingBuffLenght)
    getcaculation                            0x080041bd   Thumb Code   524  rlctest.o(i.getcaculation)
    initRingBuff                             0x08004441   Thumb Code    12  tjc_usart_hmi.o(i.initRingBuff)
    log                                      0x08004451   Thumb Code   808  log.o(i.log)
    log10                                    0x080047ad   Thumb Code   198  log10.o(i.log10)
    main                                     0x08004891   Thumb Code   110  main.o(i.main)
    myADC1_Init                              0x08004915   Thumb Code    26  timing sampling.o(i.myADC1_Init)
    read1BFromRingBuff                       0x08004931   Thumb Code    32  tjc_usart_hmi.o(i.read1BFromRingBuff)
    standard                                 0x08004955   Thumb Code    20  rlctest.o(i.standard)
    test                                     0x0800496d   Thumb Code   346  rlctest.o(i.test)
    uart1_init                               0x08004b09   Thumb Code   200  tjc_usart_hmi.o(i.uart1_init)
    uart2_init                               0x08004bd9   Thumb Code   196  tjc_usart_hmi.o(i.uart2_init)
    writeRingBuff                            0x08004ca5   Thumb Code    54  tjc_usart_hmi.o(i.writeRingBuff)
    key_map                                  0x08004ce0   Data          16  matrix_keypad.o(.constdata)
    __mathlib_zero                           0x08004d30   Data           8  qnan.o(.constdata)
    Region$$Table$$Base                      0x08004d38   Number         0  anon$$obj.o(Region$$Table)
    Region$$Table$$Limit                     0x08004d58   Number         0  anon$$obj.o(Region$$Table)
    Serial_RxData                            0x20000000   Data           2  serial.o(.data)
    Serial_RxFlag                            0x20000002   Data           2  serial.o(.data)
    Serial_TxPacket                          0x20000004   Data           8  serial.o(.data)
    Serial_RxPacket                          0x2000000c   Data           8  serial.o(.data)
    secondMaxIndex                           0x20000014   Data           2  timing sampling.o(.data)
    thirdMaxIndex                            0x20000016   Data           2  timing sampling.o(.data)
    vpp_vpp                                  0x20000018   Data           4  timing sampling.o(.data)
    adc_finish_fg                            0x2000001c   Data           1  timing sampling.o(.data)
    key_pressed                              0x2000001d   Data           1  matrix_keypad.o(.data)
    key_value                                0x2000001e   Data           1  matrix_keypad.o(.data)
    key_numb                                 0x20000038   Data           1  rlctest.o(.data)
    A                                        0x20000039   Data           1  rlctest.o(.data)
    G_db                                     0x2000003c   Data           4  rlctest.o(.data)
    i                                        0x20000040   Data           2  rlctest.o(.data)
    freq                                     0x20000044   Data           4  rlctest.o(.data)
    AD1                                      0x20000048   Data           2  rlctest.o(.data)
    AD2                                      0x2000004a   Data           2  rlctest.o(.data)
    AD3                                      0x2000004c   Data           2  rlctest.o(.data)
    AD5                                      0x2000004e   Data           2  rlctest.o(.data)
    DC_ref                                   0x20000050   Data           4  rlctest.o(.data)
    DC_sp                                    0x20000054   Data           4  rlctest.o(.data)
    AC_ref                                   0x20000058   Data           4  rlctest.o(.data)
    AC_ref1                                  0x2000005c   Data           4  rlctest.o(.data)
    AC_ref2                                  0x20000060   Data           4  rlctest.o(.data)
    AC_FH                                    0x20000064   Data           4  rlctest.o(.data)
    AC_FL                                    0x20000068   Data           4  rlctest.o(.data)
    RS_FL                                    0x2000006c   Data           4  rlctest.o(.data)
    RS_ref                                   0x20000070   Data           4  rlctest.o(.data)
    AC_ref3                                  0x20000074   Data           4  rlctest.o(.data)
    Ri                                       0x20000078   Data           4  rlctest.o(.data)
    Ro                                       0x2000007c   Data           4  rlctest.o(.data)
    Gain                                     0x20000080   Data           4  rlctest.o(.data)
    G_measur                                 0x20000084   Data           4  rlctest.o(.data)
    ADD1                                     0x20000088   Data           2  rlctest.o(.data)
    ADD2                                     0x2000008a   Data           2  rlctest.o(.data)
    AD1_data                                 0x2000008c   Data           4  rlctest.o(.data)
    AD0_data                                 0x20000090   Data           4  rlctest.o(.data)
    Vs                                       0x20000094   Data           4  rlctest.o(.data)
    VS                                       0x20000098   Data           4  rlctest.o(.data)
    RS_ref1                                  0x2000009c   Data           4  rlctest.o(.data)
    RS_FL1                                   0x200000a0   Data           4  rlctest.o(.data)
    AD0_data1                                0x200000a4   Data           4  rlctest.o(.data)
    AD0_data2                                0x200000a8   Data           4  rlctest.o(.data)
    GRs                                      0x200000ac   Data           4  rlctest.o(.data)
    GRS                                      0x200000b0   Data           4  rlctest.o(.data)
    freq_high                                0x200000b8   Data           8  rlctest.o(.data)
    freq_low                                 0x200000c0   Data           8  rlctest.o(.data)
    Au_db                                    0x200000c8   Data           8  rlctest.o(.data)
    freq_high1                               0x200000d0   Data           8  rlctest.o(.data)
    freq_low1                                0x200000d8   Data           8  rlctest.o(.data)
    freq_high2                               0x200000e0   Data           8  rlctest.o(.data)
    freq_low2                                0x200000e8   Data           8  rlctest.o(.data)
    Au_db1                                   0x200000f0   Data           8  rlctest.o(.data)
    ad2                                      0x200000f8   Data           4  check_err.o(.data)
    DC                                       0x200000fc   Data           4  check_err.o(.data)
    DC_LOAD                                  0x20000100   Data           4  check_err.o(.data)
    gain                                     0x20000104   Data           4  check_err.o(.data)
    ri                                       0x20000108   Data           4  check_err.o(.data)
    ad1                                      0x2000010c   Data           4  check_err.o(.data)
    vs                                       0x20000110   Data           4  check_err.o(.data)
    RS_v                                     0x20000114   Data           4  check_err.o(.data)
    CurrentPage                              0x20000118   Data           1  tjc_usart_hmi.o(.data)
    __stdout                                 0x2000011c   Data           4  stdout.o(.data)
    FFT_SourceData                           0x20000124   Data        4096  timing sampling.o(.bss)
    FFT_OutData                              0x20001124   Data        2048  timing sampling.o(.bss)
    FFT_Mag                                  0x20001924   Data        2048  timing sampling.o(.bss)
    Adc_data                                 0x20002124   Data        2048  timing sampling.o(.bss)
    Adc_data1                                0x20002924   Data        6144  timing sampling.o(.bss)
    Data_Rms                                 0x200049ec   Data        4164  rlctest.o(.bss)
    Data_v                                   0x20005a30   Data        1000  rlctest.o(.bss)
    text                                     0x20005e18   Data          10  rlctest.o(.bss)
    ringBuff                                 0x20005e22   Data         506  tjc_usart_hmi.o(.bss)
    __initial_sp                             0x20006420   Data           0  startup_stm32f10x_hd.o(STACK)



==============================================================================

Memory Map of the image

  Image Entry point : 0x08000131

  Load Region LR_IROM1 (Base: 0x08000000, Size: 0x00004e7c, Max: 0x00080000, ABSOLUTE)

    Execution Region ER_IROM1 (Exec base: 0x08000000, Load base: 0x08000000, Size: 0x00004d58, Max: 0x00080000, ABSOLUTE)

    Exec Addr    Load Addr    Size         Type   Attr      Idx    E Section Name        Object

    0x08000000   0x08000000   0x00000130   Data   RO         4583    RESET               startup_stm32f10x_hd.o
    0x08000130   0x08000130   0x00000000   Code   RO         5565  * .ARM.Collect$$$$00000000  mc_w.l(entry.o)
    0x08000130   0x08000130   0x00000004   Code   RO         5893    .ARM.Collect$$$$00000001  mc_w.l(entry2.o)
    0x08000134   0x08000134   0x00000004   Code   RO         5896    .ARM.Collect$$$$00000004  mc_w.l(entry5.o)
    0x08000138   0x08000138   0x00000000   Code   RO         5898    .ARM.Collect$$$$00000008  mc_w.l(entry7b.o)
    0x08000138   0x08000138   0x00000000   Code   RO         5900    .ARM.Collect$$$$0000000A  mc_w.l(entry8b.o)
    0x08000138   0x08000138   0x00000008   Code   RO         5901    .ARM.Collect$$$$0000000B  mc_w.l(entry9a.o)
    0x08000140   0x08000140   0x00000004   Code   RO         5908    .ARM.Collect$$$$0000000E  mc_w.l(entry12b.o)
    0x08000144   0x08000144   0x00000000   Code   RO         5903    .ARM.Collect$$$$0000000F  mc_w.l(entry10a.o)
    0x08000144   0x08000144   0x00000000   Code   RO         5905    .ARM.Collect$$$$00000011  mc_w.l(entry11a.o)
    0x08000144   0x08000144   0x00000004   Code   RO         5894    .ARM.Collect$$$$00002712  mc_w.l(entry2.o)
    0x08000148   0x08000148   0x00000024   Code   RO         4584    .text               startup_stm32f10x_hd.o
    0x0800016c   0x0800016c   0x000000b0   Code   RO         5829    .text               mf_w.l(fadd.o)
    0x0800021c   0x0800021c   0x00000064   Code   RO         5831    .text               mf_w.l(fmul.o)
    0x08000280   0x08000280   0x0000007c   Code   RO         5833    .text               mf_w.l(fdiv.o)
    0x080002fc   0x080002fc   0x0000014e   Code   RO         5835    .text               mf_w.l(dadd.o)
    0x0800044a   0x0800044a   0x000000e4   Code   RO         5837    .text               mf_w.l(dmul.o)
    0x0800052e   0x0800052e   0x000000de   Code   RO         5839    .text               mf_w.l(ddiv.o)
    0x0800060c   0x0800060c   0x0000000a   Code   RO         5843    .text               mf_w.l(ffltui.o)
    0x08000616   0x08000616   0x00000022   Code   RO         5845    .text               mf_w.l(dflti.o)
    0x08000638   0x08000638   0x0000001a   Code   RO         5847    .text               mf_w.l(dfltui.o)
    0x08000652   0x08000652   0x00000032   Code   RO         5849    .text               mf_w.l(ffixi.o)
    0x08000684   0x08000684   0x00000028   Code   RO         5851    .text               mf_w.l(ffixui.o)
    0x080006ac   0x080006ac   0x0000003e   Code   RO         5853    .text               mf_w.l(dfixi.o)
    0x080006ea   0x080006ea   0x00000032   Code   RO         5855    .text               mf_w.l(dfixui.o)
    0x0800071c   0x0800071c   0x00000026   Code   RO         5857    .text               mf_w.l(f2d.o)
    0x08000742   0x08000742   0x00000002   PAD
    0x08000744   0x08000744   0x00000030   Code   RO         5859    .text               mf_w.l(cdcmple.o)
    0x08000774   0x08000774   0x00000030   Code   RO         5861    .text               mf_w.l(cdrcmple.o)
    0x080007a4   0x080007a4   0x00000038   Code   RO         5863    .text               mf_w.l(d2f.o)
    0x080007dc   0x080007dc   0x00000014   Code   RO         5865    .text               mf_w.l(cfcmple.o)
    0x080007f0   0x080007f0   0x00000014   Code   RO         5867    .text               mf_w.l(cfrcmple.o)
    0x08000804   0x08000804   0x0000002c   Code   RO         5910    .text               mc_w.l(uidiv.o)
    0x08000830   0x08000830   0x00000062   Code   RO         5912    .text               mc_w.l(uldiv.o)
    0x08000892   0x08000892   0x0000001e   Code   RO         5914    .text               mc_w.l(llshl.o)
    0x080008b0   0x080008b0   0x00000020   Code   RO         5916    .text               mc_w.l(llushr.o)
    0x080008d0   0x080008d0   0x00000024   Code   RO         5918    .text               mc_w.l(llsshr.o)
    0x080008f4   0x080008f4   0x00000000   Code   RO         5927    .text               mc_w.l(iusefp.o)
    0x080008f4   0x080008f4   0x0000006e   Code   RO         5928    .text               mf_w.l(fepilogue.o)
    0x08000962   0x08000962   0x000000ba   Code   RO         5930    .text               mf_w.l(depilogue.o)
    0x08000a1c   0x08000a1c   0x0000002e   Code   RO         5932    .text               mf_w.l(dscalb.o)
    0x08000a4a   0x08000a4a   0x00000030   Code   RO         5936    .text               mf_w.l(dfixul.o)
    0x08000a7a   0x08000a7a   0x00000002   PAD
    0x08000a7c   0x08000a7c   0x00000024   Code   RO         5941    .text               mc_w.l(init.o)
    0x08000aa0   0x08000aa0   0x0000000e   Code   RO         1168    i.AD9833_ClearReset  ad9833.o
    0x08000aae   0x08000aae   0x00000022   Code   RO         1169    i.AD9833_Init       ad9833.o
    0x08000ad0   0x08000ad0   0x000000fc   Code   RO         1171    i.AD9833_SPI_Write  ad9833.o
    0x08000bcc   0x08000bcc   0x00000060   Code   RO         1172    i.AD9833_SetFrequency  ad9833.o
    0x08000c2c   0x08000c2c   0x00000018   Code   RO         1173    i.AD9833_SetFrequencyQuick  ad9833.o
    0x08000c44   0x08000c44   0x0000002c   Code   RO         1175    i.AD9833_SetRegisterValue  ad9833.o
    0x08000c70   0x08000c70   0x00000064   Code   RO         1178    i.AD983_GPIO_Init   ad9833.o
    0x08000cd4   0x08000cd4   0x000000e0   Code   RO          571    i.ADC3_Sampling     timing sampling.o
    0x08000db4   0x08000db4   0x0000002a   Code   RO          572    i.ADC_Calibration   timing sampling.o
    0x08000dde   0x08000dde   0x00000006   Code   RO         1317    i.ADC_ClearFlag     stm32f10x_adc.o
    0x08000de4   0x08000de4   0x00000016   Code   RO         1319    i.ADC_Cmd           stm32f10x_adc.o
    0x08000dfa   0x08000dfa   0x00000002   PAD
    0x08000dfc   0x08000dfc   0x00000090   Code   RO          573    i.ADC_DMA1_Init     timing sampling.o
    0x08000e8c   0x08000e8c   0x00000016   Code   RO         1320    i.ADC_DMACmd        stm32f10x_adc.o
    0x08000ea2   0x08000ea2   0x00000016   Code   RO         1324    i.ADC_ExternalTrigConvCmd  stm32f10x_adc.o
    0x08000eb8   0x08000eb8   0x00000050   Code   RO          574    i.ADC_GPIO_Init     timing sampling.o
    0x08000f08   0x08000f08   0x00000014   Code   RO         1327    i.ADC_GetCalibrationStatus  stm32f10x_adc.o
    0x08000f1c   0x08000f1c   0x00000008   Code   RO         1328    i.ADC_GetConversionValue  stm32f10x_adc.o
    0x08000f24   0x08000f24   0x00000012   Code   RO         1330    i.ADC_GetFlagStatus  stm32f10x_adc.o
    0x08000f36   0x08000f36   0x00000014   Code   RO         1333    i.ADC_GetResetCalibrationStatus  stm32f10x_adc.o
    0x08000f4a   0x08000f4a   0x00000002   PAD
    0x08000f4c   0x08000f4c   0x00000050   Code   RO         1337    i.ADC_Init          stm32f10x_adc.o
    0x08000f9c   0x08000f9c   0x00000088   Code   RO          575    i.ADC_Init_Init     timing sampling.o
    0x08001024   0x08001024   0x0000002e   Code   RO          576    i.ADC_Initialization  timing sampling.o
    0x08001052   0x08001052   0x00000002   PAD
    0x08001054   0x08001054   0x000000b8   Code   RO          577    i.ADC_MATH          timing sampling.o
    0x0800110c   0x0800110c   0x000000b8   Code   RO         1341    i.ADC_RegularChannelConfig  stm32f10x_adc.o
    0x080011c4   0x080011c4   0x00000060   Code   RO          578    i.ADC_RegularChannel_Configuration  timing sampling.o
    0x08001224   0x08001224   0x0000000a   Code   RO         1342    i.ADC_ResetCalibration  stm32f10x_adc.o
    0x0800122e   0x0800122e   0x00000002   PAD
    0x08001230   0x08001230   0x000000b0   Code   RO          579    i.ADC_Samp_Sweep    timing sampling.o
    0x080012e0   0x080012e0   0x000000b4   Code   RO          580    i.ADC_Sampling      timing sampling.o
    0x08001394   0x08001394   0x00000016   Code   RO         1344    i.ADC_SoftwareStartConvCmd  stm32f10x_adc.o
    0x080013aa   0x080013aa   0x0000000a   Code   RO         1346    i.ADC_StartCalibration  stm32f10x_adc.o
    0x080013b4   0x080013b4   0x00000058   Code   RO          581    i.ADC_TIM3_Init     timing sampling.o
    0x0800140c   0x0800140c   0x00000004   Code   RO         4953    i.BusFault_Handler  stm32f10x_it.o
    0x08001410   0x08001410   0x00000034   Code   RO          582    i.DMA1_Channel1_IRQHandler  timing sampling.o
    0x08001444   0x08001444   0x0000001c   Code   RO         2108    i.DMA_ClearITPendingBit  stm32f10x_dma.o
    0x08001460   0x08001460   0x00000018   Code   RO         2109    i.DMA_Cmd           stm32f10x_dma.o
    0x08001478   0x08001478   0x0000002c   Code   RO         2113    i.DMA_GetITStatus   stm32f10x_dma.o
    0x080014a4   0x080014a4   0x00000012   Code   RO         2114    i.DMA_ITConfig      stm32f10x_dma.o
    0x080014b6   0x080014b6   0x0000003c   Code   RO         2115    i.DMA_Init          stm32f10x_dma.o
    0x080014f2   0x080014f2   0x00000002   Code   RO         4954    i.DebugMon_Handler  stm32f10x_it.o
    0x080014f4   0x080014f4   0x00000018   Code   RO         4656    i.Delay_ms          delay.o
    0x0800150c   0x0800150c   0x0000002e   Code   RO         4658    i.Delay_us          delay.o
    0x0800153a   0x0800153a   0x00000002   PAD
    0x0800153c   0x0800153c   0x000001d4   Code   RO         5128    i.ERR_c             check_err.o
    0x08001710   0x08001710   0x000001c8   Code   RO         5129    i.ERR_r2r3          check_err.o
    0x080018d8   0x080018d8   0x00000024   Code   RO         1086    i.EXTI0_IRQHandler  matrix_keypad.o
    0x080018fc   0x080018fc   0x0000005c   Code   RO         1087    i.EXTI9_5_IRQHandler  matrix_keypad.o
    0x08001958   0x08001958   0x0000000c   Code   RO         2195    i.EXTI_ClearITPendingBit  stm32f10x_exti.o
    0x08001964   0x08001964   0x00000028   Code   RO         2199    i.EXTI_GetITStatus  stm32f10x_exti.o
    0x0800198c   0x0800198c   0x0000002c   Code   RO         5029    i.GPIO_Gate         rlctest.o
    0x080019b8   0x080019b8   0x00000116   Code   RO         2593    i.GPIO_Init         stm32f10x_gpio.o
    0x08001ace   0x08001ace   0x00000012   Code   RO         2597    i.GPIO_ReadInputDataBit  stm32f10x_gpio.o
    0x08001ae0   0x08001ae0   0x00000012   Code   RO         2599    i.GPIO_ReadOutputDataBit  stm32f10x_gpio.o
    0x08001af2   0x08001af2   0x00000004   Code   RO         2600    i.GPIO_ResetBits    stm32f10x_gpio.o
    0x08001af6   0x08001af6   0x00000004   Code   RO         2601    i.GPIO_SetBits      stm32f10x_gpio.o
    0x08001afa   0x08001afa   0x00000010   Code   RO         2602    i.GPIO_StructInit   stm32f10x_gpio.o
    0x08001b0a   0x08001b0a   0x00000002   PAD
    0x08001b0c   0x08001b0c   0x00000098   Code   RO         1088    i.GPIO_Turn         matrix_keypad.o
    0x08001ba4   0x08001ba4   0x00000004   Code   RO         4955    i.HardFault_Handler  stm32f10x_it.o
    0x08001ba8   0x08001ba8   0x0000002c   Code   RO         1090    i.Key_Control       matrix_keypad.o
    0x08001bd4   0x08001bd4   0x00000094   Code   RO         1092    i.Keypad_Scan       matrix_keypad.o
    0x08001c68   0x08001c68   0x00000004   Code   RO         4956    i.MemManage_Handler  stm32f10x_it.o
    0x08001c6c   0x08001c6c   0x00000002   Code   RO         4957    i.NMI_Handler       stm32f10x_it.o
    0x08001c6e   0x08001c6e   0x00000002   PAD
    0x08001c70   0x08001c70   0x00000070   Code   RO         1262    i.NVIC_Init         misc.o
    0x08001ce0   0x08001ce0   0x00000014   Code   RO         1263    i.NVIC_PriorityGroupConfig  misc.o
    0x08001cf4   0x08001cf4   0x00000002   Code   RO         4958    i.PendSV_Handler    stm32f10x_it.o
    0x08001cf6   0x08001cf6   0x00000002   PAD
    0x08001cf8   0x08001cf8   0x000001bc   Code   RO         5031    i.PoinTFreTest      rlctest.o
    0x08001eb4   0x08001eb4   0x00000018   Code   RO         3067    i.RCC_ADCCLKConfig  stm32f10x_rcc.o
    0x08001ecc   0x08001ecc   0x00000020   Code   RO         3068    i.RCC_AHBPeriphClockCmd  stm32f10x_rcc.o
    0x08001eec   0x08001eec   0x00000020   Code   RO         3069    i.RCC_APB1PeriphClockCmd  stm32f10x_rcc.o
    0x08001f0c   0x08001f0c   0x00000020   Code   RO         3070    i.RCC_APB1PeriphResetCmd  stm32f10x_rcc.o
    0x08001f2c   0x08001f2c   0x00000020   Code   RO         3071    i.RCC_APB2PeriphClockCmd  stm32f10x_rcc.o
    0x08001f4c   0x08001f4c   0x00000020   Code   RO         3072    i.RCC_APB2PeriphResetCmd  stm32f10x_rcc.o
    0x08001f6c   0x08001f6c   0x000000d4   Code   RO         3079    i.RCC_GetClocksFreq  stm32f10x_rcc.o
    0x08002040   0x08002040   0x00000354   Code   RO         5032    i.RLC_test          rlctest.o
    0x08002394   0x08002394   0x00000008   Code   RO          586    i.ResetADC          timing sampling.o
    0x0800239c   0x0800239c   0x00000002   Code   RO         4959    i.SVC_Handler       stm32f10x_it.o
    0x0800239e   0x0800239e   0x00000008   Code   RO         4591    i.SetSysClock       system_stm32f10x.o
    0x080023a6   0x080023a6   0x00000002   PAD
    0x080023a8   0x080023a8   0x000000e0   Code   RO         4592    i.SetSysClockTo72   system_stm32f10x.o
    0x08002488   0x08002488   0x000005b4   Code   RO         5033    i.Sweep_out         rlctest.o
    0x08002a3c   0x08002a3c   0x00000002   Code   RO         4960    i.SysTick_Handler   stm32f10x_it.o
    0x08002a3e   0x08002a3e   0x00000002   PAD
    0x08002a40   0x08002a40   0x00000060   Code   RO         4594    i.SystemInit        system_stm32f10x.o
    0x08002aa0   0x08002aa0   0x00000018   Code   RO         3763    i.TIM_Cmd           stm32f10x_tim.o
    0x08002ab8   0x08002ab8   0x0000000c   Code   RO         3790    i.TIM_InternalClockConfig  stm32f10x_tim.o
    0x08002ac4   0x08002ac4   0x00000012   Code   RO         3820    i.TIM_SelectOutputTrigger  stm32f10x_tim.o
    0x08002ad6   0x08002ad6   0x00000002   PAD
    0x08002ad8   0x08002ad8   0x000000a4   Code   RO         3834    i.TIM_TimeBaseInit  stm32f10x_tim.o
    0x08002b7c   0x08002b7c   0x00000012   Code   RO         3835    i.TIM_TimeBaseStructInit  stm32f10x_tim.o
    0x08002b8e   0x08002b8e   0x00000002   PAD
    0x08002b90   0x08002b90   0x000000a0   Code   RO         5431    i.TJCPrintf         tjc_usart_hmi.o
    0x08002c30   0x08002c30   0x0000009c   Code   RO         5433    i.TJC_PageControl   tjc_usart_hmi.o
    0x08002ccc   0x08002ccc   0x00000038   Code   RO          463    i.USART1_IRQHandler  serial.o
    0x08002d04   0x08002d04   0x00000030   Code   RO         5435    i.USART2_IRQHandler  tjc_usart_hmi.o
    0x08002d34   0x08002d34   0x00000012   Code   RO         4310    i.USART_ClearFlag   stm32f10x_usart.o
    0x08002d46   0x08002d46   0x0000001e   Code   RO         4311    i.USART_ClearITPendingBit  stm32f10x_usart.o
    0x08002d64   0x08002d64   0x00000018   Code   RO         4314    i.USART_Cmd         stm32f10x_usart.o
    0x08002d7c   0x08002d7c   0x0000009c   Code   RO         4316    i.USART_DeInit      stm32f10x_usart.o
    0x08002e18   0x08002e18   0x0000001a   Code   RO         4317    i.USART_GetFlagStatus  stm32f10x_usart.o
    0x08002e32   0x08002e32   0x00000054   Code   RO         4318    i.USART_GetITStatus  stm32f10x_usart.o
    0x08002e86   0x08002e86   0x0000004a   Code   RO         4320    i.USART_ITConfig    stm32f10x_usart.o
    0x08002ed0   0x08002ed0   0x000000d8   Code   RO         4321    i.USART_Init        stm32f10x_usart.o
    0x08002fa8   0x08002fa8   0x0000000a   Code   RO         4328    i.USART_ReceiveData  stm32f10x_usart.o
    0x08002fb2   0x08002fb2   0x00000008   Code   RO         4331    i.USART_SendData    stm32f10x_usart.o
    0x08002fba   0x08002fba   0x00000018   Code   RO         4337    i.USART_StructInit  stm32f10x_usart.o
    0x08002fd2   0x08002fd2   0x00000004   Code   RO         4961    i.UsageFault_Handler  stm32f10x_it.o
    0x08002fd6   0x08002fd6   0x00000002   PAD
    0x08002fd8   0x08002fd8   0x00000020   Code   RO         5801    i.__0printf         mc_w.l(printfa.o)
    0x08002ff8   0x08002ff8   0x00000034   Code   RO         5806    i.__0vsnprintf      mc_w.l(printfa.o)
    0x0800302c   0x0800302c   0x000000aa   Code   RO         5938    i.__kernel_poly     m_ws.l(poly.o)
    0x080030d6   0x080030d6   0x00000002   PAD
    0x080030d8   0x080030d8   0x00000010   Code   RO         5869    i.__mathlib_dbl_divzero  m_ws.l(dunder.o)
    0x080030e8   0x080030e8   0x00000006   Code   RO         5870    i.__mathlib_dbl_infnan  m_ws.l(dunder.o)
    0x080030ee   0x080030ee   0x0000000c   Code   RO         5872    i.__mathlib_dbl_invalid  m_ws.l(dunder.o)
    0x080030fa   0x080030fa   0x0000000e   Code   RO         5945    i.__scatterload_copy  mc_w.l(handlers.o)
    0x08003108   0x08003108   0x00000002   Code   RO         5946    i.__scatterload_null  mc_w.l(handlers.o)
    0x0800310a   0x0800310a   0x0000000e   Code   RO         5947    i.__scatterload_zeroinit  mc_w.l(handlers.o)
    0x08003118   0x08003118   0x0000000c   Code   RO         5922    i.__set_errno       mc_w.l(errno.o)
    0x08003124   0x08003124   0x00000184   Code   RO         5808    i._fp_digits        mc_w.l(printfa.o)
    0x080032a8   0x080032a8   0x000006b4   Code   RO         5809    i._printf_core      mc_w.l(printfa.o)
    0x0800395c   0x0800395c   0x00000024   Code   RO         5810    i._printf_post_padding  mc_w.l(printfa.o)
    0x08003980   0x08003980   0x0000002e   Code   RO         5811    i._printf_pre_padding  mc_w.l(printfa.o)
    0x080039ae   0x080039ae   0x00000016   Code   RO         5812    i._snputc           mc_w.l(printfa.o)
    0x080039c4   0x080039c4   0x00000134   Code   RO         5034    i.change_GRs        rlctest.o
    0x08003af8   0x08003af8   0x0000012c   Code   RO         5035    i.change_adc        rlctest.o
    0x08003c24   0x08003c24   0x00000012   Code   RO         5130    i.check_err         check_err.o
    0x08003c36   0x08003c36   0x00000002   PAD
    0x08003c38   0x08003c38   0x000002e8   Code   RO         5131    i.check_err1        check_err.o
    0x08003f20   0x08003f20   0x00000050   Code   RO         5436    i.deleteRingBuff    tjc_usart_hmi.o
    0x08003f70   0x08003f70   0x0000021c   Code   RO         5132    i.display_err_info  check_err.o
    0x0800418c   0x0800418c   0x00000024   Code   RO         5437    i.fputc             tjc_usart_hmi.o
    0x080041b0   0x080041b0   0x0000000c   Code   RO         5438    i.getRingBuffLenght  tjc_usart_hmi.o
    0x080041bc   0x080041bc   0x00000284   Code   RO         5036    i.getcaculation     rlctest.o
    0x08004440   0x08004440   0x00000010   Code   RO         5439    i.initRingBuff      tjc_usart_hmi.o
    0x08004450   0x08004450   0x0000035c   Code   RO         5884    i.log               m_ws.l(log.o)
    0x080047ac   0x080047ac   0x000000e4   Code   RO         5550    i.log10             m_ws.l(log10.o)
    0x08004890   0x08004890   0x00000084   Code   RO         4905    i.main              main.o
    0x08004914   0x08004914   0x0000001a   Code   RO          587    i.myADC1_Init       timing sampling.o
    0x0800492e   0x0800492e   0x00000002   PAD
    0x08004930   0x08004930   0x00000024   Code   RO         5441    i.read1BFromRingBuff  tjc_usart_hmi.o
    0x08004954   0x08004954   0x00000018   Code   RO         5037    i.standard          rlctest.o
    0x0800496c   0x0800496c   0x0000019c   Code   RO         5038    i.test              rlctest.o
    0x08004b08   0x08004b08   0x000000d0   Code   RO         5442    i.uart1_init        tjc_usart_hmi.o
    0x08004bd8   0x08004bd8   0x000000cc   Code   RO         5443    i.uart2_init        tjc_usart_hmi.o
    0x08004ca4   0x08004ca4   0x0000003c   Code   RO         5444    i.writeRingBuff     tjc_usart_hmi.o
    0x08004ce0   0x08004ce0   0x00000010   Data   RO         1093    .constdata          matrix_keypad.o
    0x08004cf0   0x08004cf0   0x00000005   Data   RO         1180    .constdata          ad9833.o
    0x08004cf5   0x08004cf5   0x00000003   PAD
    0x08004cf8   0x08004cf8   0x00000038   Data   RO         5885    .constdata          m_ws.l(log.o)
    0x08004d30   0x08004d30   0x00000008   Data   RO         5940    .constdata          m_ws.l(qnan.o)
    0x08004d38   0x08004d38   0x00000020   Data   RO         5943    Region$$Table       anon$$obj.o


    Execution Region RW_IRAM1 (Exec base: 0x20000000, Load base: 0x08004d58, Size: 0x00006420, Max: 0x00010000, ABSOLUTE)

    Exec Addr    Load Addr    Size         Type   Attr      Idx    E Section Name        Object

    0x20000000   0x08004d58   0x00000014   Data   RW          464    .data               serial.o
    0x20000014   0x08004d6c   0x00000009   Data   RW          589    .data               timing sampling.o
    0x2000001d   0x08004d75   0x00000002   Data   RW         1094    .data               matrix_keypad.o
    0x2000001f   0x08004d77   0x00000014   Data   RW         3099    .data               stm32f10x_rcc.o
    0x20000033   0x08004d8b   0x00000005   PAD
    0x20000038   0x08004d90   0x000000c0   Data   RW         5040    .data               rlctest.o
    0x200000f8   0x08004e50   0x00000020   Data   RW         5134    .data               check_err.o
    0x20000118   0x08004e70   0x00000001   Data   RW         5446    .data               tjc_usart_hmi.o
    0x20000119   0x08004e71   0x00000003   PAD
    0x2000011c   0x08004e74   0x00000004   Data   RW         5909    .data               mc_w.l(stdout.o)
    0x20000120   0x08004e78   0x00000004   Data   RW         5923    .data               mc_w.l(errno.o)
    0x20000124        -       0x000048c8   Zero   RW          588    .bss                timing sampling.o
    0x200049ec        -       0x00001436   Zero   RW         5039    .bss                rlctest.o
    0x20005e22        -       0x000001fa   Zero   RW         5445    .bss                tjc_usart_hmi.o
    0x2000601c   0x08004e7c   0x00000004   PAD
    0x20006020        -       0x00000400   Zero   RW         4581    STACK               startup_stm32f10x_hd.o


==============================================================================

Image component sizes


      Code (inc. data)   RO Data    RW Data    ZI Data      Debug   Object Name

       564         42          5          0          0       4270   ad9833.o
      2226        750          0         32          0       4452   check_err.o
        70          0          0          0          0        866   delay.o
         0          0          0          0          0     271272   led.o
       132         22          0          0          0        463   main.o
       472         36         16          2          0       3504   matrix_keypad.o
       132         22          0          0          0       2947   misc.o
      4488        690          0        192       5174       8090   rlctest.o
        56         12          0         20          0       2894   serial.o
        36          8        304          0       1024        756   startup_stm32f10x_hd.o
       444         10          0          0          0      17716   stm32f10x_adc.o
       174         18          0          0          0      13850   stm32f10x_dma.o
        52         12          0          0          0       1000   stm32f10x_exti.o
       338          0          0          0          0      12623   stm32f10x_gpio.o
        26          0          0          0          0       3470   stm32f10x_it.o
       396         56          0         20          0      14779   stm32f10x_rcc.o
       236         42          0          0          0      23250   stm32f10x_tim.o
       670         28          0          0          0      13687   stm32f10x_usart.o
       328         28          0          0          0       1709   system_stm32f10x.o
      1482        132          0          9      18632       8940   timing sampling.o
      1016         60          0          1        506       6824   tjc_usart_hmi.o

    ----------------------------------------------------------------------
     13368       1968        360        284      25340     417362   Object Totals
         0          0         32          0          0          0   (incl. Generated)
        30          0          3          8          4          0   (incl. Padding)

    ----------------------------------------------------------------------

      Code (inc. data)   RO Data    RW Data    ZI Data      Debug   Library Member Name

        34          4          0          0          0        204   dunder.o
       860         52         56          0          0        256   log.o
       228         30          0          0          0        120   log10.o
       170          0          0          0          0         96   poly.o
         0          0          8          0          0          0   qnan.o
         0          0          0          0          0          0   entry.o
         0          0          0          0          0          0   entry10a.o
         0          0          0          0          0          0   entry11a.o
         4          0          0          0          0          0   entry12b.o
         8          4          0          0          0          0   entry2.o
         4          0          0          0          0          0   entry5.o
         0          0          0          0          0          0   entry7b.o
         0          0          0          0          0          0   entry8b.o
         8          4          0          0          0          0   entry9a.o
        12          6          0          4          0         68   errno.o
        30          0          0          0          0          0   handlers.o
        36          8          0          0          0         68   init.o
         0          0          0          0          0          0   iusefp.o
        30          0          0          0          0         68   llshl.o
        36          0          0          0          0         68   llsshr.o
        32          0          0          0          0         68   llushr.o
      2292         96          0          0          0        612   printfa.o
         0          0          0          4          0          0   stdout.o
        44          0          0          0          0         80   uidiv.o
        98          0          0          0          0         92   uldiv.o
        48          0          0          0          0         68   cdcmple.o
        48          0          0          0          0         68   cdrcmple.o
        20          0          0          0          0         68   cfcmple.o
        20          0          0          0          0         68   cfrcmple.o
        56          0          0          0          0         88   d2f.o
       334          0          0          0          0        148   dadd.o
       222          0          0          0          0        100   ddiv.o
       186          0          0          0          0        176   depilogue.o
        62          0          0          0          0         80   dfixi.o
        50          0          0          0          0         76   dfixui.o
        48          0          0          0          0         68   dfixul.o
        34          0          0          0          0         76   dflti.o
        26          0          0          0          0         76   dfltui.o
       228          0          0          0          0         96   dmul.o
        46          0          0          0          0         80   dscalb.o
        38          0          0          0          0         68   f2d.o
       176          0          0          0          0        140   fadd.o
       124          0          0          0          0         88   fdiv.o
       110          0          0          0          0        168   fepilogue.o
        50          0          0          0          0         68   ffixi.o
        40          0          0          0          0         68   ffixui.o
        10          0          0          0          0         68   ffltui.o
       100          0          0          0          0         76   fmul.o

    ----------------------------------------------------------------------
      6008        204         64          8          0       3880   Library Totals
         6          0          0          0          0          0   (incl. Padding)

    ----------------------------------------------------------------------

      Code (inc. data)   RO Data    RW Data    ZI Data      Debug   Library Name

      1292         86         64          0          0        676   m_ws.l
      2634        118          0          8          0       1124   mc_w.l
      2076          0          0          0          0       2080   mf_w.l

    ----------------------------------------------------------------------
      6008        204         64          8          0       3880   Library Totals

    ----------------------------------------------------------------------

==============================================================================


      Code (inc. data)   RO Data    RW Data    ZI Data      Debug   

     19376       2172        424        292      25340     413386   Grand Totals
     19376       2172        424        292      25340     413386   ELF Image Totals
     19376       2172        424        292          0          0   ROM Totals

==============================================================================

    Total RO  Size (Code + RO Data)                19800 (  19.34kB)
    Total RW  Size (RW Data + ZI Data)             25632 (  25.03kB)
    Total ROM Size (Code + RO Data + RW Data)      20092 (  19.62kB)

==============================================================================

