Component: ARM Compiler 5.06 update 7 (build 960) Tool: armlink [4d3601]

==============================================================================

Section Cross References

    led.o(i.LED1_Off) refers to stm32f10x_gpio.o(i.GPIO_SetBits) for GPIO_SetBits
    led.o(i.LED1_On) refers to stm32f10x_gpio.o(i.GPIO_ResetBits) for GPIO_ResetBits
    led.o(i.LED1_Turn) refers to stm32f10x_gpio.o(i.GPIO_ReadOutputDataBit) for GPIO_ReadOutputDataBit
    led.o(i.LED1_Turn) refers to stm32f10x_gpio.o(i.GPIO_SetBits) for GPIO_SetBits
    led.o(i.LED1_Turn) refers to stm32f10x_gpio.o(i.GPIO_ResetBits) for GPIO_ResetBits
    led.o(i.LED2_Off) refers to stm32f10x_gpio.o(i.GPIO_SetBits) for GPIO_SetBits
    led.o(i.LED2_On) refers to stm32f10x_gpio.o(i.GPIO_ResetBits) for GPIO_ResetBits
    led.o(i.LED2_Turn) refers to stm32f10x_gpio.o(i.GPIO_ReadOutputDataBit) for GPIO_ReadOutputDataBit
    led.o(i.LED2_Turn) refers to stm32f10x_gpio.o(i.GPIO_SetBits) for GPIO_SetBits
    led.o(i.LED2_Turn) refers to stm32f10x_gpio.o(i.GPIO_ResetBits) for GPIO_ResetBits
    led.o(i.LED_Init) refers to stm32f10x_rcc.o(i.RCC_APB2PeriphClockCmd) for RCC_APB2PeriphClockCmd
    led.o(i.LED_Init) refers to stm32f10x_gpio.o(i.GPIO_Init) for GPIO_Init
    led.o(i.LED_Init) refers to stm32f10x_gpio.o(i.GPIO_SetBits) for GPIO_SetBits
    key.o(i.Key_GetNum) refers to stm32f10x_gpio.o(i.GPIO_ReadInputDataBit) for GPIO_ReadInputDataBit
    key.o(i.Key_GetNum) refers to delay.o(i.Delay_ms) for Delay_ms
    key.o(i.Key_Init) refers to stm32f10x_rcc.o(i.RCC_APB2PeriphClockCmd) for RCC_APB2PeriphClockCmd
    key.o(i.Key_Init) refers to stm32f10x_gpio.o(i.GPIO_Init) for GPIO_Init
    oled.o(i.OLED_Clear) refers to oled.o(i.OLED_SetCursor) for OLED_SetCursor
    oled.o(i.OLED_Clear) refers to oled.o(i.OLED_WriteData) for OLED_WriteData
    oled.o(i.OLED_I2C_Init) refers to stm32f10x_rcc.o(i.RCC_APB2PeriphClockCmd) for RCC_APB2PeriphClockCmd
    oled.o(i.OLED_I2C_Init) refers to stm32f10x_gpio.o(i.GPIO_Init) for GPIO_Init
    oled.o(i.OLED_I2C_Init) refers to stm32f10x_gpio.o(i.GPIO_WriteBit) for GPIO_WriteBit
    oled.o(i.OLED_I2C_SendByte) refers to stm32f10x_gpio.o(i.GPIO_WriteBit) for GPIO_WriteBit
    oled.o(i.OLED_I2C_Start) refers to stm32f10x_gpio.o(i.GPIO_WriteBit) for GPIO_WriteBit
    oled.o(i.OLED_I2C_Stop) refers to stm32f10x_gpio.o(i.GPIO_WriteBit) for GPIO_WriteBit
    oled.o(i.OLED_Init) refers to oled.o(i.OLED_I2C_Init) for OLED_I2C_Init
    oled.o(i.OLED_Init) refers to oled.o(i.OLED_WriteCommand) for OLED_WriteCommand
    oled.o(i.OLED_Init) refers to oled.o(i.OLED_Clear) for OLED_Clear
    oled.o(i.OLED_SetCursor) refers to oled.o(i.OLED_WriteCommand) for OLED_WriteCommand
    oled.o(i.OLED_ShowBinNum) refers to oled.o(i.OLED_Pow) for OLED_Pow
    oled.o(i.OLED_ShowBinNum) refers to oled.o(i.OLED_ShowChar) for OLED_ShowChar
    oled.o(i.OLED_ShowChar) refers to oled.o(i.OLED_SetCursor) for OLED_SetCursor
    oled.o(i.OLED_ShowChar) refers to oled.o(i.OLED_WriteData) for OLED_WriteData
    oled.o(i.OLED_ShowChar) refers to oled.o(.constdata) for OLED_F8x16
    oled.o(i.OLED_ShowHexNum) refers to oled.o(i.OLED_Pow) for OLED_Pow
    oled.o(i.OLED_ShowHexNum) refers to oled.o(i.OLED_ShowChar) for OLED_ShowChar
    oled.o(i.OLED_ShowNum) refers to oled.o(i.OLED_Pow) for OLED_Pow
    oled.o(i.OLED_ShowNum) refers to oled.o(i.OLED_ShowChar) for OLED_ShowChar
    oled.o(i.OLED_ShowSignedNum) refers to oled.o(i.OLED_ShowChar) for OLED_ShowChar
    oled.o(i.OLED_ShowSignedNum) refers to oled.o(i.OLED_Pow) for OLED_Pow
    oled.o(i.OLED_ShowString) refers to oled.o(i.OLED_ShowChar) for OLED_ShowChar
    oled.o(i.OLED_WriteCommand) refers to oled.o(i.OLED_I2C_Start) for OLED_I2C_Start
    oled.o(i.OLED_WriteCommand) refers to oled.o(i.OLED_I2C_SendByte) for OLED_I2C_SendByte
    oled.o(i.OLED_WriteCommand) refers to oled.o(i.OLED_I2C_Stop) for OLED_I2C_Stop
    oled.o(i.OLED_WriteData) refers to oled.o(i.OLED_I2C_Start) for OLED_I2C_Start
    oled.o(i.OLED_WriteData) refers to oled.o(i.OLED_I2C_SendByte) for OLED_I2C_SendByte
    oled.o(i.OLED_WriteData) refers to oled.o(i.OLED_I2C_Stop) for OLED_I2C_Stop
    key_exti.o(i.Get_EXTI_Count) refers to key_exti.o(.data) for EXTI_Count
    key_exti.o(i.KeyExti_Init) refers to stm32f10x_rcc.o(i.RCC_APB2PeriphClockCmd) for RCC_APB2PeriphClockCmd
    key_exti.o(i.KeyExti_Init) refers to stm32f10x_gpio.o(i.GPIO_Init) for GPIO_Init
    key_exti.o(i.KeyExti_Init) refers to stm32f10x_gpio.o(i.GPIO_EXTILineConfig) for GPIO_EXTILineConfig
    key_exti.o(i.KeyExti_Init) refers to stm32f10x_exti.o(i.EXTI_Init) for EXTI_Init
    key_exti.o(i.KeyExti_Init) refers to misc.o(i.NVIC_PriorityGroupConfig) for NVIC_PriorityGroupConfig
    key_exti.o(i.KeyExti_Init) refers to misc.o(i.NVIC_Init) for NVIC_Init
    beep.o(i.Beep_Init) refers to stm32f10x_rcc.o(i.RCC_APB2PeriphClockCmd) for RCC_APB2PeriphClockCmd
    beep.o(i.Beep_Init) refers to stm32f10x_gpio.o(i.GPIO_Init) for GPIO_Init
[...]
    Removing stm32f10x_tim.o(i.TI3_Config), (144 bytes).
    Removing stm32f10x_tim.o(i.TI4_Config), (152 bytes).
    Removing stm32f10x_tim.o(i.TIM_ARRPreloadConfig), (24 bytes).
    Removing stm32f10x_tim.o(i.TIM_BDTRConfig), (32 bytes).
    Removing stm32f10x_tim.o(i.TIM_BDTRStructInit), (18 bytes).
    Removing stm32f10x_tim.o(i.TIM_CCPreloadControl), (24 bytes).
    Removing stm32f10x_tim.o(i.TIM_CCxCmd), (30 bytes).
    Removing stm32f10x_tim.o(i.TIM_CCxNCmd), (30 bytes).
    Removing stm32f10x_tim.o(i.TIM_ClearFlag), (6 bytes).
    Removing stm32f10x_tim.o(i.TIM_ClearITPendingBit), (6 bytes).
    Removing stm32f10x_tim.o(i.TIM_ClearOC1Ref), (18 bytes).
    Removing stm32f10x_tim.o(i.TIM_ClearOC2Ref), (24 bytes).
    Removing stm32f10x_tim.o(i.TIM_ClearOC3Ref), (18 bytes).
    Removing stm32f10x_tim.o(i.TIM_ClearOC4Ref), (24 bytes).
    Removing stm32f10x_tim.o(i.TIM_CounterModeConfig), (18 bytes).
    Removing stm32f10x_tim.o(i.TIM_CtrlPWMOutputs), (30 bytes).
    Removing stm32f10x_tim.o(i.TIM_DMACmd), (18 bytes).
    Removing stm32f10x_tim.o(i.TIM_DMAConfig), (10 bytes).
    Removing stm32f10x_tim.o(i.TIM_DeInit), (488 bytes).
    Removing stm32f10x_tim.o(i.TIM_ETRClockMode1Config), (54 bytes).
    Removing stm32f10x_tim.o(i.TIM_ETRClockMode2Config), (32 bytes).
    Removing stm32f10x_tim.o(i.TIM_ETRConfig), (28 bytes).
    Removing stm32f10x_tim.o(i.TIM_EncoderInterfaceConfig), (66 bytes).
    Removing stm32f10x_tim.o(i.TIM_ForcedOC1Config), (18 bytes).
    Removing stm32f10x_tim.o(i.TIM_ForcedOC2Config), (26 bytes).
    Removing stm32f10x_tim.o(i.TIM_ForcedOC3Config), (18 bytes).
    Removing stm32f10x_tim.o(i.TIM_ForcedOC4Config), (26 bytes).
    Removing stm32f10x_tim.o(i.TIM_GenerateEvent), (4 bytes).
    Removing stm32f10x_tim.o(i.TIM_GetCapture1), (6 bytes).
    Removing stm32f10x_tim.o(i.TIM_GetCapture2), (6 bytes).
    Removing stm32f10x_tim.o(i.TIM_GetCapture3), (6 bytes).
    Removing stm32f10x_tim.o(i.TIM_GetCapture4), (8 bytes).
    Removing stm32f10x_tim.o(i.TIM_GetCounter), (6 bytes).
    Removing stm32f10x_tim.o(i.TIM_GetFlagStatus), (18 bytes).
    Removing stm32f10x_tim.o(i.TIM_GetITStatus), (34 bytes).
    Removing stm32f10x_tim.o(i.TIM_GetPrescaler), (6 bytes).
    Removing stm32f10x_tim.o(i.TIM_ICInit), (172 bytes).
    Removing stm32f10x_tim.o(i.TIM_ICStructInit), (18 bytes).
    Removing stm32f10x_tim.o(i.TIM_ITConfig), (18 bytes).
    Removing stm32f10x_tim.o(i.TIM_ITRxExternalClockConfig), (24 bytes).
    Removing stm32f10x_tim.o(i.TIM_OC1FastConfig), (18 bytes).
    Removing stm32f10x_tim.o(i.TIM_OC1Init), (152 bytes).
    Removing stm32f10x_tim.o(i.TIM_OC1NPolarityConfig), (18 bytes).
    Removing stm32f10x_tim.o(i.TIM_OC1PolarityConfig), (18 bytes).
    Removing stm32f10x_tim.o(i.TIM_OC1PreloadConfig), (18 bytes).
    Removing stm32f10x_tim.o(i.TIM_OC2FastConfig), (26 bytes).
    Removing stm32f10x_tim.o(i.TIM_OC2Init), (164 bytes).
    Removing stm32f10x_tim.o(i.TIM_OC2NPolarityConfig), (26 bytes).
    Removing stm32f10x_tim.o(i.TIM_OC2PolarityConfig), (26 bytes).
    Removing stm32f10x_tim.o(i.TIM_OC2PreloadConfig), (26 bytes).
    Removing stm32f10x_tim.o(i.TIM_OC3FastConfig), (18 bytes).
    Removing stm32f10x_tim.o(i.TIM_OC3Init), (160 bytes).
    Removing stm32f10x_tim.o(i.TIM_OC3NPolarityConfig), (26 bytes).
    Removing stm32f10x_tim.o(i.TIM_OC3PolarityConfig), (26 bytes).
    Removing stm32f10x_tim.o(i.TIM_OC3PreloadConfig), (18 bytes).
    Removing stm32f10x_tim.o(i.TIM_OC4FastConfig), (26 bytes).
    Removing stm32f10x_tim.o(i.TIM_OC4Init), (124 bytes).
    Removing stm32f10x_tim.o(i.TIM_OC4PolarityConfig), (26 bytes).
    Removing stm32f10x_tim.o(i.TIM_OC4PreloadConfig), (26 bytes).
    Removing stm32f10x_tim.o(i.TIM_OCStructInit), (20 bytes).
    Removing stm32f10x_tim.o(i.TIM_PWMIConfig), (124 bytes).
    Removing stm32f10x_tim.o(i.TIM_PrescalerConfig), (6 bytes).
    Removing stm32f10x_tim.o(i.TIM_SelectCCDMA), (24 bytes).
    Removing stm32f10x_tim.o(i.TIM_SelectCOM), (24 bytes).
    Removing stm32f10x_tim.o(i.TIM_SelectHallSensor), (24 bytes).
    Removing stm32f10x_tim.o(i.TIM_SelectInputTrigger), (18 bytes).
    Removing stm32f10x_tim.o(i.TIM_SelectMasterSlaveMode), (18 bytes).
    Removing stm32f10x_tim.o(i.TIM_SelectOCxM), (82 bytes).
    Removing stm32f10x_tim.o(i.TIM_SelectOnePulseMode), (18 bytes).
    Removing stm32f10x_tim.o(i.TIM_SelectSlaveMode), (18 bytes).
    Removing stm32f10x_tim.o(i.TIM_SetAutoreload), (4 bytes).
    Removing stm32f10x_tim.o(i.TIM_SetClockDivision), (18 bytes).
    Removing stm32f10x_tim.o(i.TIM_SetCompare1), (4 bytes).
    Removing stm32f10x_tim.o(i.TIM_SetCompare2), (4 bytes).
    Removing stm32f10x_tim.o(i.TIM_SetCompare3), (4 bytes).
    Removing stm32f10x_tim.o(i.TIM_SetCompare4), (6 bytes).
    Removing stm32f10x_tim.o(i.TIM_SetCounter), (4 bytes).
    Removing stm32f10x_tim.o(i.TIM_SetIC1Prescaler), (18 bytes).
    Removing stm32f10x_tim.o(i.TIM_SetIC2Prescaler), (26 bytes).
    Removing stm32f10x_tim.o(i.TIM_SetIC3Prescaler), (18 bytes).
    Removing stm32f10x_tim.o(i.TIM_SetIC4Prescaler), (26 bytes).
    Removing stm32f10x_tim.o(i.TIM_TIxExternalClockConfig), (62 bytes).
    Removing stm32f10x_tim.o(i.TIM_UpdateDisableConfig), (24 bytes).
    Removing stm32f10x_tim.o(i.TIM_UpdateRequestConfig), (24 bytes).
    Removing stm32f10x_usart.o(.rev16_text), (4 bytes).
    Removing stm32f10x_usart.o(.revsh_text), (4 bytes).
    Removing stm32f10x_usart.o(.rrx_text), (6 bytes).
    Removing stm32f10x_usart.o(i.USART_ClockInit), (34 bytes).
    Removing stm32f10x_usart.o(i.USART_ClockStructInit), (12 bytes).
    Removing stm32f10x_usart.o(i.USART_DMACmd), (18 bytes).
    Removing stm32f10x_usart.o(i.USART_HalfDuplexCmd), (24 bytes).
    Removing stm32f10x_usart.o(i.USART_IrDACmd), (24 bytes).
    Removing stm32f10x_usart.o(i.USART_IrDAConfig), (18 bytes).
    Removing stm32f10x_usart.o(i.USART_LINBreakDetectLengthConfig), (18 bytes).
    Removing stm32f10x_usart.o(i.USART_LINCmd), (24 bytes).
    Removing stm32f10x_usart.o(i.USART_OneBitMethodCmd), (24 bytes).
    Removing stm32f10x_usart.o(i.USART_OverSampling8Cmd), (22 bytes).
    Removing stm32f10x_usart.o(i.USART_ReceiverWakeUpCmd), (24 bytes).
    Removing stm32f10x_usart.o(i.USART_SendBreak), (10 bytes).
    Removing stm32f10x_usart.o(i.USART_SetAddress), (18 bytes).
    Removing stm32f10x_usart.o(i.USART_SetGuardTime), (16 bytes).
    Removing stm32f10x_usart.o(i.USART_SetPrescaler), (16 bytes).
    Removing stm32f10x_usart.o(i.USART_SmartCardCmd), (24 bytes).
    Removing stm32f10x_usart.o(i.USART_SmartCardNACKCmd), (24 bytes).
    Removing stm32f10x_usart.o(i.USART_WakeUpConfig), (18 bytes).
    Removing stm32f10x_wwdg.o(.rev16_text), (4 bytes).
    Removing stm32f10x_wwdg.o(.revsh_text), (4 bytes).
    Removing stm32f10x_wwdg.o(.rrx_text), (6 bytes).
    Removing stm32f10x_wwdg.o(i.WWDG_ClearFlag), (12 bytes).
    Removing stm32f10x_wwdg.o(i.WWDG_DeInit), (22 bytes).
    Removing stm32f10x_wwdg.o(i.WWDG_Enable), (16 bytes).
    Removing stm32f10x_wwdg.o(i.WWDG_EnableIT), (12 bytes).
    Removing stm32f10x_wwdg.o(i.WWDG_GetFlagStatus), (12 bytes).
    Removing stm32f10x_wwdg.o(i.WWDG_SetCounter), (16 bytes).
    Removing stm32f10x_wwdg.o(i.WWDG_SetPrescaler), (24 bytes).
    Removing stm32f10x_wwdg.o(i.WWDG_SetWindowValue), (40 bytes).
    Removing core_cm3.o(.emb_text), (32 bytes).
    Removing startup_stm32f10x_hd.o(HEAP), (512 bytes).
    Removing system_stm32f10x.o(.rev16_text), (4 bytes).
    Removing system_stm32f10x.o(.revsh_text), (4 bytes).
    Removing system_stm32f10x.o(.rrx_text), (6 bytes).
    Removing system_stm32f10x.o(i.SystemCoreClockUpdate), (164 bytes).
    Removing system_stm32f10x.o(.data), (20 bytes).
    Removing delay.o(.rev16_text), (4 bytes).
    Removing delay.o(.revsh_text), (4 bytes).
    Removing delay.o(.rrx_text), (6 bytes).
    Removing delay.o(i.Delay_s), (24 bytes).
    Removing cr4_fft_256_stm32.o(.text), (1502 bytes).
    Removing cr4_fft_1024_stm32.o(.text), (4576 bytes).
    Removing sys.o(.rev16_text), (4 bytes).
    Removing sys.o(.revsh_text), (4 bytes).
    Removing sys.o(.rrx_text), (6 bytes).
    Removing sys.o(.emb_text), (2 bytes).
    Removing sys.o(i.BCD_to_HEX), (26 bytes).
    Removing sys.o(i.DX_to_HX), (70 bytes).
    Removing sys.o(i.HEX_to_BCD), (20 bytes).
    Removing sys.o(i.HX_to_DX), (48 bytes).
    Removing sys.o(i.MY_NVIC_Init), (42 bytes).
    Removing sys.o(i.MY_NVIC_PriorityGroup_Config), (12 bytes).
    Removing sys.o(i.MY_NVIC_SetVectorTable), (20 bytes).
    Removing sys.o(i.MY_RCC_DeInit), (104 bytes).
    Removing sys.o(i.STM32_CPUID), (36 bytes).
    Removing sys.o(i.STM32_Flash_Capacity), (160 bytes).
    Removing sys.o(i.STM_Clock_Init), (144 bytes).
    Removing sys.o(i.STM_JTAG_Set), (44 bytes).
    Removing sys.o(i.SYS_SoftReset), (16 bytes).
    Removing sys.o(i.SYS_Standby), (76 bytes).
    Removing sys.o(i.sys_clock_set), (172 bytes).
    Removing sys.o(i.sys_gpio_pin_get), (16 bytes).
    Removing sys.o(i.sys_gpio_pin_set), (24 bytes).
    Removing sys.o(i.sys_gpio_remap_set), (76 bytes).
    Removing sys.o(i.sys_gpio_set), (234 bytes).
    Removing sys.o(i.sys_intx_disable), (4 bytes).
    Removing sys.o(i.sys_intx_enable), (4 bytes).
    Removing sys.o(i.sys_msr_msp), (10 bytes).
    Removing sys.o(i.sys_nvic_ex_config), (288 bytes).
    Removing sys.o(i.sys_nvic_init), (120 bytes).
    Removing sys.o(i.sys_nvic_priority_group_config), (40 bytes).
    Removing sys.o(i.sys_nvic_set_vector_table), (16 bytes).
    Removing sys.o(i.sys_soft_reset), (16 bytes).
    Removing sys.o(i.sys_standby), (76 bytes).
    Removing sys.o(i.sys_stm32_clock_init), (112 bytes).
    Removing sys.o(i.sys_wfi_set), (4 bytes).
    Removing main.o(.rev16_text), (4 bytes).
    Removing main.o(.revsh_text), (4 bytes).
    Removing main.o(.rrx_text), (6 bytes).
    Removing stm32f10x_it.o(.rev16_text), (4 bytes).
    Removing stm32f10x_it.o(.revsh_text), (4 bytes).
    Removing stm32f10x_it.o(.rrx_text), (6 bytes).
    Removing rlctest.o(.rev16_text), (4 bytes).
    Removing rlctest.o(.revsh_text), (4 bytes).
    Removing rlctest.o(.rrx_text), (6 bytes).
    Removing rlctest.o(i.AFC), (28 bytes).
    Removing rlctest.o(i.GPIO_Gate), (44 bytes).
    Removing rlctest.o(i.G_original), (28 bytes).
    Removing rlctest.o(i.PoinTFreTest), (420 bytes).
    Removing rlctest.o(i.RLC_test), (684 bytes).
    Removing rlctest.o(i.Sweep_out), (1400 bytes).
    Removing rlctest.o(i.change_GRs), (352 bytes).
    Removing rlctest.o(i.change_adc), (316 bytes).
    Removing rlctest.o(i.getcaculation), (576 bytes).
    Removing rlctest.o(i.standard), (28 bytes).
    Removing rlctest.o(i.test), (416 bytes).
    Removing rlctest.o(.bss), (5174 bytes).
    Removing rlctest.o(.data), (192 bytes).
    Removing check_err.o(.rev16_text), (4 bytes).
    Removing check_err.o(.revsh_text), (4 bytes).
    Removing check_err.o(.rrx_text), (6 bytes).
    Removing check_err.o(i.ERR_c), (396 bytes).
    Removing check_err.o(i.ERR_r2r3), (424 bytes).
    Removing check_err.o(i.check_err), (18 bytes).
    Removing check_err.o(i.check_err1), (736 bytes).
    Removing check_err.o(i.display_err_info), (756 bytes).
    Removing check_err.o(.bss), (25 bytes).
    Removing check_err.o(.data), (32 bytes).
    Removing lcd.o(.rev16_text), (4 bytes).
    Removing lcd.o(.revsh_text), (4 bytes).
    Removing lcd.o(.rrx_text), (6 bytes).
    Removing lcd.o(i.lcd_clear), (52 bytes).
    Removing lcd.o(i.lcd_color_fill), (96 bytes).
    Removing lcd.o(i.lcd_display_dir), (364 bytes).
    Removing lcd.o(i.lcd_display_off), (36 bytes).
    Removing lcd.o(i.lcd_display_on), (36 bytes).
    Removing lcd.o(i.lcd_draw_circle), (170 bytes).
    Removing lcd.o(i.lcd_draw_hline), (56 bytes).
    Removing lcd.o(i.lcd_draw_line), (172 bytes).
    Removing lcd.o(i.lcd_draw_point), (32 bytes).
    Removing lcd.o(i.lcd_draw_rectangle), (74 bytes).
    Removing lcd.o(i.lcd_ex_ili9341_reginit), (556 bytes).
    Removing lcd.o(i.lcd_ex_ili9806_reginit), (832 bytes).
    Removing lcd.o(i.lcd_ex_nt35310_reginit), (3826 bytes).
    Removing lcd.o(i.lcd_ex_nt35510_reginit), (3836 bytes).
    Removing lcd.o(i.lcd_ex_ssd1963_reginit), (366 bytes).
    Removing lcd.o(i.lcd_ex_st7789_reginit), (424 bytes).
    Removing lcd.o(i.lcd_ex_st7796_reginit), (454 bytes).
    Removing lcd.o(i.lcd_fill), (84 bytes).
    Removing lcd.o(i.lcd_fill_circle), (176 bytes).
    Removing lcd.o(i.lcd_init), (1164 bytes).
    Removing lcd.o(i.lcd_opt_delay), (12 bytes).
    Removing lcd.o(i.lcd_pow), (22 bytes).
    Removing lcd.o(i.lcd_rd_data), (24 bytes).
    Removing lcd.o(i.lcd_read_point), (152 bytes).
    Removing lcd.o(i.lcd_scan_dir), (572 bytes).
    Removing lcd.o(i.lcd_set_cursor), (288 bytes).
    Removing lcd.o(i.lcd_set_window), (368 bytes).
    Removing lcd.o(i.lcd_show_char), (320 bytes).
    Removing lcd.o(i.lcd_show_num), (152 bytes).
    Removing lcd.o(i.lcd_show_string), (106 bytes).
    Removing lcd.o(i.lcd_show_xnum), (198 bytes).
    Removing lcd.o(i.lcd_ssd_backlight_set), (84 bytes).
    Removing lcd.o(i.lcd_wr_data), (24 bytes).
    Removing lcd.o(i.lcd_wr_regno), (24 bytes).
    Removing lcd.o(i.lcd_write_ram_prepare), (20 bytes).
    Removing lcd.o(i.lcd_write_reg), (16 bytes).
    Removing lcd.o(.bss), (14 bytes).
    Removing lcd.o(.constdata), (12160 bytes).
    Removing lcd.o(.data), (8 bytes).
    Removing tjc_usart_hmi.o(.rev16_text), (4 bytes).
    Removing tjc_usart_hmi.o(.revsh_text), (4 bytes).
    Removing tjc_usart_hmi.o(.rrx_text), (6 bytes).
    Removing tjc_usart_hmi.o(i.TJCDrawCurve), (64 bytes).
    Removing tjc_usart_hmi.o(i.TJCPrintf), (144 bytes).
    Removing tjc_usart_hmi.o(i.TJC_ChangeTxt), (36 bytes).
    Removing tjc_usart_hmi.o(i.TJC_PageControl), (156 bytes).
    Removing tjc_usart_hmi.o(i.TJC_SendData), (48 bytes).
    Removing tjc_usart_hmi.o(i.deleteRingBuff), (80 bytes).
    Removing tjc_usart_hmi.o(i.fputc), (36 bytes).
    Removing tjc_usart_hmi.o(i.getRingBuffLenght), (12 bytes).
    Removing tjc_usart_hmi.o(i.initRingBuff), (16 bytes).
    Removing tjc_usart_hmi.o(i.isRingBuffOverflow), (24 bytes).
    Removing tjc_usart_hmi.o(i.read1BFromRingBuff), (36 bytes).
    Removing tjc_usart_hmi.o(i.uart2_init), (204 bytes).
    Removing tjc_usart_hmi.o(.data), (1 bytes).
    Removing fadd.o(.text), (176 bytes).
    Removing fmul.o(.text), (100 bytes).
    Removing fdiv.o(.text), (124 bytes).
    Removing fflti.o(.text), (18 bytes).
    Removing ffltui.o(.text), (10 bytes).
    Removing dflti.o(.text), (34 bytes).
    Removing dfltui.o(.text), (26 bytes).
    Removing ffixi.o(.text), (50 bytes).
    Removing ffixui.o(.text), (40 bytes).
    Removing dfixi.o(.text), (62 bytes).
    Removing cdcmple.o(.text), (48 bytes).
    Removing d2f.o(.text), (56 bytes).
    Removing cfcmple.o(.text), (20 bytes).
    Removing cfrcmple.o(.text), (20 bytes).
    Removing fepilogue.o(.text), (110 bytes).
    Removing dscalb.o(.text), (46 bytes).
    Removing dsqrt.o(.text), (162 bytes).

803 unused section(s) (total 85360 bytes) removed from the image.

==============================================================================

Image Symbol Table

    Local Symbols

    Symbol Name                              Value     Ov Type        Size  Object(Section)

    ../clib/microlib/division.c              0x00000000   Number         0  uidiv.o ABSOLUTE
    ../clib/microlib/division.c              0x00000000   Number         0  uldiv.o ABSOLUTE
    ../clib/microlib/errno.c                 0x00000000   Number         0  errno.o ABSOLUTE
    ../clib/microlib/init/entry.s            0x00000000   Number         0  entry11b.o ABSOLUTE
    ../clib/microlib/init/entry.s            0x00000000   Number         0  entry5.o ABSOLUTE
    ../clib/microlib/init/entry.s            0x00000000   Number         0  entry2.o ABSOLUTE
    ../clib/microlib/init/entry.s            0x00000000   Number         0  entry10a.o ABSOLUTE
    ../clib/microlib/init/entry.s            0x00000000   Number         0  entry10b.o ABSOLUTE
    ../clib/microlib/init/entry.s            0x00000000   Number         0  entry11a.o ABSOLUTE
    ../clib/microlib/init/entry.s            0x00000000   Number         0  entry.o ABSOLUTE
    ../clib/microlib/init/entry.s            0x00000000   Number         0  entry12a.o ABSOLUTE
    ../clib/microlib/init/entry.s            0x00000000   Number         0  entry7a.o ABSOLUTE
    ../clib/microlib/init/entry.s            0x00000000   Number         0  entry12b.o ABSOLUTE
    ../clib/microlib/init/entry.s            0x00000000   Number         0  entry9b.o ABSOLUTE
    ../clib/microlib/init/entry.s            0x00000000   Number         0  entry9a.o ABSOLUTE
    ../clib/microlib/init/entry.s            0x00000000   Number         0  entry8b.o ABSOLUTE
    ../clib/microlib/init/entry.s            0x00000000   Number         0  entry8a.o ABSOLUTE
    ../clib/microlib/init/entry.s            0x00000000   Number         0  entry7b.o ABSOLUTE
    ../clib/microlib/longlong.c              0x00000000   Number         0  llshl.o ABSOLUTE
    ../clib/microlib/longlong.c              0x00000000   Number         0  llushr.o ABSOLUTE
    ../clib/microlib/longlong.c              0x00000000   Number         0  llsshr.o ABSOLUTE
    ../clib/microlib/printf/printf.c         0x00000000   Number         0  printf0.o ABSOLUTE
    ../clib/microlib/printf/printf.c         0x00000000   Number         0  printfb.o ABSOLUTE
    ../clib/microlib/printf/printf.c         0x00000000   Number         0  printf1.o ABSOLUTE
    ../clib/microlib/printf/printf.c         0x00000000   Number         0  printf2.o ABSOLUTE
    ../clib/microlib/printf/printf.c         0x00000000   Number         0  printf3.o ABSOLUTE
    ../clib/microlib/printf/printf.c         0x00000000   Number         0  printf4.o ABSOLUTE
    ../clib/microlib/printf/printf.c         0x00000000   Number         0  printf5.o ABSOLUTE
    ../clib/microlib/printf/printf.c         0x00000000   Number         0  printf6.o ABSOLUTE
    ../clib/microlib/printf/printf.c         0x00000000   Number         0  printf7.o ABSOLUTE
    ../clib/microlib/printf/printf.c         0x00000000   Number         0  printf8.o ABSOLUTE
    ../clib/microlib/printf/printf.c         0x00000000   Number         0  printfa.o ABSOLUTE
    ../clib/microlib/printf/stubs.s          0x00000000   Number         0  stubs.o ABSOLUTE
    ../clib/microlib/stdio/streams.c         0x00000000   Number         0  stdout.o ABSOLUTE
    ../clib/microlib/stubs.s                 0x00000000   Number         0  iusefp.o ABSOLUTE
    ../fplib/microlib/d2f.c                  0x00000000   Number         0  d2f.o ABSOLUTE
    ../fplib/microlib/f2d.c                  0x00000000   Number         0  f2d.o ABSOLUTE
    ../fplib/microlib/fpadd.c                0x00000000   Number         0  dadd.o ABSOLUTE
    ../fplib/microlib/fpadd.c                0x00000000   Number         0  fadd.o ABSOLUTE
    ../fplib/microlib/fpdiv.c                0x00000000   Number         0  ddiv.o ABSOLUTE
    ../fplib/microlib/fpdiv.c                0x00000000   Number         0  fdiv.o ABSOLUTE
    ../fplib/microlib/fpepilogue.c           0x00000000   Number         0  depilogue.o ABSOLUTE
    ../fplib/microlib/fpepilogue.c           0x00000000   Number         0  fepilogue.o ABSOLUTE
    ../fplib/microlib/fpfix.c                0x00000000   Number         0  dfixul.o ABSOLUTE
    ../fplib/microlib/fpfix.c                0x00000000   Number         0  ffixui.o ABSOLUTE
    ../fplib/microlib/fpfix.c                0x00000000   Number         0  dfixi.o ABSOLUTE
    ../fplib/microlib/fpfix.c                0x00000000   Number         0  dfixui.o ABSOLUTE
    ../fplib/microlib/fpfix.c                0x00000000   Number         0  ffixi.o ABSOLUTE
    ../fplib/microlib/fpflt.c                0x00000000   Number         0  fflti.o ABSOLUTE
    ../fplib/microlib/fpflt.c                0x00000000   Number         0  ffltui.o ABSOLUTE
    ../fplib/microlib/fpflt.c                0x00000000   Number         0  dflti.o ABSOLUTE
    ../fplib/microlib/fpflt.c                0x00000000   Number         0  dfltui.o ABSOLUTE
    ../fplib/microlib/fpmul.c                0x00000000   Number         0  dmul.o ABSOLUTE
    ../fplib/microlib/fpmul.c                0x00000000   Number         0  fmul.o ABSOLUTE
    ../fplib/microlib/fpscalb.c              0x00000000   Number         0  dscalb.o ABSOLUTE
    ../fplib/microlib/fpsqrt.c               0x00000000   Number         0  dsqrt.o ABSOLUTE
    ../mathlib/dunder.c                      0x00000000   Number         0  dunder.o ABSOLUTE
    ../mathlib/log.c                         0x00000000   Number         0  log.o ABSOLUTE
    ../mathlib/log.c                         0x00000000   Number         0  log_x.o ABSOLUTE
    ../mathlib/log10.c                       0x00000000   Number         0  log10.o ABSOLUTE
    ../mathlib/log10.c                       0x00000000   Number         0  log10_x.o ABSOLUTE
    ../mathlib/poly.c                        0x00000000   Number         0  poly.o ABSOLUTE
    ../mathlib/qnan.c                        0x00000000   Number         0  qnan.o ABSOLUTE
    ../mathlib/sqrt.c                        0x00000000   Number         0  sqrt.o ABSOLUTE
    ../mathlib/sqrt.c                        0x00000000   Number         0  sqrt_x.o ABSOLUTE
    HMI\\tjc_usart_hmi.c                     0x00000000   Number         0  tjc_usart_hmi.o ABSOLUTE
    HMI\tjc_usart_hmi.c                      0x00000000   Number         0  tjc_usart_hmi.o ABSOLUTE
    Hardware\AD9833.c                        0x00000000   Number         0  ad9833.o ABSOLUTE
    Hardware\AD9959.C                        0x00000000   Number         0  ad9959.o ABSOLUTE
    Hardware\AD9959_Outset.c                 0x00000000   Number         0  ad9959_outset.o ABSOLUTE
    Hardware\Beep.c                          0x00000000   Number         0  beep.o ABSOLUTE
    Hardware\Key.c                           0x00000000   Number         0  key.o ABSOLUTE
    Hardware\Key_EXTI.c                      0x00000000   Number         0  key_exti.o ABSOLUTE
    Hardware\Led.c                           0x00000000   Number         0  led.o ABSOLUTE
    Hardware\OLED.c                          0x00000000   Number         0  oled.o ABSOLUTE
    Hardware\PWM.c                           0x00000000   Number         0  pwm.o ABSOLUTE
    Hardware\Serial.c                        0x00000000   Number         0  serial.o ABSOLUTE
    Hardware\SerialPackRT.c                  0x00000000   Number         0  serialpackrt.o ABSOLUTE
    Hardware\Timer.c                         0x00000000   Number         0  timer.o ABSOLUTE
    Hardware\Timing Sampling.c               0x00000000   Number         0  timing sampling.o ABSOLUTE
    Hardware\\AD9833.c                       0x00000000   Number         0  ad9833.o ABSOLUTE
    Hardware\\AD9959.C                       0x00000000   Number         0  ad9959.o ABSOLUTE
    Hardware\\AD9959_Outset.c                0x00000000   Number         0  ad9959_outset.o ABSOLUTE
    Hardware\\Beep.c                         0x00000000   Number         0  beep.o ABSOLUTE
    Hardware\\Key.c                          0x00000000   Number         0  key.o ABSOLUTE
    Hardware\\Key_EXTI.c                     0x00000000   Number         0  key_exti.o ABSOLUTE
    Hardware\\Led.c                          0x00000000   Number         0  led.o ABSOLUTE
    Hardware\\OLED.c                         0x00000000   Number         0  oled.o ABSOLUTE
    Hardware\\PWM.c                          0x00000000   Number         0  pwm.o ABSOLUTE
    Hardware\\Serial.c                       0x00000000   Number         0  serial.o ABSOLUTE
    Hardware\\SerialPackRT.c                 0x00000000   Number         0  serialpackrt.o ABSOLUTE
    Hardware\\Timer.c                        0x00000000   Number         0  timer.o ABSOLUTE
    Hardware\\Timing Sampling.c              0x00000000   Number         0  timing sampling.o ABSOLUTE
    Hardware\\matrix_keypad.c                0x00000000   Number         0  matrix_keypad.o ABSOLUTE
    Hardware\matrix_keypad.c                 0x00000000   Number         0  matrix_keypad.o ABSOLUTE
    LCD\\lcd.c                               0x00000000   Number         0  lcd.o ABSOLUTE
    LCD\lcd.c                                0x00000000   Number         0  lcd.o ABSOLUTE
    Library\\misc.c                          0x00000000   Number         0  misc.o ABSOLUTE
    Library\\stm32f10x_adc.c                 0x00000000   Number         0  stm32f10x_adc.o ABSOLUTE
    Library\\stm32f10x_bkp.c                 0x00000000   Number         0  stm32f10x_bkp.o ABSOLUTE
    Library\\stm32f10x_can.c                 0x00000000   Number         0  stm32f10x_can.o ABSOLUTE
    Library\\stm32f10x_cec.c                 0x00000000   Number         0  stm32f10x_cec.o ABSOLUTE
    Library\\stm32f10x_crc.c                 0x00000000   Number         0  stm32f10x_crc.o ABSOLUTE
    Library\\stm32f10x_dac.c                 0x00000000   Number         0  stm32f10x_dac.o ABSOLUTE
    Library\\stm32f10x_dbgmcu.c              0x00000000   Number         0  stm32f10x_dbgmcu.o ABSOLUTE
    Library\\stm32f10x_dma.c                 0x00000000   Number         0  stm32f10x_dma.o ABSOLUTE
    Library\\stm32f10x_exti.c                0x00000000   Number         0  stm32f10x_exti.o ABSOLUTE
    Library\\stm32f10x_flash.c               0x00000000   Number         0  stm32f10x_flash.o ABSOLUTE
    Library\\stm32f10x_fsmc.c                0x00000000   Number         0  stm32f10x_fsmc.o ABSOLUTE
    Library\\stm32f10x_gpio.c                0x00000000   Number         0  stm32f10x_gpio.o ABSOLUTE
    Library\\stm32f10x_i2c.c                 0x00000000   Number         0  stm32f10x_i2c.o ABSOLUTE
    Library\\stm32f10x_iwdg.c                0x00000000   Number         0  stm32f10x_iwdg.o ABSOLUTE
    Library\\stm32f10x_pwr.c                 0x00000000   Number         0  stm32f10x_pwr.o ABSOLUTE
    Library\\stm32f10x_rcc.c                 0x00000000   Number         0  stm32f10x_rcc.o ABSOLUTE
    Library\\stm32f10x_rtc.c                 0x00000000   Number         0  stm32f10x_rtc.o ABSOLUTE
    Library\\stm32f10x_sdio.c                0x00000000   Number         0  stm32f10x_sdio.o ABSOLUTE
    Library\\stm32f10x_spi.c                 0x00000000   Number         0  stm32f10x_spi.o ABSOLUTE
    Library\\stm32f10x_tim.c                 0x00000000   Number         0  stm32f10x_tim.o ABSOLUTE
    Library\\stm32f10x_usart.c               0x00000000   Number         0  stm32f10x_usart.o ABSOLUTE
    Library\\stm32f10x_wwdg.c                0x00000000   Number         0  stm32f10x_wwdg.o ABSOLUTE
    Library\misc.c                           0x00000000   Number         0  misc.o ABSOLUTE
    Library\stm32f10x_adc.c                  0x00000000   Number         0  stm32f10x_adc.o ABSOLUTE
    Library\stm32f10x_bkp.c                  0x00000000   Number         0  stm32f10x_bkp.o ABSOLUTE
    Library\stm32f10x_can.c                  0x00000000   Number         0  stm32f10x_can.o ABSOLUTE
    Library\stm32f10x_cec.c                  0x00000000   Number         0  stm32f10x_cec.o ABSOLUTE
    Library\stm32f10x_crc.c                  0x00000000   Number         0  stm32f10x_crc.o ABSOLUTE
    Library\stm32f10x_dac.c                  0x00000000   Number         0  stm32f10x_dac.o ABSOLUTE
    Library\stm32f10x_dbgmcu.c               0x00000000   Number         0  stm32f10x_dbgmcu.o ABSOLUTE
    Library\stm32f10x_dma.c                  0x00000000   Number         0  stm32f10x_dma.o ABSOLUTE
    Library\stm32f10x_exti.c                 0x00000000   Number         0  stm32f10x_exti.o ABSOLUTE
    Library\stm32f10x_flash.c                0x00000000   Number         0  stm32f10x_flash.o ABSOLUTE
    Library\stm32f10x_fsmc.c                 0x00000000   Number         0  stm32f10x_fsmc.o ABSOLUTE
    Library\stm32f10x_gpio.c                 0x00000000   Number         0  stm32f10x_gpio.o ABSOLUTE
    Library\stm32f10x_i2c.c                  0x00000000   Number         0  stm32f10x_i2c.o ABSOLUTE
    Library\stm32f10x_iwdg.c                 0x00000000   Number         0  stm32f10x_iwdg.o ABSOLUTE
    Library\stm32f10x_pwr.c                  0x00000000   Number         0  stm32f10x_pwr.o ABSOLUTE
    Library\stm32f10x_rcc.c                  0x00000000   Number         0  stm32f10x_rcc.o ABSOLUTE
    Library\stm32f10x_rtc.c                  0x00000000   Number         0  stm32f10x_rtc.o ABSOLUTE
    Library\stm32f10x_sdio.c                 0x00000000   Number         0  stm32f10x_sdio.o ABSOLUTE
    Library\stm32f10x_spi.c                  0x00000000   Number         0  stm32f10x_spi.o ABSOLUTE
    Library\stm32f10x_tim.c                  0x00000000   Number         0  stm32f10x_tim.o ABSOLUTE
    Library\stm32f10x_usart.c                0x00000000   Number         0  stm32f10x_usart.o ABSOLUTE
    Library\stm32f10x_wwdg.c                 0x00000000   Number         0  stm32f10x_wwdg.o ABSOLUTE
    Start\\core_cm3.c                        0x00000000   Number         0  core_cm3.o ABSOLUTE
    Start\\system_stm32f10x.c                0x00000000   Number         0  system_stm32f10x.o ABSOLUTE
    Start\core_cm3.c                         0x00000000   Number         0  core_cm3.o ABSOLUTE
    Start\startup_stm32f10x_hd.s             0x00000000   Number         0  startup_stm32f10x_hd.o ABSOLUTE
    Start\system_stm32f10x.c                 0x00000000   Number         0  system_stm32f10x.o ABSOLUTE
    System\Delay.c                           0x00000000   Number         0  delay.o ABSOLUTE
    System\\Delay.c                          0x00000000   Number         0  delay.o ABSOLUTE
    System\\sys.c                            0x00000000   Number         0  sys.o ABSOLUTE
    System\cr4_fft_1024_stm32.s              0x00000000   Number         0  cr4_fft_1024_stm32.o ABSOLUTE
    System\cr4_fft_256_stm32.s               0x00000000   Number         0  cr4_fft_256_stm32.o ABSOLUTE
    System\sys.c                             0x00000000   Number         0  sys.o ABSOLUTE
    User\RLCtest.c                           0x00000000   Number         0  rlctest.o ABSOLUTE
    User\\RLCtest.c                          0x00000000   Number         0  rlctest.o ABSOLUTE
    User\\check_err.c                        0x00000000   Number         0  check_err.o ABSOLUTE
    User\\main.c                             0x00000000   Number         0  main.o ABSOLUTE
    User\\stm32f10x_it.c                     0x00000000   Number         0  stm32f10x_it.o ABSOLUTE
    User\check_err.c                         0x00000000   Number         0  check_err.o ABSOLUTE
    User\main.c                              0x00000000   Number         0  main.o ABSOLUTE
    User\stm32f10x_it.c                      0x00000000   Number         0  stm32f10x_it.o ABSOLUTE
    cdcmple.s                                0x00000000   Number         0  cdcmple.o ABSOLUTE
    cdrcmple.s                               0x00000000   Number         0  cdrcmple.o ABSOLUTE
    cfcmple.s                                0x00000000   Number         0  cfcmple.o ABSOLUTE
    cfrcmple.s                               0x00000000   Number         0  cfrcmple.o ABSOLUTE
    dc.s                                     0x00000000   Number         0  dc.o ABSOLUTE
    handlers.s                               0x00000000   Number         0  handlers.o ABSOLUTE
    init.s                                   0x00000000   Number         0  init.o ABSOLUTE
    RESET                                    0x08000000   Section      304  startup_stm32f10x_hd.o(RESET)
    .ARM.Collect$$$$00000000                 0x08000130   Section        0  entry.o(.ARM.Collect$$$$00000000)
    .ARM.Collect$$$$00000001                 0x08000130   Section        4  entry2.o(.ARM.Collect$$$$00000001)
    .ARM.Collect$$$$00000004                 0x08000134   Section        4  entry5.o(.ARM.Collect$$$$00000004)
    .ARM.Collect$$$$00000008                 0x08000138   Section        0  entry7b.o(.ARM.Collect$$$$00000008)
    .ARM.Collect$$$$0000000A                 0x08000138   Section        0  entry8b.o(.ARM.Collect$$$$0000000A)
    .ARM.Collect$$$$0000000B                 0x08000138   Section        8  entry9a.o(.ARM.Collect$$$$0000000B)
    .ARM.Collect$$$$0000000E                 0x08000140   Section        4  entry12b.o(.ARM.Collect$$$$0000000E)
    .ARM.Collect$$$$0000000F                 0x08000144   Section        0  entry10a.o(.ARM.Collect$$$$0000000F)
    .ARM.Collect$$$$00000011                 0x08000144   Section        0  entry11a.o(.ARM.Collect$$$$00000011)
    .ARM.Collect$$$$00002712                 0x08000144   Section        4  entry2.o(.ARM.Collect$$$$00002712)
    __lit__00000000                          0x08000144   Data           4  entry2.o(.ARM.Collect$$$$00002712)
    .text                                    0x08000148   Section       36  startup_stm32f10x_hd.o(.text)
    .text                                    0x0800016c   Section        0  dadd.o(.text)
    .text                                    0x080002ba   Section        0  dmul.o(.text)
    .text                                    0x0800039e   Section        0  ddiv.o(.text)
    .text                                    0x0800047c   Section        0  dfixui.o(.text)
    .text                                    0x080004ae   Section        0  f2d.o(.text)
    .text                                    0x080004d4   Section       48  cdrcmple.o(.text)
    .text                                    0x08000504   Section        0  uidiv.o(.text)
    .text                                    0x08000530   Section        0  uldiv.o(.text)
    .text                                    0x08000592   Section        0  llshl.o(.text)
    .text                                    0x080005b0   Section        0  llushr.o(.text)
    .text                                    0x080005d0   Section        0  llsshr.o(.text)
    .text                                    0x080005f4   Section        0  depilogue.o(.text)
    .text                                    0x080005f4   Section        0  iusefp.o(.text)
    .text                                    0x080006ae   Section        0  dfixul.o(.text)
    .text                                    0x080006e0   Section       36  init.o(.text)
    i.AD9833_Init                            0x08000704   Section        0  ad9833.o(i.AD9833_Init)
    i.AD9833_SPI_Write                       0x0800071c   Section        0  ad9833.o(i.AD9833_SPI_Write)
    i.AD9833_SetFrequency                    0x08000878   Section        0  ad9833.o(i.AD9833_SetFrequency)
    i.AD9833_SetFrequencyQuick               0x080008d8   Section        0  ad9833.o(i.AD9833_SetFrequencyQuick)
    i.AD9833_SetRegisterValue                0x080008f0   Section        0  ad9833.o(i.AD9833_SetRegisterValue)
    i.AD983_GPIO_Init                        0x0800091c   Section        0  ad9833.o(i.AD983_GPIO_Init)
    i.ADC_Cmd                                0x08000980   Section        0  stm32f10x_adc.o(i.ADC_Cmd)
    i.ADC_DMA1_Init                          0x08000998   Section        0  timing sampling.o(i.ADC_DMA1_Init)
    i.ADC_DMACmd                             0x08000a28   Section        0  stm32f10x_adc.o(i.ADC_DMACmd)
    i.ADC_ExternalTrigConvCmd                0x08000a3e   Section        0  stm32f10x_adc.o(i.ADC_ExternalTrigConvCmd)
    i.ADC_GPIO_Init                          0x08000a54   Section        0  timing sampling.o(i.ADC_GPIO_Init)
    i.ADC_GetCalibrationStatus               0x08000aa4   Section        0  stm32f10x_adc.o(i.ADC_GetCalibrationStatus)
    i.ADC_GetResetCalibrationStatus          0x08000ab8   Section        0  stm32f10x_adc.o(i.ADC_GetResetCalibrationStatus)
    i.ADC_Init                               0x08000acc   Section        0  stm32f10x_adc.o(i.ADC_Init)
    i.ADC_Init_Init                          0x08000b1c   Section        0  timing sampling.o(i.ADC_Init_Init)
    i.ADC_RegularChannelConfig               0x08000ba4   Section        0  stm32f10x_adc.o(i.ADC_RegularChannelConfig)
    i.ADC_ResetCalibration                   0x08000c5c   Section        0  stm32f10x_adc.o(i.ADC_ResetCalibration)
    i.ADC_StartCalibration                   0x08000c66   Section        0  stm32f10x_adc.o(i.ADC_StartCalibration)
    i.ADC_TIM3_Init                          0x08000c70   Section        0  timing sampling.o(i.ADC_TIM3_Init)
    i.BusFault_Handler                       0x08000cc8   Section        0  stm32f10x_it.o(i.BusFault_Handler)
    i.DMA1_Channel1_IRQHandler               0x08000ccc   Section        0  timing sampling.o(i.DMA1_Channel1_IRQHandler)
    i.DMA_ClearITPendingBit                  0x08000d00   Section        0  stm32f10x_dma.o(i.DMA_ClearITPendingBit)
    i.DMA_Cmd                                0x08000d1c   Section        0  stm32f10x_dma.o(i.DMA_Cmd)
    i.DMA_GetITStatus                        0x08000d34   Section        0  stm32f10x_dma.o(i.DMA_GetITStatus)
    i.DMA_ITConfig                           0x08000d60   Section        0  stm32f10x_dma.o(i.DMA_ITConfig)
    i.DMA_Init                               0x08000d72   Section        0  stm32f10x_dma.o(i.DMA_Init)
    i.DebugMon_Handler                       0x08000dae   Section        0  stm32f10x_it.o(i.DebugMon_Handler)
    i.Delay_ms                               0x08000db0   Section        0  delay.o(i.Delay_ms)
    i.Delay_us                               0x08000dc8   Section        0  delay.o(i.Delay_us)
    i.EXTI0_IRQHandler                       0x08000df8   Section        0  matrix_keypad.o(i.EXTI0_IRQHandler)
    i.EXTI9_5_IRQHandler                     0x08000e1c   Section        0  matrix_keypad.o(i.EXTI9_5_IRQHandler)
    i.EXTI_ClearITPendingBit                 0x08000e78   Section        0  stm32f10x_exti.o(i.EXTI_ClearITPendingBit)
    i.EXTI_GetITStatus                       0x08000e84   Section        0  stm32f10x_exti.o(i.EXTI_GetITStatus)
    i.GPIO_Init                              0x08000eac   Section        0  stm32f10x_gpio.o(i.GPIO_Init)
    i.GPIO_ReadInputDataBit                  0x08000fc2   Section        0  stm32f10x_gpio.o(i.GPIO_ReadInputDataBit)
    i.GPIO_ReadOutputDataBit                 0x08000fd4   Section        0  stm32f10x_gpio.o(i.GPIO_ReadOutputDataBit)
    i.GPIO_ResetBits                         0x08000fe6   Section        0  stm32f10x_gpio.o(i.GPIO_ResetBits)
    i.GPIO_SetBits                           0x08000fea   Section        0  stm32f10x_gpio.o(i.GPIO_SetBits)
    i.GPIO_StructInit                        0x08000fee   Section        0  stm32f10x_gpio.o(i.GPIO_StructInit)
    i.GPIO_Turn                              0x08001000   Section        0  matrix_keypad.o(i.GPIO_Turn)
    i.HardFault_Handler                      0x08001098   Section        0  stm32f10x_it.o(i.HardFault_Handler)
    i.Key_Control                            0x0800109c   Section        0  matrix_keypad.o(i.Key_Control)
    i.Keypad_Scan                            0x080010c8   Section        0  matrix_keypad.o(i.Keypad_Scan)
    i.MemManage_Handler                      0x0800115c   Section        0  stm32f10x_it.o(i.MemManage_Handler)
    i.NMI_Handler                            0x08001160   Section        0  stm32f10x_it.o(i.NMI_Handler)
    i.NVIC_Init                              0x08001164   Section        0  misc.o(i.NVIC_Init)
    i.NVIC_PriorityGroupConfig               0x080011d4   Section        0  misc.o(i.NVIC_PriorityGroupConfig)
    i.PendSV_Handler                         0x080011e8   Section        0  stm32f10x_it.o(i.PendSV_Handler)
    i.RCC_ADCCLKConfig                       0x080011ec   Section        0  stm32f10x_rcc.o(i.RCC_ADCCLKConfig)
    i.RCC_AHBPeriphClockCmd                  0x08001204   Section        0  stm32f10x_rcc.o(i.RCC_AHBPeriphClockCmd)
    i.RCC_APB1PeriphClockCmd                 0x08001224   Section        0  stm32f10x_rcc.o(i.RCC_APB1PeriphClockCmd)
    i.RCC_APB1PeriphResetCmd                 0x08001244   Section        0  stm32f10x_rcc.o(i.RCC_APB1PeriphResetCmd)
    i.RCC_APB2PeriphClockCmd                 0x08001264   Section        0  stm32f10x_rcc.o(i.RCC_APB2PeriphClockCmd)
    i.RCC_APB2PeriphResetCmd                 0x08001284   Section        0  stm32f10x_rcc.o(i.RCC_APB2PeriphResetCmd)
    i.RCC_GetClocksFreq                      0x080012a4   Section        0  stm32f10x_rcc.o(i.RCC_GetClocksFreq)
    i.ResetADC                               0x08001378   Section        0  timing sampling.o(i.ResetADC)
    i.SVC_Handler                            0x08001380   Section        0  stm32f10x_it.o(i.SVC_Handler)
    i.Serial_Printf                          0x08001382   Section        0  serial.o(i.Serial_Printf)
    i.Serial_SendByte                        0x080013a8   Section        0  serial.o(i.Serial_SendByte)
    i.Serial_SendString                      0x080013c8   Section        0  serial.o(i.Serial_SendString)
    i.SetSysClock                            0x080013e2   Section        0  system_stm32f10x.o(i.SetSysClock)
    SetSysClock                              0x080013e3   Thumb Code     8  system_stm32f10x.o(i.SetSysClock)
    i.SetSysClockTo72                        0x080013ec   Section        0  system_stm32f10x.o(i.SetSysClockTo72)
    SetSysClockTo72                          0x080013ed   Thumb Code   214  system_stm32f10x.o(i.SetSysClockTo72)
    i.SysTick_Handler                        0x080014cc   Section        0  stm32f10x_it.o(i.SysTick_Handler)
    i.SystemInit                             0x080014d0   Section        0  system_stm32f10x.o(i.SystemInit)
    i.TIM_Cmd                                0x08001530   Section        0  stm32f10x_tim.o(i.TIM_Cmd)
    i.TIM_InternalClockConfig                0x08001548   Section        0  stm32f10x_tim.o(i.TIM_InternalClockConfig)
    i.TIM_SelectOutputTrigger                0x08001554   Section        0  stm32f10x_tim.o(i.TIM_SelectOutputTrigger)
    i.TIM_TimeBaseInit                       0x08001568   Section        0  stm32f10x_tim.o(i.TIM_TimeBaseInit)
    i.TIM_TimeBaseStructInit                 0x0800160c   Section        0  stm32f10x_tim.o(i.TIM_TimeBaseStructInit)
    i.USART1_IRQHandler                      0x08001620   Section        0  serial.o(i.USART1_IRQHandler)
    i.USART2_IRQHandler                      0x08001658   Section        0  tjc_usart_hmi.o(i.USART2_IRQHandler)
    i.USART_ClearFlag                        0x08001688   Section        0  stm32f10x_usart.o(i.USART_ClearFlag)
    i.USART_ClearITPendingBit                0x0800169a   Section        0  stm32f10x_usart.o(i.USART_ClearITPendingBit)
    i.USART_Cmd                              0x080016b8   Section        0  stm32f10x_usart.o(i.USART_Cmd)
    i.USART_DeInit                           0x080016d0   Section        0  stm32f10x_usart.o(i.USART_DeInit)
    i.USART_GetFlagStatus                    0x0800176c   Section        0  stm32f10x_usart.o(i.USART_GetFlagStatus)
    i.USART_GetITStatus                      0x08001786   Section        0  stm32f10x_usart.o(i.USART_GetITStatus)
    i.USART_ITConfig                         0x080017da   Section        0  stm32f10x_usart.o(i.USART_ITConfig)
    i.USART_Init                             0x08001824   Section        0  stm32f10x_usart.o(i.USART_Init)
    i.USART_ReceiveData                      0x080018fc   Section        0  stm32f10x_usart.o(i.USART_ReceiveData)
    i.USART_SendData                         0x08001906   Section        0  stm32f10x_usart.o(i.USART_SendData)
    i.USART_StructInit                       0x0800190e   Section        0  stm32f10x_usart.o(i.USART_StructInit)
    i.UsageFault_Handler                     0x08001926   Section        0  stm32f10x_it.o(i.UsageFault_Handler)
    i.__0vsprintf                            0x0800192c   Section        0  printfa.o(i.__0vsprintf)
    i.__scatterload_copy                     0x08001950   Section       14  handlers.o(i.__scatterload_copy)
    i.__scatterload_null                     0x0800195e   Section        2  handlers.o(i.__scatterload_null)
    i.__scatterload_zeroinit                 0x08001960   Section       14  handlers.o(i.__scatterload_zeroinit)
    i._fp_digits                             0x08001970   Section        0  printfa.o(i._fp_digits)
    _fp_digits                               0x08001971   Thumb Code   366  printfa.o(i._fp_digits)
    i._printf_core                           0x08001af4   Section        0  printfa.o(i._printf_core)
    _printf_core                             0x08001af5   Thumb Code  1704  printfa.o(i._printf_core)
    i._printf_post_padding                   0x080021a8   Section        0  printfa.o(i._printf_post_padding)
    _printf_post_padding                     0x080021a9   Thumb Code    36  printfa.o(i._printf_post_padding)
    i._printf_pre_padding                    0x080021cc   Section        0  printfa.o(i._printf_pre_padding)
    _printf_pre_padding                      0x080021cd   Thumb Code    46  printfa.o(i._printf_pre_padding)
    i._sputc                                 0x080021fa   Section        0  printfa.o(i._sputc)
    _sputc                                   0x080021fb   Thumb Code    10  printfa.o(i._sputc)
    i.main                                   0x08002204   Section        0  main.o(i.main)
    i.myADC1_Init                            0x08002230   Section        0  timing sampling.o(i.myADC1_Init)
    i.uart1_init                             0x0800224c   Section        0  tjc_usart_hmi.o(i.uart1_init)
    i.writeRingBuff                          0x0800231c   Section        0  tjc_usart_hmi.o(i.writeRingBuff)
    .constdata                               0x08002358   Section       16  matrix_keypad.o(.constdata)
    .constdata                               0x08002368   Section        5  ad9833.o(.constdata)
    .data                                    0x20000000   Section       20  serial.o(.data)
    .data                                    0x20000014   Section        9  timing sampling.o(.data)
    .data                                    0x2000001d   Section        2  matrix_keypad.o(.data)
    .data                                    0x2000001f   Section       20  stm32f10x_rcc.o(.data)
    APBAHBPrescTable                         0x2000001f   Data          16  stm32f10x_rcc.o(.data)
    ADCPrescTable                            0x2000002f   Data           4  stm32f10x_rcc.o(.data)
    .bss                                     0x20000034   Section    18462  timing sampling.o(.bss)
    ADC2_ConvertedValueTab                   0x20004034   Data        2048  timing sampling.o(.bss)
    ADC3_ConvertedValueTab                   0x20004834   Data          30  timing sampling.o(.bss)
    .bss                                     0x20004852   Section      506  tjc_usart_hmi.o(.bss)
    STACK                                    0x20004a50   Section     1024  startup_stm32f10x_hd.o(STACK)

    Global Symbols

    Symbol Name                              Value     Ov Type        Size  Object(Section)

    BuildAttributes$$THM_ISAv4$P$D$K$B$S$PE$A:L22UL41UL21$X:L11$S22US41US21$IEEE1$IW$USESV6$~STKCKD$USESV7$~SHL$OTIME$ROPI$IEEEX$EBA8$MICROLIB$REQ8$PRES8$EABIv2 0x00000000   Number         0  anon$$obj.o ABSOLUTE
    __ARM_use_no_argv                        0x00000000   Number         0  main.o ABSOLUTE
    _printf_a                                0x00000000   Number         0  stubs.o ABSOLUTE
    _printf_c                                0x00000000   Number         0  stubs.o ABSOLUTE
    _printf_charcount                        0x00000000   Number         0  stubs.o ABSOLUTE
    _printf_d                                0x00000000   Number         0  stubs.o ABSOLUTE
    _printf_e                                0x00000000   Number         0  stubs.o ABSOLUTE
    _printf_f                                0x00000000   Number         0  stubs.o ABSOLUTE
    _printf_flags                            0x00000000   Number         0  stubs.o ABSOLUTE
    _printf_fp_dec                           0x00000000   Number         0  stubs.o ABSOLUTE
    _printf_fp_hex                           0x00000000   Number         0  stubs.o ABSOLUTE
    _printf_g                                0x00000000   Number         0  stubs.o ABSOLUTE
    _printf_i                                0x00000000   Number         0  stubs.o ABSOLUTE
    _printf_int_dec                          0x00000000   Number         0  stubs.o ABSOLUTE
    _printf_l                                0x00000000   Number         0  stubs.o ABSOLUTE
    _printf_lc                               0x00000000   Number         0  stubs.o ABSOLUTE
    _printf_ll                               0x00000000   Number         0  stubs.o ABSOLUTE
    _printf_lld                              0x00000000   Number         0  stubs.o ABSOLUTE
    _printf_lli                              0x00000000   Number         0  stubs.o ABSOLUTE
    _printf_llo                              0x00000000   Number         0  stubs.o ABSOLUTE
    _printf_llu                              0x00000000   Number         0  stubs.o ABSOLUTE
    _printf_llx                              0x00000000   Number         0  stubs.o ABSOLUTE
    _printf_longlong_dec                     0x00000000   Number         0  stubs.o ABSOLUTE
    _printf_longlong_hex                     0x00000000   Number         0  stubs.o ABSOLUTE
    _printf_longlong_oct                     0x00000000   Number         0  stubs.o ABSOLUTE
    _printf_ls                               0x00000000   Number         0  stubs.o ABSOLUTE
    _printf_mbtowc                           0x00000000   Number         0  stubs.o ABSOLUTE
    _printf_n                                0x00000000   Number         0  stubs.o ABSOLUTE
    _printf_o                                0x00000000   Number         0  stubs.o ABSOLUTE
    _printf_p                                0x00000000   Number         0  stubs.o ABSOLUTE
    _printf_percent                          0x00000000   Number         0  stubs.o ABSOLUTE
    _printf_pre_padding                      0x00000000   Number         0  stubs.o ABSOLUTE
    _printf_return_value                     0x00000000   Number         0  stubs.o ABSOLUTE
    _printf_s                                0x00000000   Number         0  stubs.o ABSOLUTE
    _printf_sizespec                         0x00000000   Number         0  stubs.o ABSOLUTE
    _printf_str                              0x00000000   Number         0  stubs.o ABSOLUTE
    _printf_truncate_signed                  0x00000000   Number         0  stubs.o ABSOLUTE
    _printf_truncate_unsigned                0x00000000   Number         0  stubs.o ABSOLUTE
    _printf_u                                0x00000000   Number         0  stubs.o ABSOLUTE
    _printf_wc                               0x00000000   Number         0  stubs.o ABSOLUTE
    _printf_wctomb                           0x00000000   Number         0  stubs.o ABSOLUTE
    _printf_widthprec                        0x00000000   Number         0  stubs.o ABSOLUTE
    _printf_x                                0x00000000   Number         0  stubs.o ABSOLUTE
    __arm_fini_                               - Undefined Weak Reference
    __cpp_initialize__aeabi_                  - Undefined Weak Reference
    __cxa_finalize                            - Undefined Weak Reference
    __decompress                              - Undefined Weak Reference
    _clock_init                               - Undefined Weak Reference
    _microlib_exit                            - Undefined Weak Reference
    __Vectors_Size                           0x00000130   Number         0  startup_stm32f10x_hd.o ABSOLUTE
    __Vectors                                0x08000000   Data           4  startup_stm32f10x_hd.o(RESET)
    __Vectors_End                            0x08000130   Data           0  startup_stm32f10x_hd.o(RESET)
    __main                                   0x08000131   Thumb Code     0  entry.o(.ARM.Collect$$$$00000000)
    _main_stk                                0x08000131   Thumb Code     0  entry2.o(.ARM.Collect$$$$00000001)
    _main_scatterload                        0x08000135   Thumb Code     0  entry5.o(.ARM.Collect$$$$00000004)
    __main_after_scatterload                 0x08000139   Thumb Code     0  entry5.o(.ARM.Collect$$$$00000004)
    _main_clock                              0x08000139   Thumb Code     0  entry7b.o(.ARM.Collect$$$$00000008)
    _main_cpp_init                           0x08000139   Thumb Code     0  entry8b.o(.ARM.Collect$$$$0000000A)
    _main_init                               0x08000139   Thumb Code     0  entry9a.o(.ARM.Collect$$$$0000000B)
    __rt_lib_shutdown_fini                   0x08000141   Thumb Code     0  entry12b.o(.ARM.Collect$$$$0000000E)
    __rt_final_cpp                           0x08000145   Thumb Code     0  entry10a.o(.ARM.Collect$$$$0000000F)
    __rt_final_exit                          0x08000145   Thumb Code     0  entry11a.o(.ARM.Collect$$$$00000011)
    Reset_Handler                            0x08000149   Thumb Code     8  startup_stm32f10x_hd.o(.text)
    ADC1_2_IRQHandler                        0x08000163   Thumb Code     0  startup_stm32f10x_hd.o(.text)
    ADC3_IRQHandler                          0x08000163   Thumb Code     0  startup_stm32f10x_hd.o(.text)
    CAN1_RX1_IRQHandler                      0x08000163   Thumb Code     0  startup_stm32f10x_hd.o(.text)
    CAN1_SCE_IRQHandler                      0x08000163   Thumb Code     0  startup_stm32f10x_hd.o(.text)
    DMA1_Channel2_IRQHandler                 0x08000163   Thumb Code     0  startup_stm32f10x_hd.o(.text)
    DMA1_Channel3_IRQHandler                 0x08000163   Thumb Code     0  startup_stm32f10x_hd.o(.text)
    DMA1_Channel4_IRQHandler                 0x08000163   Thumb Code     0  startup_stm32f10x_hd.o(.text)
    DMA1_Channel5_IRQHandler                 0x08000163   Thumb Code     0  startup_stm32f10x_hd.o(.text)
    DMA1_Channel6_IRQHandler                 0x08000163   Thumb Code     0  startup_stm32f10x_hd.o(.text)
    DMA1_Channel7_IRQHandler                 0x08000163   Thumb Code     0  startup_stm32f10x_hd.o(.text)
    DMA2_Channel1_IRQHandler                 0x08000163   Thumb Code     0  startup_stm32f10x_hd.o(.text)
    DMA2_Channel2_IRQHandler                 0x08000163   Thumb Code     0  startup_stm32f10x_hd.o(.text)
    DMA2_Channel3_IRQHandler                 0x08000163   Thumb Code     0  startup_stm32f10x_hd.o(.text)
    DMA2_Channel4_5_IRQHandler               0x08000163   Thumb Code     0  startup_stm32f10x_hd.o(.text)
    EXTI15_10_IRQHandler                     0x08000163   Thumb Code     0  startup_stm32f10x_hd.o(.text)
    EXTI1_IRQHandler                         0x08000163   Thumb Code     0  startup_stm32f10x_hd.o(.text)
    EXTI2_IRQHandler                         0x08000163   Thumb Code     0  startup_stm32f10x_hd.o(.text)
    EXTI3_IRQHandler                         0x08000163   Thumb Code     0  startup_stm32f10x_hd.o(.text)
    EXTI4_IRQHandler                         0x08000163   Thumb Code     0  startup_stm32f10x_hd.o(.text)
    FLASH_IRQHandler                         0x08000163   Thumb Code     0  startup_stm32f10x_hd.o(.text)
    FSMC_IRQHandler                          0x08000163   Thumb Code     0  startup_stm32f10x_hd.o(.text)
    I2C1_ER_IRQHandler                       0x08000163   Thumb Code     0  startup_stm32f10x_hd.o(.text)
    I2C1_EV_IRQHandler                       0x08000163   Thumb Code     0  startup_stm32f10x_hd.o(.text)
    I2C2_ER_IRQHandler                       0x08000163   Thumb Code     0  startup_stm32f10x_hd.o(.text)
    I2C2_EV_IRQHandler                       0x08000163   Thumb Code     0  startup_stm32f10x_hd.o(.text)
    PVD_IRQHandler                           0x08000163   Thumb Code     0  startup_stm32f10x_hd.o(.text)
    RCC_IRQHandler                           0x08000163   Thumb Code     0  startup_stm32f10x_hd.o(.text)
    RTCAlarm_IRQHandler                      0x08000163   Thumb Code     0  startup_stm32f10x_hd.o(.text)
    RTC_IRQHandler                           0x08000163   Thumb Code     0  startup_stm32f10x_hd.o(.text)
    SDIO_IRQHandler                          0x08000163   Thumb Code     0  startup_stm32f10x_hd.o(.text)
    SPI1_IRQHandler                          0x08000163   Thumb Code     0  startup_stm32f10x_hd.o(.text)
    SPI2_IRQHandler                          0x08000163   Thumb Code     0  startup_stm32f10x_hd.o(.text)
    SPI3_IRQHandler                          0x08000163   Thumb Code     0  startup_stm32f10x_hd.o(.text)
    TAMPER_IRQHandler                        0x08000163   Thumb Code     0  startup_stm32f10x_hd.o(.text)
    TIM1_BRK_IRQHandler                      0x08000163   Thumb Code     0  startup_stm32f10x_hd.o(.text)
    TIM1_CC_IRQHandler                       0x08000163   Thumb Code     0  startup_stm32f10x_hd.o(.text)
    TIM1_TRG_COM_IRQHandler                  0x08000163   Thumb Code     0  startup_stm32f10x_hd.o(.text)
    TIM1_UP_IRQHandler                       0x08000163   Thumb Code     0  startup_stm32f10x_hd.o(.text)
    TIM2_IRQHandler                          0x08000163   Thumb Code     0  startup_stm32f10x_hd.o(.text)
    TIM3_IRQHandler                          0x08000163   Thumb Code     0  startup_stm32f10x_hd.o(.text)
    TIM4_IRQHandler                          0x08000163   Thumb Code     0  startup_stm32f10x_hd.o(.text)
    TIM5_IRQHandler                          0x08000163   Thumb Code     0  startup_stm32f10x_hd.o(.text)
    TIM6_IRQHandler                          0x08000163   Thumb Code     0  startup_stm32f10x_hd.o(.text)
    TIM7_IRQHandler                          0x08000163   Thumb Code     0  startup_stm32f10x_hd.o(.text)
    TIM8_BRK_IRQHandler                      0x08000163   Thumb Code     0  startup_stm32f10x_hd.o(.text)
    TIM8_CC_IRQHandler                       0x08000163   Thumb Code     0  startup_stm32f10x_hd.o(.text)
    TIM8_TRG_COM_IRQHandler                  0x08000163   Thumb Code     0  startup_stm32f10x_hd.o(.text)
    TIM8_UP_IRQHandler                       0x08000163   Thumb Code     0  startup_stm32f10x_hd.o(.text)
    UART4_IRQHandler                         0x08000163   Thumb Code     0  startup_stm32f10x_hd.o(.text)
    UART5_IRQHandler                         0x08000163   Thumb Code     0  startup_stm32f10x_hd.o(.text)
    USART3_IRQHandler                        0x08000163   Thumb Code     0  startup_stm32f10x_hd.o(.text)
    USBWakeUp_IRQHandler                     0x08000163   Thumb Code     0  startup_stm32f10x_hd.o(.text)
    USB_HP_CAN1_TX_IRQHandler                0x08000163   Thumb Code     0  startup_stm32f10x_hd.o(.text)
    USB_LP_CAN1_RX0_IRQHandler               0x08000163   Thumb Code     0  startup_stm32f10x_hd.o(.text)
    WWDG_IRQHandler                          0x08000163   Thumb Code     0  startup_stm32f10x_hd.o(.text)
    __aeabi_dadd                             0x0800016d   Thumb Code   322  dadd.o(.text)
    __aeabi_dsub                             0x080002af   Thumb Code     6  dadd.o(.text)
    __aeabi_drsub                            0x080002b5   Thumb Code     6  dadd.o(.text)
    __aeabi_dmul                             0x080002bb   Thumb Code   228  dmul.o(.text)
    __aeabi_ddiv                             0x0800039f   Thumb Code   222  ddiv.o(.text)
    __aeabi_d2uiz                            0x0800047d   Thumb Code    50  dfixui.o(.text)
    __aeabi_f2d                              0x080004af   Thumb Code    38  f2d.o(.text)
    __aeabi_cdrcmple                         0x080004d5   Thumb Code    48  cdrcmple.o(.text)
    __aeabi_uidiv                            0x08000505   Thumb Code     0  uidiv.o(.text)
    __aeabi_uidivmod                         0x08000505   Thumb Code    44  uidiv.o(.text)
    __aeabi_uldivmod                         0x08000531   Thumb Code    98  uldiv.o(.text)
    __aeabi_llsl                             0x08000593   Thumb Code    30  llshl.o(.text)
    _ll_shift_l                              0x08000593   Thumb Code     0  llshl.o(.text)
    __aeabi_llsr                             0x080005b1   Thumb Code    32  llushr.o(.text)
    _ll_ushift_r                             0x080005b1   Thumb Code     0  llushr.o(.text)
    __aeabi_lasr                             0x080005d1   Thumb Code    36  llsshr.o(.text)
    _ll_sshift_r                             0x080005d1   Thumb Code     0  llsshr.o(.text)
    __I$use$fp                               0x080005f5   Thumb Code     0  iusefp.o(.text)
    _double_round                            0x080005f5   Thumb Code    30  depilogue.o(.text)
    _double_epilogue                         0x08000613   Thumb Code   156  depilogue.o(.text)
    __aeabi_d2ulz                            0x080006af   Thumb Code    48  dfixul.o(.text)
    __scatterload                            0x080006e1   Thumb Code    28  init.o(.text)
    __scatterload_rt2                        0x080006e1   Thumb Code     0  init.o(.text)
    AD9833_Init                              0x08000705   Thumb Code    22  ad9833.o(i.AD9833_Init)
    AD9833_SPI_Write                         0x0800071d   Thumb Code   310  ad9833.o(i.AD9833_SPI_Write)
    AD9833_SetFrequency                      0x08000879   Thumb Code    86  ad9833.o(i.AD9833_SetFrequency)
    AD9833_SetFrequencyQuick                 0x080008d9   Thumb Code    24  ad9833.o(i.AD9833_SetFrequencyQuick)
    AD9833_SetRegisterValue                  0x080008f1   Thumb Code    38  ad9833.o(i.AD9833_SetRegisterValue)
    AD983_GPIO_Init                          0x0800091d   Thumb Code    92  ad9833.o(i.AD983_GPIO_Init)
    ADC_Cmd                                  0x08000981   Thumb Code    22  stm32f10x_adc.o(i.ADC_Cmd)
    ADC_DMA1_Init                            0x08000999   Thumb Code   132  timing sampling.o(i.ADC_DMA1_Init)
    ADC_DMACmd                               0x08000a29   Thumb Code    22  stm32f10x_adc.o(i.ADC_DMACmd)
    ADC_ExternalTrigConvCmd                  0x08000a3f   Thumb Code    22  stm32f10x_adc.o(i.ADC_ExternalTrigConvCmd)
    ADC_GPIO_Init                            0x08000a55   Thumb Code    72  timing sampling.o(i.ADC_GPIO_Init)
    ADC_GetCalibrationStatus                 0x08000aa5   Thumb Code    20  stm32f10x_adc.o(i.ADC_GetCalibrationStatus)
    ADC_GetResetCalibrationStatus            0x08000ab9   Thumb Code    20  stm32f10x_adc.o(i.ADC_GetResetCalibrationStatus)
    ADC_Init                                 0x08000acd   Thumb Code    70  stm32f10x_adc.o(i.ADC_Init)
    ADC_Init_Init                            0x08000b1d   Thumb Code   132  timing sampling.o(i.ADC_Init_Init)
    ADC_RegularChannelConfig                 0x08000ba5   Thumb Code   184  stm32f10x_adc.o(i.ADC_RegularChannelConfig)
    ADC_ResetCalibration                     0x08000c5d   Thumb Code    10  stm32f10x_adc.o(i.ADC_ResetCalibration)
    ADC_StartCalibration                     0x08000c67   Thumb Code    10  stm32f10x_adc.o(i.ADC_StartCalibration)
    ADC_TIM3_Init                            0x08000c71   Thumb Code    82  timing sampling.o(i.ADC_TIM3_Init)
    BusFault_Handler                         0x08000cc9   Thumb Code     4  stm32f10x_it.o(i.BusFault_Handler)
    DMA1_Channel1_IRQHandler                 0x08000ccd   Thumb Code    40  timing sampling.o(i.DMA1_Channel1_IRQHandler)
    DMA_ClearITPendingBit                    0x08000d01   Thumb Code    18  stm32f10x_dma.o(i.DMA_ClearITPendingBit)
    DMA_Cmd                                  0x08000d1d   Thumb Code    24  stm32f10x_dma.o(i.DMA_Cmd)
    DMA_GetITStatus                          0x08000d35   Thumb Code    36  stm32f10x_dma.o(i.DMA_GetITStatus)
    DMA_ITConfig                             0x08000d61   Thumb Code    18  stm32f10x_dma.o(i.DMA_ITConfig)
    DMA_Init                                 0x08000d73   Thumb Code    60  stm32f10x_dma.o(i.DMA_Init)
    DebugMon_Handler                         0x08000daf   Thumb Code     2  stm32f10x_it.o(i.DebugMon_Handler)
    Delay_ms                                 0x08000db1   Thumb Code    24  delay.o(i.Delay_ms)
    Delay_us                                 0x08000dc9   Thumb Code    46  delay.o(i.Delay_us)
    EXTI0_IRQHandler                         0x08000df9   Thumb Code    32  matrix_keypad.o(i.EXTI0_IRQHandler)
    EXTI9_5_IRQHandler                       0x08000e1d   Thumb Code    88  matrix_keypad.o(i.EXTI9_5_IRQHandler)
    EXTI_ClearITPendingBit                   0x08000e79   Thumb Code     6  stm32f10x_exti.o(i.EXTI_ClearITPendingBit)
    EXTI_GetITStatus                         0x08000e85   Thumb Code    34  stm32f10x_exti.o(i.EXTI_GetITStatus)
    GPIO_Init                                0x08000ead   Thumb Code   278  stm32f10x_gpio.o(i.GPIO_Init)
    GPIO_ReadInputDataBit                    0x08000fc3   Thumb Code    18  stm32f10x_gpio.o(i.GPIO_ReadInputDataBit)
    GPIO_ReadOutputDataBit                   0x08000fd5   Thumb Code    18  stm32f10x_gpio.o(i.GPIO_ReadOutputDataBit)
    GPIO_ResetBits                           0x08000fe7   Thumb Code     4  stm32f10x_gpio.o(i.GPIO_ResetBits)
    GPIO_SetBits                             0x08000feb   Thumb Code     4  stm32f10x_gpio.o(i.GPIO_SetBits)
    GPIO_StructInit                          0x08000fef   Thumb Code    16  stm32f10x_gpio.o(i.GPIO_StructInit)
    GPIO_Turn                                0x08001001   Thumb Code   148  matrix_keypad.o(i.GPIO_Turn)
    HardFault_Handler                        0x08001099   Thumb Code     4  stm32f10x_it.o(i.HardFault_Handler)
    Key_Control                              0x0800109d   Thumb Code    36  matrix_keypad.o(i.Key_Control)
    Keypad_Scan                              0x080010c9   Thumb Code   132  matrix_keypad.o(i.Keypad_Scan)
    MemManage_Handler                        0x0800115d   Thumb Code     4  stm32f10x_it.o(i.MemManage_Handler)
    NMI_Handler                              0x08001161   Thumb Code     2  stm32f10x_it.o(i.NMI_Handler)
    NVIC_Init                                0x08001165   Thumb Code   100  misc.o(i.NVIC_Init)
    NVIC_PriorityGroupConfig                 0x080011d5   Thumb Code    10  misc.o(i.NVIC_PriorityGroupConfig)
    PendSV_Handler                           0x080011e9   Thumb Code     2  stm32f10x_it.o(i.PendSV_Handler)
    RCC_ADCCLKConfig                         0x080011ed   Thumb Code    18  stm32f10x_rcc.o(i.RCC_ADCCLKConfig)
    RCC_AHBPeriphClockCmd                    0x08001205   Thumb Code    26  stm32f10x_rcc.o(i.RCC_AHBPeriphClockCmd)
    RCC_APB1PeriphClockCmd                   0x08001225   Thumb Code    26  stm32f10x_rcc.o(i.RCC_APB1PeriphClockCmd)
    RCC_APB1PeriphResetCmd                   0x08001245   Thumb Code    26  stm32f10x_rcc.o(i.RCC_APB1PeriphResetCmd)
    RCC_APB2PeriphClockCmd                   0x08001265   Thumb Code    26  stm32f10x_rcc.o(i.RCC_APB2PeriphClockCmd)
    RCC_APB2PeriphResetCmd                   0x08001285   Thumb Code    26  stm32f10x_rcc.o(i.RCC_APB2PeriphResetCmd)
    RCC_GetClocksFreq                        0x080012a5   Thumb Code   192  stm32f10x_rcc.o(i.RCC_GetClocksFreq)
    ResetADC                                 0x08001379   Thumb Code     8  timing sampling.o(i.ResetADC)
    SVC_Handler                              0x08001381   Thumb Code     2  stm32f10x_it.o(i.SVC_Handler)
    Serial_Printf                            0x08001383   Thumb Code    36  serial.o(i.Serial_Printf)
    Serial_SendByte                          0x080013a9   Thumb Code    28  serial.o(i.Serial_SendByte)
    Serial_SendString                        0x080013c9   Thumb Code    26  serial.o(i.Serial_SendString)
    SysTick_Handler                          0x080014cd   Thumb Code     2  stm32f10x_it.o(i.SysTick_Handler)
    SystemInit                               0x080014d1   Thumb Code    78  system_stm32f10x.o(i.SystemInit)
    TIM_Cmd                                  0x08001531   Thumb Code    24  stm32f10x_tim.o(i.TIM_Cmd)
    TIM_InternalClockConfig                  0x08001549   Thumb Code    12  stm32f10x_tim.o(i.TIM_InternalClockConfig)
    TIM_SelectOutputTrigger                  0x08001555   Thumb Code    18  stm32f10x_tim.o(i.TIM_SelectOutputTrigger)
    TIM_TimeBaseInit                         0x08001569   Thumb Code   122  stm32f10x_tim.o(i.TIM_TimeBaseInit)
    TIM_TimeBaseStructInit                   0x0800160d   Thumb Code    18  stm32f10x_tim.o(i.TIM_TimeBaseStructInit)
    USART1_IRQHandler                        0x08001621   Thumb Code    44  serial.o(i.USART1_IRQHandler)
    USART2_IRQHandler                        0x08001659   Thumb Code    42  tjc_usart_hmi.o(i.USART2_IRQHandler)
    USART_ClearFlag                          0x08001689   Thumb Code    18  stm32f10x_usart.o(i.USART_ClearFlag)
    USART_ClearITPendingBit                  0x0800169b   Thumb Code    30  stm32f10x_usart.o(i.USART_ClearITPendingBit)
    USART_Cmd                                0x080016b9   Thumb Code    24  stm32f10x_usart.o(i.USART_Cmd)
    USART_DeInit                             0x080016d1   Thumb Code   134  stm32f10x_usart.o(i.USART_DeInit)
    USART_GetFlagStatus                      0x0800176d   Thumb Code    26  stm32f10x_usart.o(i.USART_GetFlagStatus)
    USART_GetITStatus                        0x08001787   Thumb Code    84  stm32f10x_usart.o(i.USART_GetITStatus)
    USART_ITConfig                           0x080017db   Thumb Code    74  stm32f10x_usart.o(i.USART_ITConfig)
    USART_Init                               0x08001825   Thumb Code   210  stm32f10x_usart.o(i.USART_Init)
    USART_ReceiveData                        0x080018fd   Thumb Code    10  stm32f10x_usart.o(i.USART_ReceiveData)
    USART_SendData                           0x08001907   Thumb Code     8  stm32f10x_usart.o(i.USART_SendData)
    USART_StructInit                         0x0800190f   Thumb Code    24  stm32f10x_usart.o(i.USART_StructInit)
    UsageFault_Handler                       0x08001927   Thumb Code     4  stm32f10x_it.o(i.UsageFault_Handler)
    __0vsprintf                              0x0800192d   Thumb Code    30  printfa.o(i.__0vsprintf)
    __1vsprintf                              0x0800192d   Thumb Code     0  printfa.o(i.__0vsprintf)
    __2vsprintf                              0x0800192d   Thumb Code     0  printfa.o(i.__0vsprintf)
    __c89vsprintf                            0x0800192d   Thumb Code     0  printfa.o(i.__0vsprintf)
    vsprintf                                 0x0800192d   Thumb Code     0  printfa.o(i.__0vsprintf)
    __scatterload_copy                       0x08001951   Thumb Code    14  handlers.o(i.__scatterload_copy)
    __scatterload_null                       0x0800195f   Thumb Code     2  handlers.o(i.__scatterload_null)
    __scatterload_zeroinit                   0x08001961   Thumb Code    14  handlers.o(i.__scatterload_zeroinit)
    main                                     0x08002205   Thumb Code    40  main.o(i.main)
    myADC1_Init                              0x08002231   Thumb Code    26  timing sampling.o(i.myADC1_Init)
    uart1_init                               0x0800224d   Thumb Code   200  tjc_usart_hmi.o(i.uart1_init)
    writeRingBuff                            0x0800231d   Thumb Code    54  tjc_usart_hmi.o(i.writeRingBuff)
    key_map                                  0x08002358   Data          16  matrix_keypad.o(.constdata)
    Region$$Table$$Base                      0x08002370   Number         0  anon$$obj.o(Region$$Table)
    Region$$Table$$Limit                     0x08002390   Number         0  anon$$obj.o(Region$$Table)
    Serial_RxData                            0x20000000   Data           2  serial.o(.data)
    Serial_RxFlag                            0x20000002   Data           2  serial.o(.data)
    Serial_TxPacket                          0x20000004   Data           8  serial.o(.data)
    Serial_RxPacket                          0x2000000c   Data           8  serial.o(.data)
    secondMaxIndex                           0x20000014   Data           2  timing sampling.o(.data)
    thirdMaxIndex                            0x20000016   Data           2  timing sampling.o(.data)
    vpp_vpp                                  0x20000018   Data           4  timing sampling.o(.data)
    adc_finish_fg                            0x2000001c   Data           1  timing sampling.o(.data)
    key_pressed                              0x2000001d   Data           1  matrix_keypad.o(.data)
    key_value                                0x2000001e   Data           1  matrix_keypad.o(.data)
    FFT_SourceData                           0x20000034   Data        4096  timing sampling.o(.bss)
    FFT_OutData                              0x20001034   Data        2048  timing sampling.o(.bss)
    FFT_Mag                                  0x20001834   Data        2048  timing sampling.o(.bss)
    Adc_data                                 0x20002034   Data        2048  timing sampling.o(.bss)
    Adc_data1                                0x20002834   Data        6144  timing sampling.o(.bss)
    ringBuff                                 0x20004852   Data         506  tjc_usart_hmi.o(.bss)
    __initial_sp                             0x20004e50   Data           0  startup_stm32f10x_hd.o(STACK)



==============================================================================

Memory Map of the image

  Image Entry point : 0x08000131

  Load Region LR_IROM1 (Base: 0x08000000, Size: 0x000023c4, Max: 0x00080000, ABSOLUTE)

    Execution Region ER_IROM1 (Exec base: 0x08000000, Load base: 0x08000000, Size: 0x00002390, Max: 0x00080000, ABSOLUTE)

    Exec Addr    Load Addr    Size         Type   Attr      Idx    E Section Name        Object

    0x08000000   0x08000000   0x00000130   Data   RO         4583    RESET               startup_stm32f10x_hd.o
    0x08000130   0x08000130   0x00000000   Code   RO         5729  * .ARM.Collect$$$$00000000  mc_w.l(entry.o)
    0x08000130   0x08000130   0x00000004   Code   RO         6057    .ARM.Collect$$$$00000001  mc_w.l(entry2.o)
    0x08000134   0x08000134   0x00000004   Code   RO         6060    .ARM.Collect$$$$00000004  mc_w.l(entry5.o)
    0x08000138   0x08000138   0x00000000   Code   RO         6062    .ARM.Collect$$$$00000008  mc_w.l(entry7b.o)
    0x08000138   0x08000138   0x00000000   Code   RO         6064    .ARM.Collect$$$$0000000A  mc_w.l(entry8b.o)
    0x08000138   0x08000138   0x00000008   Code   RO         6065    .ARM.Collect$$$$0000000B  mc_w.l(entry9a.o)
    0x08000140   0x08000140   0x00000004   Code   RO         6072    .ARM.Collect$$$$0000000E  mc_w.l(entry12b.o)
    0x08000144   0x08000144   0x00000000   Code   RO         6067    .ARM.Collect$$$$0000000F  mc_w.l(entry10a.o)
    0x08000144   0x08000144   0x00000000   Code   RO         6069    .ARM.Collect$$$$00000011  mc_w.l(entry11a.o)
    0x08000144   0x08000144   0x00000004   Code   RO         6058    .ARM.Collect$$$$00002712  mc_w.l(entry2.o)
    0x08000148   0x08000148   0x00000024   Code   RO         4584    .text               startup_stm32f10x_hd.o
    0x0800016c   0x0800016c   0x0000014e   Code   RO         5999    .text               mf_w.l(dadd.o)
    0x080002ba   0x080002ba   0x000000e4   Code   RO         6001    .text               mf_w.l(dmul.o)
    0x0800039e   0x0800039e   0x000000de   Code   RO         6003    .text               mf_w.l(ddiv.o)
    0x0800047c   0x0800047c   0x00000032   Code   RO         6019    .text               mf_w.l(dfixui.o)
    0x080004ae   0x080004ae   0x00000026   Code   RO         6021    .text               mf_w.l(f2d.o)
    0x080004d4   0x080004d4   0x00000030   Code   RO         6025    .text               mf_w.l(cdrcmple.o)
    0x08000504   0x08000504   0x0000002c   Code   RO         6074    .text               mc_w.l(uidiv.o)
    0x08000530   0x08000530   0x00000062   Code   RO         6076    .text               mc_w.l(uldiv.o)
    0x08000592   0x08000592   0x0000001e   Code   RO         6078    .text               mc_w.l(llshl.o)
    0x080005b0   0x080005b0   0x00000020   Code   RO         6080    .text               mc_w.l(llushr.o)
    0x080005d0   0x080005d0   0x00000024   Code   RO         6082    .text               mc_w.l(llsshr.o)
    0x080005f4   0x080005f4   0x00000000   Code   RO         6091    .text               mc_w.l(iusefp.o)
    0x080005f4   0x080005f4   0x000000ba   Code   RO         6094    .text               mf_w.l(depilogue.o)
    0x080006ae   0x080006ae   0x00000030   Code   RO         6100    .text               mf_w.l(dfixul.o)
    0x080006de   0x080006de   0x00000002   PAD
    0x080006e0   0x080006e0   0x00000024   Code   RO         6105    .text               mc_w.l(init.o)
    0x08000704   0x08000704   0x00000016   Code   RO         1169    i.AD9833_Init       ad9833.o
    0x0800071a   0x0800071a   0x00000002   PAD
    0x0800071c   0x0800071c   0x0000015c   Code   RO         1171    i.AD9833_SPI_Write  ad9833.o
    0x08000878   0x08000878   0x00000060   Code   RO         1172    i.AD9833_SetFrequency  ad9833.o
    0x080008d8   0x080008d8   0x00000018   Code   RO         1173    i.AD9833_SetFrequencyQuick  ad9833.o
    0x080008f0   0x080008f0   0x0000002c   Code   RO         1175    i.AD9833_SetRegisterValue  ad9833.o
    0x0800091c   0x0800091c   0x00000064   Code   RO         1178    i.AD983_GPIO_Init   ad9833.o
    0x08000980   0x08000980   0x00000016   Code   RO         1319    i.ADC_Cmd           stm32f10x_adc.o
    0x08000996   0x08000996   0x00000002   PAD
    0x08000998   0x08000998   0x00000090   Code   RO          573    i.ADC_DMA1_Init     timing sampling.o
    0x08000a28   0x08000a28   0x00000016   Code   RO         1320    i.ADC_DMACmd        stm32f10x_adc.o
    0x08000a3e   0x08000a3e   0x00000016   Code   RO         1324    i.ADC_ExternalTrigConvCmd  stm32f10x_adc.o
    0x08000a54   0x08000a54   0x00000050   Code   RO          574    i.ADC_GPIO_Init     timing sampling.o
    0x08000aa4   0x08000aa4   0x00000014   Code   RO         1327    i.ADC_GetCalibrationStatus  stm32f10x_adc.o
    0x08000ab8   0x08000ab8   0x00000014   Code   RO         1333    i.ADC_GetResetCalibrationStatus  stm32f10x_adc.o
    0x08000acc   0x08000acc   0x00000050   Code   RO         1337    i.ADC_Init          stm32f10x_adc.o
    0x08000b1c   0x08000b1c   0x00000088   Code   RO          575    i.ADC_Init_Init     timing sampling.o
    0x08000ba4   0x08000ba4   0x000000b8   Code   RO         1341    i.ADC_RegularChannelConfig  stm32f10x_adc.o
    0x08000c5c   0x08000c5c   0x0000000a   Code   RO         1342    i.ADC_ResetCalibration  stm32f10x_adc.o
    0x08000c66   0x08000c66   0x0000000a   Code   RO         1346    i.ADC_StartCalibration  stm32f10x_adc.o
    0x08000c70   0x08000c70   0x00000058   Code   RO          581    i.ADC_TIM3_Init     timing sampling.o
    0x08000cc8   0x08000cc8   0x00000004   Code   RO         5094    i.BusFault_Handler  stm32f10x_it.o
    0x08000ccc   0x08000ccc   0x00000034   Code   RO          582    i.DMA1_Channel1_IRQHandler  timing sampling.o
    0x08000d00   0x08000d00   0x0000001c   Code   RO         2108    i.DMA_ClearITPendingBit  stm32f10x_dma.o
    0x08000d1c   0x08000d1c   0x00000018   Code   RO         2109    i.DMA_Cmd           stm32f10x_dma.o
    0x08000d34   0x08000d34   0x0000002c   Code   RO         2113    i.DMA_GetITStatus   stm32f10x_dma.o
    0x08000d60   0x08000d60   0x00000012   Code   RO         2114    i.DMA_ITConfig      stm32f10x_dma.o
    0x08000d72   0x08000d72   0x0000003c   Code   RO         2115    i.DMA_Init          stm32f10x_dma.o
    0x08000dae   0x08000dae   0x00000002   Code   RO         5095    i.DebugMon_Handler  stm32f10x_it.o
    0x08000db0   0x08000db0   0x00000018   Code   RO         4656    i.Delay_ms          delay.o
    0x08000dc8   0x08000dc8   0x0000002e   Code   RO         4658    i.Delay_us          delay.o
    0x08000df6   0x08000df6   0x00000002   PAD
    0x08000df8   0x08000df8   0x00000024   Code   RO         1086    i.EXTI0_IRQHandler  matrix_keypad.o
    0x08000e1c   0x08000e1c   0x0000005c   Code   RO         1087    i.EXTI9_5_IRQHandler  matrix_keypad.o
    0x08000e78   0x08000e78   0x0000000c   Code   RO         2195    i.EXTI_ClearITPendingBit  stm32f10x_exti.o
    0x08000e84   0x08000e84   0x00000028   Code   RO         2199    i.EXTI_GetITStatus  stm32f10x_exti.o
    0x08000eac   0x08000eac   0x00000116   Code   RO         2593    i.GPIO_Init         stm32f10x_gpio.o
    0x08000fc2   0x08000fc2   0x00000012   Code   RO         2597    i.GPIO_ReadInputDataBit  stm32f10x_gpio.o
    0x08000fd4   0x08000fd4   0x00000012   Code   RO         2599    i.GPIO_ReadOutputDataBit  stm32f10x_gpio.o
    0x08000fe6   0x08000fe6   0x00000004   Code   RO         2600    i.GPIO_ResetBits    stm32f10x_gpio.o
    0x08000fea   0x08000fea   0x00000004   Code   RO         2601    i.GPIO_SetBits      stm32f10x_gpio.o
    0x08000fee   0x08000fee   0x00000010   Code   RO         2602    i.GPIO_StructInit   stm32f10x_gpio.o
    0x08000ffe   0x08000ffe   0x00000002   PAD
    0x08001000   0x08001000   0x00000098   Code   RO         1088    i.GPIO_Turn         matrix_keypad.o
    0x08001098   0x08001098   0x00000004   Code   RO         5096    i.HardFault_Handler  stm32f10x_it.o
    0x0800109c   0x0800109c   0x0000002c   Code   RO         1090    i.Key_Control       matrix_keypad.o
    0x080010c8   0x080010c8   0x00000094   Code   RO         1092    i.Keypad_Scan       matrix_keypad.o
    0x0800115c   0x0800115c   0x00000004   Code   RO         5097    i.MemManage_Handler  stm32f10x_it.o
    0x08001160   0x08001160   0x00000002   Code   RO         5098    i.NMI_Handler       stm32f10x_it.o
    0x08001162   0x08001162   0x00000002   PAD
    0x08001164   0x08001164   0x00000070   Code   RO         1262    i.NVIC_Init         misc.o
    0x080011d4   0x080011d4   0x00000014   Code   RO         1263    i.NVIC_PriorityGroupConfig  misc.o
    0x080011e8   0x080011e8   0x00000002   Code   RO         5099    i.PendSV_Handler    stm32f10x_it.o
    0x080011ea   0x080011ea   0x00000002   PAD
    0x080011ec   0x080011ec   0x00000018   Code   RO         3067    i.RCC_ADCCLKConfig  stm32f10x_rcc.o
    0x08001204   0x08001204   0x00000020   Code   RO         3068    i.RCC_AHBPeriphClockCmd  stm32f10x_rcc.o
    0x08001224   0x08001224   0x00000020   Code   RO         3069    i.RCC_APB1PeriphClockCmd  stm32f10x_rcc.o
    0x08001244   0x08001244   0x00000020   Code   RO         3070    i.RCC_APB1PeriphResetCmd  stm32f10x_rcc.o
    0x08001264   0x08001264   0x00000020   Code   RO         3071    i.RCC_APB2PeriphClockCmd  stm32f10x_rcc.o
    0x08001284   0x08001284   0x00000020   Code   RO         3072    i.RCC_APB2PeriphResetCmd  stm32f10x_rcc.o
    0x080012a4   0x080012a4   0x000000d4   Code   RO         3079    i.RCC_GetClocksFreq  stm32f10x_rcc.o
    0x08001378   0x08001378   0x00000008   Code   RO          586    i.ResetADC          timing sampling.o
    0x08001380   0x08001380   0x00000002   Code   RO         5100    i.SVC_Handler       stm32f10x_it.o
    0x08001382   0x08001382   0x00000024   Code   RO          457    i.Serial_Printf     serial.o
    0x080013a6   0x080013a6   0x00000002   PAD
    0x080013a8   0x080013a8   0x00000020   Code   RO          459    i.Serial_SendByte   serial.o
    0x080013c8   0x080013c8   0x0000001a   Code   RO          462    i.Serial_SendString  serial.o
    0x080013e2   0x080013e2   0x00000008   Code   RO         4591    i.SetSysClock       system_stm32f10x.o
    0x080013ea   0x080013ea   0x00000002   PAD
    0x080013ec   0x080013ec   0x000000e0   Code   RO         4592    i.SetSysClockTo72   system_stm32f10x.o
    0x080014cc   0x080014cc   0x00000002   Code   RO         5101    i.SysTick_Handler   stm32f10x_it.o
    0x080014ce   0x080014ce   0x00000002   PAD
    0x080014d0   0x080014d0   0x00000060   Code   RO         4594    i.SystemInit        system_stm32f10x.o
    0x08001530   0x08001530   0x00000018   Code   RO         3763    i.TIM_Cmd           stm32f10x_tim.o
    0x08001548   0x08001548   0x0000000c   Code   RO         3790    i.TIM_InternalClockConfig  stm32f10x_tim.o
    0x08001554   0x08001554   0x00000012   Code   RO         3820    i.TIM_SelectOutputTrigger  stm32f10x_tim.o
    0x08001566   0x08001566   0x00000002   PAD
    0x08001568   0x08001568   0x000000a4   Code   RO         3834    i.TIM_TimeBaseInit  stm32f10x_tim.o
    0x0800160c   0x0800160c   0x00000012   Code   RO         3835    i.TIM_TimeBaseStructInit  stm32f10x_tim.o
    0x0800161e   0x0800161e   0x00000002   PAD
    0x08001620   0x08001620   0x00000038   Code   RO          463    i.USART1_IRQHandler  serial.o
    0x08001658   0x08001658   0x00000030   Code   RO         5599    i.USART2_IRQHandler  tjc_usart_hmi.o
    0x08001688   0x08001688   0x00000012   Code   RO         4310    i.USART_ClearFlag   stm32f10x_usart.o
    0x0800169a   0x0800169a   0x0000001e   Code   RO         4311    i.USART_ClearITPendingBit  stm32f10x_usart.o
    0x080016b8   0x080016b8   0x00000018   Code   RO         4314    i.USART_Cmd         stm32f10x_usart.o
    0x080016d0   0x080016d0   0x0000009c   Code   RO         4316    i.USART_DeInit      stm32f10x_usart.o
    0x0800176c   0x0800176c   0x0000001a   Code   RO         4317    i.USART_GetFlagStatus  stm32f10x_usart.o
    0x08001786   0x08001786   0x00000054   Code   RO         4318    i.USART_GetITStatus  stm32f10x_usart.o
    0x080017da   0x080017da   0x0000004a   Code   RO         4320    i.USART_ITConfig    stm32f10x_usart.o
    0x08001824   0x08001824   0x000000d8   Code   RO         4321    i.USART_Init        stm32f10x_usart.o
    0x080018fc   0x080018fc   0x0000000a   Code   RO         4328    i.USART_ReceiveData  stm32f10x_usart.o
    0x08001906   0x08001906   0x00000008   Code   RO         4331    i.USART_SendData    stm32f10x_usart.o
    0x0800190e   0x0800190e   0x00000018   Code   RO         4337    i.USART_StructInit  stm32f10x_usart.o
    0x08001926   0x08001926   0x00000004   Code   RO         5102    i.UsageFault_Handler  stm32f10x_it.o
    0x0800192a   0x0800192a   0x00000002   PAD
    0x0800192c   0x0800192c   0x00000024   Code   RO         5971    i.__0vsprintf       mc_w.l(printfa.o)
    0x08001950   0x08001950   0x0000000e   Code   RO         6109    i.__scatterload_copy  mc_w.l(handlers.o)
    0x0800195e   0x0800195e   0x00000002   Code   RO         6110    i.__scatterload_null  mc_w.l(handlers.o)
    0x08001960   0x08001960   0x0000000e   Code   RO         6111    i.__scatterload_zeroinit  mc_w.l(handlers.o)
    0x0800196e   0x0800196e   0x00000002   PAD
    0x08001970   0x08001970   0x00000184   Code   RO         5972    i._fp_digits        mc_w.l(printfa.o)
    0x08001af4   0x08001af4   0x000006b4   Code   RO         5973    i._printf_core      mc_w.l(printfa.o)
    0x080021a8   0x080021a8   0x00000024   Code   RO         5974    i._printf_post_padding  mc_w.l(printfa.o)
    0x080021cc   0x080021cc   0x0000002e   Code   RO         5975    i._printf_pre_padding  mc_w.l(printfa.o)
    0x080021fa   0x080021fa   0x0000000a   Code   RO         5977    i._sputc            mc_w.l(printfa.o)
    0x08002204   0x08002204   0x0000002c   Code   RO         4905    i.main              main.o
    0x08002230   0x08002230   0x0000001a   Code   RO          587    i.myADC1_Init       timing sampling.o
    0x0800224a   0x0800224a   0x00000002   PAD
    0x0800224c   0x0800224c   0x000000d0   Code   RO         5606    i.uart1_init        tjc_usart_hmi.o
    0x0800231c   0x0800231c   0x0000003c   Code   RO         5608    i.writeRingBuff     tjc_usart_hmi.o
    0x08002358   0x08002358   0x00000010   Data   RO         1093    .constdata          matrix_keypad.o
    0x08002368   0x08002368   0x00000005   Data   RO         1180    .constdata          ad9833.o
    0x0800236d   0x0800236d   0x00000003   PAD
    0x08002370   0x08002370   0x00000020   Data   RO         6107    Region$$Table       anon$$obj.o


    Execution Region RW_IRAM1 (Exec base: 0x20000000, Load base: 0x08002390, Size: 0x00004e50, Max: 0x00010000, ABSOLUTE)

    Exec Addr    Load Addr    Size         Type   Attr      Idx    E Section Name        Object

    0x20000000   0x08002390   0x00000014   Data   RW          464    .data               serial.o
    0x20000014   0x080023a4   0x00000009   Data   RW          589    .data               timing sampling.o
    0x2000001d   0x080023ad   0x00000002   Data   RW         1094    .data               matrix_keypad.o
    0x2000001f   0x080023af   0x00000014   Data   RW         3099    .data               stm32f10x_rcc.o
    0x20000033   0x080023c3   0x00000001   PAD
    0x20000034        -       0x0000481e   Zero   RW          588    .bss                timing sampling.o
    0x20004852        -       0x000001fa   Zero   RW         5609    .bss                tjc_usart_hmi.o
    0x20004a4c   0x080023c3   0x00000004   PAD
    0x20004a50        -       0x00000400   Zero   RW         4581    STACK               startup_stm32f10x_hd.o


==============================================================================

Image component sizes


      Code (inc. data)   RO Data    RW Data    ZI Data      Debug   Object Name

       634         62          5          0          0       3846   ad9833.o
        70          0          0          0          0        866   delay.o
         0          0          0          0          0     265288   led.o
        44          4          0          0          0     219391   main.o
       472         36         16          2          0       3504   matrix_keypad.o
       132         22          0          0          0       2947   misc.o
       150         16          0         20          0       3188   serial.o
        36          8        304          0       1024        756   startup_stm32f10x_hd.o
       390         10          0          0          0      15712   stm32f10x_adc.o
       174         18          0          0          0      13850   stm32f10x_dma.o
        52         12          0          0          0       1000   stm32f10x_exti.o
       338          0          0          0          0      12623   stm32f10x_gpio.o
        26          0          0          0          0       3470   stm32f10x_it.o
       396         56          0         20          0      14779   stm32f10x_rcc.o
       236         42          0          0          0      23250   stm32f10x_tim.o
       670         28          0          0          0      13687   stm32f10x_usart.o
       328         28          0          0          0       1709   system_stm32f10x.o
       534         42          0          9      18462       4787   timing sampling.o
       316         20          0          0        506       2336   tjc_usart_hmi.o

    ----------------------------------------------------------------------
      5024        404        360         52      19996     606989   Object Totals
         0          0         32          0          0          0   (incl. Generated)
        26          0          3          1          4          0   (incl. Padding)

    ----------------------------------------------------------------------

      Code (inc. data)   RO Data    RW Data    ZI Data      Debug   Library Member Name

         0          0          0          0          0          0   entry.o
         0          0          0          0          0          0   entry10a.o
         0          0          0          0          0          0   entry11a.o
         4          0          0          0          0          0   entry12b.o
         8          4          0          0          0          0   entry2.o
         4          0          0          0          0          0   entry5.o
         0          0          0          0          0          0   entry7b.o
         0          0          0          0          0          0   entry8b.o
         8          4          0          0          0          0   entry9a.o
        30          0          0          0          0          0   handlers.o
        36          8          0          0          0         68   init.o
         0          0          0          0          0          0   iusefp.o
        30          0          0          0          0         68   llshl.o
        36          0          0          0          0         68   llsshr.o
        32          0          0          0          0         68   llushr.o
      2232         86          0          0          0        528   printfa.o
        44          0          0          0          0         80   uidiv.o
        98          0          0          0          0         92   uldiv.o
        48          0          0          0          0         68   cdrcmple.o
       334          0          0          0          0        148   dadd.o
       222          0          0          0          0        100   ddiv.o
       186          0          0          0          0        176   depilogue.o
        50          0          0          0          0         76   dfixui.o
        48          0          0          0          0         68   dfixul.o
       228          0          0          0          0         96   dmul.o
        38          0          0          0          0         68   f2d.o

    ----------------------------------------------------------------------
      3720        102          0          0          0       1772   Library Totals
         4          0          0          0          0          0   (incl. Padding)

    ----------------------------------------------------------------------

      Code (inc. data)   RO Data    RW Data    ZI Data      Debug   Library Name

      2562        102          0          0          0        972   mc_w.l
      1154          0          0          0          0        800   mf_w.l

    ----------------------------------------------------------------------
      3720        102          0          0          0       1772   Library Totals

    ----------------------------------------------------------------------

==============================================================================


      Code (inc. data)   RO Data    RW Data    ZI Data      Debug   

      8744        506        360         52      19996     603661   Grand Totals
      8744        506        360         52      19996     603661   ELF Image Totals
      8744        506        360         52          0          0   ROM Totals

==============================================================================

    Total RO  Size (Code + RO Data)                 9104 (   8.89kB)
    Total RW  Size (RW Data + ZI Data)             20048 (  19.58kB)
    Total ROM Size (Code + RO Data + RW Data)       9156 (   8.94kB)

==============================================================================

