<html>
<body>
<pre>
<h1>礦ision Build Log</h1>
<h2>Tool Versions:</h2>
IDE-Version: μVision V5.36.0.0
Copyright (C) 2021 ARM Ltd and ARM Germany GmbH. All rights reserved.
License Information: 1 Hank Feng, 1, LIC=EPPLD-8PKCJ-SGL7K-ZG4B1-S74G5-KPRTI
 
Tool Versions:
Toolchain:       MDK-ARM Professional  Version: 5.36.0.0
Toolchain Path:  E:\Keil-v5\ARM\ARMCC\Bin
C Compiler:      Armcc.exe V5.06 update 7 (build 960)
Assembler:       Armasm.exe V5.06 update 7 (build 960)
Linker/Locator:  ArmLink.exe V5.06 update 7 (build 960)
Library Manager: ArmAr.exe V5.06 update 7 (build 960)
Hex Converter:   FromElf.exe V5.06 update 7 (build 960)
CPU DLL:         SARMCM3.DLL V5.36.0.0
Dialog DLL:      DCM.DLL V1.17.3.0
Target DLL:      STLink\ST-LINKIII-KEIL_SWO.dll V3.0.9.0
Dialog DLL:      TCM.DLL V1.53.0.0
 
<h2>Project:</h2>
E:\diansaigit\disnsai\32\DS2\Project.uvprojx
Project File Date:  05/07/2025

<h2>Output:</h2>
*** Using Compiler 'V5.06 update 7 (build 960)', folder: 'E:\Keil-v5\ARM\ARMCC\Bin'
Rebuild target 'Target 1'
compiling Led.c...
Hardware\Led.c(52): warning:  #1-D: last line of file ends without a newline
  	
Hardware\Led.c: 1 warning, 0 errors
compiling Key.c...
compiling Beep.c...
compiling Timer.c...
compiling misc.c...
compiling Key_EXTI.c...
compiling PWM.c...
compiling Serial.c...
compiling SerialPackRT.c...
compiling OLED.c...
compiling AD9833.c...
compiling stm32f10x_adc.c...
compiling matrix_keypad.c...
Hardware\matrix_keypad.c(196): warning:  #111-D: statement is unreachable
  										key_pressed = 1; // Key_Pressed Flag NoIT_Version
Hardware\matrix_keypad.c: 1 warning, 0 errors
compiling AD9959.C...
compiling Timing Sampling.c...
compiling AD9959_Outset.c...
Hardware\AD9959_Outset.c(135): warning:  #177-D: variable "AmplitudeControldata"  was declared but never referenced
  	 uchar AmplitudeControldata[3] = {0x00,0x03,0xff};									//二级调制时启用，默认输出最大
Hardware\AD9959_Outset.c(218): warning:  #177-D: variable "AmplitudeControldata"  was declared but never referenced
  	 uchar AmplitudeControldata[3] = {0x00,0x03,0xff};									//四级调制时启用，默认输出最大
Hardware\AD9959_Outset.c(305): warning:  #177-D: variable "AmplitudeControldata"  was declared but never referenced
  	 uchar AmplitudeControldata[3] = {0x00,0x03,0xff};									//四级调制时启用，默认输出最大
Hardware\AD9959_Outset.c(412): warning:  #177-D: variable "AmplitudeControldata"  was declared but never referenced
  	 uchar AmplitudeControldata[3] = {0x00,0x03,0xff};									//八级调制时启用，默认输出最大
Hardware\AD9959_Outset.c(543): warning:  #177-D: variable "AmplitudeControldata"  was declared but never referenced
  	 uchar AmplitudeControldata[3] = {0x00,0x03,0xff};									//八级调制时启用，默认输出最大
Hardware\AD9959_Outset.c(674): warning:  #177-D: variable "AmplitudeControldata"  was declared but never referenced
  	 uchar AmplitudeControldata[3] = {0x00,0x03,0xff};									//八级调制时启用，默认输出最大
Hardware\AD9959_Outset.c(806): warning:  #177-D: variable "AmplitudeControldata"  was declared but never referenced
  	 uchar AmplitudeControldata[3] = {0x00,0x03,0xff};									//八级调制时启用，默认输出最大
Hardware\AD9959_Outset.c(978): warning:  #177-D: variable "AmplitudeControldata"  was declared but never referenced
  	 uchar AmplitudeControldata[3] = {0x00,0x03,0xff};									//十六级调制时启用，默认输出最大
Hardware\AD9959_Outset.c(1196): warning:  #177-D: variable "AmplitudeControldata"  was declared but never referenced
  	 uchar AmplitudeControldata[3] = {0x00,0x03,0xff};									//十六级调制时启用，默认输出最大
Hardware\AD9959_Outset.c(1415): warning:  #177-D: variable "AmplitudeControldata"  was declared but never referenced
  	 uchar AmplitudeControldata[3] = {0x00,0x03,0xff};									//十六级调制时启用，默认输出最大
Hardware\AD9959_Outset.c(1638): warning:  #177-D: variable "AmplitudeControldata"  was declared but never referenced
  	 uchar AmplitudeControldata[3] = {0x00,0x03,0xff};									//十六级调制时启用，默认输出最大
Hardware\AD9959_Outset.c: 11 warnings, 0 errors
compiling stm32f10x_bkp.c...
compiling stm32f10x_can.c...
compiling stm32f10x_cec.c...
compiling stm32f10x_dac.c...
compiling stm32f10x_crc.c...
compiling stm32f10x_dbgmcu.c...
compiling stm32f10x_dma.c...
compiling stm32f10x_exti.c...
compiling stm32f10x_flash.c...
compiling stm32f10x_pwr.c...
compiling stm32f10x_fsmc.c...
compiling stm32f10x_iwdg.c...
compiling stm32f10x_i2c.c...
compiling stm32f10x_gpio.c...
compiling stm32f10x_rcc.c...
assembling startup_stm32f10x_hd.s...
compiling stm32f10x_rtc.c...
assembling cr4_fft_256_stm32.s...
compiling core_cm3.c...
compiling stm32f10x_spi.c...
compiling stm32f10x_sdio.c...
assembling cr4_fft_1024_stm32.s...
compiling stm32f10x_wwdg.c...
compiling stm32f10x_tim.c...
compiling stm32f10x_usart.c...
compiling system_stm32f10x.c...
compiling Delay.c...
compiling stm32f10x_it.c...
compiling main.c...
compiling sys.c...
compiling check_err.c...
compiling RLCtest.c...
User\RLCtest.c(594): warning:  #177-D: variable "buf"  was declared but never referenced
  	u8 buf[20];
User\RLCtest.c: 1 warning, 0 errors
compiling tjc_usart_hmi.c...
compiling lcd.c...
linking...
Program Size: Code=19520 RO-data=424 RW-data=292 ZI-data=25340  
FromELF: creating hex file...
".\Objects\Project.axf" - 0 Error(s), 14 Warning(s).

<h2>Software Packages used:</h2>

Package Vendor: ARM
                http://www.keil.com/pack/ARM.CMSIS.5.7.0.pack
                ARM.CMSIS.5.7.0
                CMSIS (Cortex Microcontroller Software Interface Standard)
   * Component: CORE Version: 5.4.0
   * Component: DSP Variant: Library Version: 1.8.0

Package Vendor: Keil
                http://www.keil.com/pack/Keil.STM32F1xx_DFP.2.3.0.pack
                Keil.STM32F1xx_DFP.2.3.0
                STMicroelectronics STM32F1 Series Device Support, Drivers and Examples

<h2>Collection of Component include folders:</h2>
  .\RTE\_Target_1
  E:\Keil-v5\Arm\Packs\ARM\CMSIS\5.7.0\CMSIS\Core\Include
  E:\Keil-v5\Arm\Packs\ARM\CMSIS\5.7.0\CMSIS\DSP\Include
  E:\Keil-v5\Arm\Packs\Keil\STM32F1xx_DFP\2.3.0\Device\Include

<h2>Collection of Component Files used:</h2>

   * Component: ARM::CMSIS:CORE:5.4.0

   * Component: ARM::CMSIS:DSP:Library:1.8.0
      Library file:  CMSIS\DSP\Lib\ARM\arm_cortexM3l_math.lib
      Include file:  CMSIS\DSP\Include\arm_math.h
Build Time Elapsed:  00:00:03
</pre>
</body>
</html>
